01-30 22:42:13.150 I/hwservicemanager(  621): getTransport: Cannot find entry android.hardware.dumpstate@1.1::IDumpstateDevice/default in either framework or device VINTF manifest.
01-30 22:42:13.150 I/hwservicemanager(  621): getTransport: Cannot find entry android.hardware.dumpstate@1.0::IDumpstateDevice/default in either framework or device VINTF manifest.
01-30 22:42:13.150 D/AbstractBtDlgCtr(21710): Unable to get current config index. Current codec Config is null.
01-30 22:42:13.151 D/AbstractBtDlgCtr(21710): Unable to get current config index. Current codec Config is null.
01-30 22:42:13.151 D/AbstractBtDlgCtr(21710): Unable to get current config index. Current codec Config is null.
01-30 22:42:13.152 W/SharedPreferencesLogger(21710): Tried to log unloggable object=hide
01-30 22:42:13.153 W/SharedPreferencesLogger(21710): Tried to log unloggable object=map12
01-30 22:42:13.154 W/SharedPreferencesLogger(21710): Tried to log unloggable object=disabled
01-30 22:42:13.155 W/SharedPreferencesLogger(21710): Tried to log unloggable object=package_device_default
01-30 22:42:13.155 D/AbstractBtDlgCtr(21710): Unable to get current config index. Current codec Config is null.
01-30 22:42:13.159 W/SharedPreferencesLogger(21710): Tried to log unloggable object=false
01-30 22:42:13.160 D/CategoryMixin(21710): Skip categories update
01-30 22:42:13.186 D/CoreBackPreview( 1697): Window{698a5fc u0 com.android.settings/com.android.settings.Settings$DevelopmentSettingsDashboardActivity}: Setting back callback OnBackInvokedCallbackInfo{mCallback=android.window.IOnBackInvokedCallback$Stub$Proxy@6e2930b, mPriority=0}
01-30 22:42:13.186 W/audio_hw_primary(  959): out_write: underrun(16) frames_by_time(903) > out->last_fifo_frames_remaining(192)
01-30 22:42:13.191 W/audio_hw_primary(  959): out_write: underrun(17) frames_by_time(1107) > out->last_fifo_frames_remaining(384)
01-30 22:42:13.203 I/ProcessStatsService( 1697): Added stats: 2023-01-30-20-14-02, over +2h6m41s335ms
01-30 22:42:13.208 W/SparseMappingTable(21710): Invalid stats at index 0 -- SparseMappingTable.Table{mSequence=1 mParent.mSequence=1 mParent.mLongs.size()=3 mSize=7 mTable=[0xf/0x3/0x0, 0x41/0x3/0x1, 0x44/0x3/0x2, 0x49/0x3/0x3, 0x4c/0x3/0x4, 0x4d/0x3/0x5, 0x4f/0x3/0x6] clazz=com.android.internal.app.procstats.DurationsTable}
01-30 22:42:13.213 E/OpenGLRenderer(21710): Unable to match the desired swap behavior.
01-30 22:42:13.224 W/Parcel  (21710): Expecting binder but got null!
01-30 22:42:13.224 D/BluetoothA2dp(21710): Proxy object connected
01-30 22:42:13.224 D/BluetoothAdapter(21710): getActiveDevices(profile= A2DP)
01-30 22:42:13.225 I/BluetoothAdapterService( 2670): getActiveDevices: A2dp device: null
01-30 22:42:13.226 D/AbstractBtDlgCtr(21710): Unable to get current codec config. No active device.
01-30 22:42:13.226 D/AbstractBtDlgCtr(21710): Unable to get current config index. Current codec Config is null.
01-30 22:42:13.226 D/BluetoothAdapter(21710): getActiveDevices(profile= A2DP)
01-30 22:42:13.226 I/BluetoothAdapterService( 2670): getActiveDevices: A2dp device: null
01-30 22:42:13.227 D/AbstractBtDlgCtr(21710): Unable to get current codec config. No active device.
01-30 22:42:13.227 D/BluetoothAdapter(21710): getActiveDevices(profile= A2DP)
01-30 22:42:13.229 I/ActivityTaskManager( 1697): Displayed com.android.settings/.Settings$DevelopmentSettingsDashboardActivity: +219ms
01-30 22:42:13.229 I/ActivityTaskManager( 1697): Fully drawn com.android.settings/.Settings$DevelopmentSettingsDashboardActivity: +219ms
01-30 22:42:13.231 I/BluetoothAdapterService( 2670): getActiveDevices: A2dp device: null
01-30 22:42:13.231 D/AbstractBtDlgCtr(21710): Unable to get current codec config. No active device.
01-30 22:42:13.231 D/AbstractBtDlgCtr(21710): Unable to get current config index. Current codec Config is null.
01-30 22:42:13.231 D/BluetoothAdapter(21710): getActiveDevices(profile= A2DP)
01-30 22:42:13.231 I/BluetoothAdapterService( 2670): getActiveDevices: A2dp device: null
01-30 22:42:13.232 D/AbstractBtDlgCtr(21710): Unable to get current codec config. No active device.
01-30 22:42:13.232 D/BluetoothAdapter(21710): getActiveDevices(profile= A2DP)
01-30 22:42:13.233 I/BluetoothAdapterService( 2670): getActiveDevices: A2dp device: null
01-30 22:42:13.233 D/AbstractBtDlgCtr(21710): Unable to get current codec config. No active device.
01-30 22:42:13.233 D/AbstractBtDlgCtr(21710): Unable to get current config index. Current codec Config is null.
01-30 22:42:13.233 D/BluetoothAdapter(21710): getActiveDevices(profile= A2DP)
01-30 22:42:13.233 I/BluetoothAdapterService( 2670): getActiveDevices: A2dp device: null
01-30 22:42:13.234 D/AbstractBtDlgCtr(21710): Unable to get current codec config. No active device.
01-30 22:42:13.234 D/BluetoothAdapter(21710): getActiveDevices(profile= A2DP)
01-30 22:42:13.234 I/BluetoothAdapterService( 2670): getActiveDevices: A2dp device: null
01-30 22:42:13.234 D/AbstractBtDlgCtr(21710): Unable to get current codec config. No active device.
01-30 22:42:13.234 D/AbstractBtDlgCtr(21710): Unable to get current config index. Current codec Config is null.
01-30 22:42:13.235 D/BluetoothAdapter(21710): getActiveDevices(profile= A2DP)
01-30 22:42:13.235 I/BluetoothAdapterService( 2670): getActiveDevices: A2dp device: null
01-30 22:42:13.236 D/AbstractBtDlgCtr(21710): Unable to get current codec config. No active device.
01-30 22:42:13.236 D/BluetoothAdapter(21710): getActiveDevices(profile= A2DP)
01-30 22:42:13.237 I/BluetoothAdapterService( 2670): getActiveDevices: A2dp device: null
01-30 22:42:13.237 D/AbstractBtDlgCtr(21710): Unable to get current codec config. No active device.
01-30 22:42:13.237 D/BluetoothAdapter(21710): getActiveDevices(profile= A2DP)
01-30 22:42:13.239 I/BluetoothAdapterService( 2670): getActiveDevices: A2dp device: null
01-30 22:42:13.239 D/AbstractBtDlgCtr(21710): Unable to get current codec config. No active device.
01-30 22:42:13.240 D/AbstractBtDlgCtr(21710): Unable to get current config index. Current codec Config is null.
01-30 22:42:13.240 D/BluetoothAdapter(21710): getActiveDevices(profile= A2DP)
01-30 22:42:13.240 I/BluetoothAdapterService( 2670): getActiveDevices: A2dp device: null
01-30 22:42:13.241 D/AbstractBtDlgCtr(21710): Unable to get current codec config. No active device.
01-30 22:42:13.241 D/BluetoothAdapter(21710): getActiveDevices(profile= A2DP)
01-30 22:42:13.241 I/BluetoothAdapterService( 2670): getActiveDevices: A2dp device: null
01-30 22:42:13.241 E/BtHDAudioCtr(21710): Active device is null. To disable HD audio button
01-30 22:42:13.253 I/GoogleInputMethodService( 3351): GoogleInputMethodService.onFinishInput():3227 
01-30 22:42:13.254 D/QCNEJ/WlanStaInfoRelay( 2736): Received action: android.net.wifi.RSSI_CHANGED
01-30 22:42:13.257 I/GoogleInputMethodService( 3351): GoogleInputMethodService.updateDeviceLockedStatus():2087 repeatCheckTimes = 0, unlocked = true
01-30 22:42:13.257 I/GoogleInputMethodService( 3351): GoogleInputMethodService.onStartInput():1877 onStartInput(EditorInfo{inputType=0x0(NULL) imeOptions=0x0 privateImeOptions=null actionName=UNSPECIFIED actionLabel=null actionId=0 initialSelStart=-1 initialSelEnd=-1 initialCapsMode=0x0 hintText=null label=null packageName=com.android.settings fieldId=-1 fieldName=null extras=null}, false)
01-30 22:42:13.257 I/GoogleInputMethodService( 3351): GoogleInputMethodService.shouldHideHeaderOnInitialState():4008 ShouldHideHeaderOnInitialState = false
01-30 22:42:13.258 I/GoogleInputMethodService( 3351): GoogleInputMethodService.updateDeviceLockedStatus():2087 repeatCheckTimes = 2, unlocked = true
01-30 22:42:13.273 W/libperfmgr(  723): Failed to write to node: /sys/class/devfreq/soc:qcom,cpu-cpu-llcc-bw/bw_hwmon/hyst_trigger_count with value: 0, fd: -1
01-30 22:42:13.273 W/libperfmgr(  723): Failed to write to node: /sys/class/devfreq/soc:qcom,cpu-cpu-llcc-bw/bw_hwmon/hist_memory with value: 0, fd: -1
01-30 22:42:13.273 W/libperfmgr(  723): Failed to write to node: /sys/class/devfreq/soc:qcom,cpu-cpu-llcc-bw/bw_hwmon/hyst_length with value: 0, fd: -1
01-30 22:42:13.273 W/libperfmgr(  723): Failed to write to node: /sys/class/devfreq/soc:qcom,cpu-cpu-llcc-bw/bw_hwmon/sample_ms with value: 4, fd: -1
01-30 22:42:13.273 W/libperfmgr(  723): Failed to write to node: /sys/class/devfreq/soc:qcom,cpu-cpu-llcc-bw/bw_hwmon/io_percent with value: 34, fd: -1
01-30 22:42:13.273 W/libperfmgr(  723): Failed to write to node: /sys/class/devfreq/soc:qcom,cpu-llcc-ddr-bw/bw_hwmon/sample_ms with value: 4, fd: -1
01-30 22:42:13.273 W/libperfmgr(  723): Failed to write to node: /sys/class/devfreq/soc:qcom,cpu-llcc-ddr-bw/bw_hwmon/hyst_length with value: 10, fd: -1
01-30 22:42:13.273 W/libperfmgr(  723): Failed to write to node: /sys/class/devfreq/soc:qcom,cpu-llcc-ddr-bw/bw_hwmon/hyst_trigger_count with value: 3, fd: -1
01-30 22:42:13.450 D/DlbDap2Process(  959): process() called [90000] times with input channel mask 0x3 (ProcessingMode=1)
01-30 22:42:13.504 D/CoreBackPreview( 1697): Window{99f44cb u0 Splash Screen com.android.settings EXITING}: Setting back callback null
01-30 22:42:13.505 W/InputManager-JNI( 1697): Input channel object '99f44cb Splash Screen com.android.settings (client)' was disposed without first being removed with the input manager!
01-30 22:42:13.558 W/libperfmgr(  723): Failed to write to node: /sys/class/devfreq/soc:qcom,cpu-cpu-llcc-bw/bw_hwmon/hyst_trigger_count with value: 0, fd: -1
01-30 22:42:13.558 W/libperfmgr(  723): Failed to write to node: /sys/class/devfreq/soc:qcom,cpu-cpu-llcc-bw/bw_hwmon/hist_memory with value: 0, fd: -1
01-30 22:42:13.558 W/libperfmgr(  723): Failed to write to node: /sys/class/devfreq/soc:qcom,cpu-cpu-llcc-bw/bw_hwmon/hyst_length with value: 0, fd: -1
01-30 22:42:13.558 W/libperfmgr(  723): Failed to write to node: /sys/class/devfreq/soc:qcom,cpu-cpu-llcc-bw/bw_hwmon/sample_ms with value: 4, fd: -1
01-30 22:42:13.558 W/libperfmgr(  723): Failed to write to node: /sys/class/devfreq/soc:qcom,cpu-cpu-llcc-bw/bw_hwmon/io_percent with value: 34, fd: -1
01-30 22:42:13.558 W/libperfmgr(  723): Failed to write to node: /sys/class/devfreq/soc:qcom,cpu-llcc-ddr-bw/bw_hwmon/sample_ms with value: 4, fd: -1
01-30 22:42:13.558 W/libperfmgr(  723): Failed to write to node: /sys/class/devfreq/soc:qcom,cpu-llcc-ddr-bw/bw_hwmon/hyst_length with value: 10, fd: -1
01-30 22:42:13.559 W/libperfmgr(  723): Failed to write to node: /sys/class/devfreq/soc:qcom,cpu-llcc-ddr-bw/bw_hwmon/hyst_trigger_count with value: 3, fd: -1
01-30 22:42:13.792 W/libperfmgr(  723): Failed to write to node: /sys/class/devfreq/soc:qcom,cpu-cpu-llcc-bw/bw_hwmon/hyst_trigger_count with value: 3, fd: -1
01-30 22:42:13.792 W/libperfmgr(  723): Failed to write to node: /sys/class/devfreq/soc:qcom,cpu-cpu-llcc-bw/bw_hwmon/hist_memory with value: 20, fd: -1
01-30 22:42:13.792 W/libperfmgr(  723): Failed to write to node: /sys/class/devfreq/soc:qcom,cpu-cpu-llcc-bw/bw_hwmon/hyst_length with value: 10, fd: -1
01-30 22:42:13.792 W/libperfmgr(  723): Failed to write to node: /sys/class/devfreq/soc:qcom,cpu-cpu-llcc-bw/bw_hwmon/sample_ms with value: 4, fd: -1
01-30 22:42:13.792 W/libperfmgr(  723): Failed to write to node: /sys/class/devfreq/soc:qcom,cpu-cpu-llcc-bw/bw_hwmon/io_percent with value: 34, fd: -1
01-30 22:42:13.792 W/libperfmgr(  723): Failed to write to node: /sys/class/devfreq/soc:qcom,cpu-llcc-ddr-bw/bw_hwmon/sample_ms with value: 4, fd: -1
01-30 22:42:13.792 W/libperfmgr(  723): Failed to write to node: /sys/class/devfreq/soc:qcom,cpu-llcc-ddr-bw/bw_hwmon/hyst_length with value: 10, fd: -1
01-30 22:42:13.792 W/libperfmgr(  723): Failed to write to node: /sys/class/devfreq/soc:qcom,cpu-llcc-ddr-bw/bw_hwmon/hyst_trigger_count with value: 3, fd: -1
01-30 22:42:14.013 W/libperfmgr(  723): Failed to write to node: /sys/class/devfreq/soc:qcom,cpu-cpu-llcc-bw/bw_hwmon/hyst_trigger_count with value: 0, fd: -1
01-30 22:42:14.013 W/libperfmgr(  723): Failed to write to node: /sys/class/devfreq/soc:qcom,cpu-cpu-llcc-bw/bw_hwmon/hist_memory with value: 0, fd: -1
01-30 22:42:14.013 W/libperfmgr(  723): Failed to write to node: /sys/class/devfreq/soc:qcom,cpu-cpu-llcc-bw/bw_hwmon/hyst_length with value: 0, fd: -1
01-30 22:42:14.013 W/libperfmgr(  723): Failed to write to node: /sys/class/devfreq/soc:qcom,cpu-cpu-llcc-bw/bw_hwmon/sample_ms with value: 4, fd: -1
01-30 22:42:14.013 W/libperfmgr(  723): Failed to write to node: /sys/class/devfreq/soc:qcom,cpu-cpu-llcc-bw/bw_hwmon/io_percent with value: 34, fd: -1
01-30 22:42:14.013 W/libperfmgr(  723): Failed to write to node: /sys/class/devfreq/soc:qcom,cpu-llcc-ddr-bw/bw_hwmon/sample_ms with value: 4, fd: -1
01-30 22:42:14.013 W/libperfmgr(  723): Failed to write to node: /sys/class/devfreq/soc:qcom,cpu-llcc-ddr-bw/bw_hwmon/hyst_length with value: 10, fd: -1
01-30 22:42:14.013 W/libperfmgr(  723): Failed to write to node: /sys/class/devfreq/soc:qcom,cpu-llcc-ddr-bw/bw_hwmon/hyst_trigger_count with value: 3, fd: -1
01-30 22:42:14.514 W/libperfmgr(  723): Failed to write to node: /sys/class/devfreq/soc:qcom,cpu-cpu-llcc-bw/bw_hwmon/hyst_trigger_count with value: 0, fd: -1
01-30 22:42:14.514 W/libperfmgr(  723): Failed to write to node: /sys/class/devfreq/soc:qcom,cpu-cpu-llcc-bw/bw_hwmon/hist_memory with value: 0, fd: -1
01-30 22:42:14.514 W/libperfmgr(  723): Failed to write to node: /sys/class/devfreq/soc:qcom,cpu-cpu-llcc-bw/bw_hwmon/hyst_length with value: 0, fd: -1
01-30 22:42:14.514 W/libperfmgr(  723): Failed to write to node: /sys/class/devfreq/soc:qcom,cpu-cpu-llcc-bw/bw_hwmon/sample_ms with value: 4, fd: -1
01-30 22:42:14.514 W/libperfmgr(  723): Failed to write to node: /sys/class/devfreq/soc:qcom,cpu-cpu-llcc-bw/bw_hwmon/io_percent with value: 34, fd: -1
01-30 22:42:14.514 W/libperfmgr(  723): Failed to write to node: /sys/class/devfreq/soc:qcom,cpu-llcc-ddr-bw/bw_hwmon/sample_ms with value: 4, fd: -1
01-30 22:42:14.514 W/libperfmgr(  723): Failed to write to node: /sys/class/devfreq/soc:qcom,cpu-llcc-ddr-bw/bw_hwmon/hyst_length with value: 10, fd: -1
01-30 22:42:14.514 W/libperfmgr(  723): Failed to write to node: /sys/class/devfreq/soc:qcom,cpu-llcc-ddr-bw/bw_hwmon/hyst_trigger_count with value: 3, fd: -1
01-30 22:42:15.012 W/libperfmgr(  723): Failed to write to node: /sys/class/devfreq/soc:qcom,cpu-cpu-llcc-bw/bw_hwmon/hyst_trigger_count with value: 0, fd: -1
01-30 22:42:15.012 W/libperfmgr(  723): Failed to write to node: /sys/class/devfreq/soc:qcom,cpu-cpu-llcc-bw/bw_hwmon/hist_memory with value: 0, fd: -1
01-30 22:42:15.012 W/libperfmgr(  723): Failed to write to node: /sys/class/devfreq/soc:qcom,cpu-cpu-llcc-bw/bw_hwmon/hyst_length with value: 0, fd: -1
01-30 22:42:15.012 W/libperfmgr(  723): Failed to write to node: /sys/class/devfreq/soc:qcom,cpu-cpu-llcc-bw/bw_hwmon/sample_ms with value: 4, fd: -1
01-30 22:42:15.012 W/libperfmgr(  723): Failed to write to node: /sys/class/devfreq/soc:qcom,cpu-cpu-llcc-bw/bw_hwmon/io_percent with value: 34, fd: -1
01-30 22:42:15.012 W/libperfmgr(  723): Failed to write to node: /sys/class/devfreq/soc:qcom,cpu-llcc-ddr-bw/bw_hwmon/sample_ms with value: 4, fd: -1
01-30 22:42:15.012 W/libperfmgr(  723): Failed to write to node: /sys/class/devfreq/soc:qcom,cpu-llcc-ddr-bw/bw_hwmon/hyst_length with value: 10, fd: -1
01-30 22:42:15.012 W/libperfmgr(  723): Failed to write to node: /sys/class/devfreq/soc:qcom,cpu-llcc-ddr-bw/bw_hwmon/hyst_trigger_count with value: 3, fd: -1
01-30 22:42:15.495 W/libperfmgr(  723): Failed to write to node: /sys/class/devfreq/soc:qcom,cpu-cpu-llcc-bw/bw_hwmon/hyst_trigger_count with value: 3, fd: -1
01-30 22:42:15.495 W/libperfmgr(  723): Failed to write to node: /sys/class/devfreq/soc:qcom,cpu-cpu-llcc-bw/bw_hwmon/hist_memory with value: 20, fd: -1
01-30 22:42:15.495 W/libperfmgr(  723): Failed to write to node: /sys/class/devfreq/soc:qcom,cpu-cpu-llcc-bw/bw_hwmon/hyst_length with value: 10, fd: -1
01-30 22:42:15.495 W/libperfmgr(  723): Failed to write to node: /sys/class/devfreq/soc:qcom,cpu-cpu-llcc-bw/bw_hwmon/sample_ms with value: 4, fd: -1
01-30 22:42:15.495 W/libperfmgr(  723): Failed to write to node: /sys/class/devfreq/soc:qcom,cpu-cpu-llcc-bw/bw_hwmon/io_percent with value: 34, fd: -1
01-30 22:42:15.495 W/libperfmgr(  723): Failed to write to node: /sys/class/devfreq/soc:qcom,cpu-llcc-ddr-bw/bw_hwmon/sample_ms with value: 4, fd: -1
01-30 22:42:15.495 W/libperfmgr(  723): Failed to write to node: /sys/class/devfreq/soc:qcom,cpu-llcc-ddr-bw/bw_hwmon/hyst_length with value: 10, fd: -1
01-30 22:42:15.495 W/libperfmgr(  723): Failed to write to node: /sys/class/devfreq/soc:qcom,cpu-llcc-ddr-bw/bw_hwmon/hyst_trigger_count with value: 3, fd: -1
01-30 22:42:15.942 W/libperfmgr(  723): Failed to write to node: /sys/class/devfreq/soc:qcom,cpu-cpu-llcc-bw/bw_hwmon/hyst_trigger_count with value: 0, fd: -1
01-30 22:42:15.942 W/libperfmgr(  723): Failed to write to node: /sys/class/devfreq/soc:qcom,cpu-cpu-llcc-bw/bw_hwmon/hist_memory with value: 0, fd: -1
01-30 22:42:15.942 W/libperfmgr(  723): Failed to write to node: /sys/class/devfreq/soc:qcom,cpu-cpu-llcc-bw/bw_hwmon/hyst_length with value: 0, fd: -1
01-30 22:42:15.942 W/libperfmgr(  723): Failed to write to node: /sys/class/devfreq/soc:qcom,cpu-cpu-llcc-bw/bw_hwmon/sample_ms with value: 4, fd: -1
01-30 22:42:15.942 W/libperfmgr(  723): Failed to write to node: /sys/class/devfreq/soc:qcom,cpu-cpu-llcc-bw/bw_hwmon/io_percent with value: 34, fd: -1
01-30 22:42:15.942 W/libperfmgr(  723): Failed to write to node: /sys/class/devfreq/soc:qcom,cpu-llcc-ddr-bw/bw_hwmon/sample_ms with value: 4, fd: -1
01-30 22:42:15.942 W/libperfmgr(  723): Failed to write to node: /sys/class/devfreq/soc:qcom,cpu-llcc-ddr-bw/bw_hwmon/hyst_length with value: 10, fd: -1
01-30 22:42:15.942 W/libperfmgr(  723): Failed to write to node: /sys/class/devfreq/soc:qcom,cpu-llcc-ddr-bw/bw_hwmon/hyst_trigger_count with value: 3, fd: -1
01-30 22:42:16.106 D/audio_hw_primary(  959): out_standby: enter: stream (0xed2c64c0) usecase(1: low-latency-playback)
01-30 22:42:16.242 D/audio_hw_primary(  959): stop_output_stream: enter: usecase(1: low-latency-playback)
01-30 22:42:16.242 V/send_data_to_xlog(  959): send_audio_bigdata_to_xlog
01-30 22:42:16.242 D/audio_hw_primary(  959): disable_audio_route: reset and update mixer path: low-latency-playback speaker
01-30 22:42:16.242 D/audio_hw_primary(  959): [force reset] del low-latency-playback speaker 1
01-30 22:42:16.242 E/soundtrigger(  959): audio_extn_sound_trigger_update_stream_status: invalid input device 0x0, for event 2
01-30 22:42:16.242 D/soundtrigger(  959): audio_extn_sound_trigger_update_stream_status: uc_info->id 1 of type 0 for Event 2, with Raise=0
01-30 22:42:16.242 D/msm8974_platform(  959): platform_split_snd_device: snd_device(2) num devices(0) new_snd_devices(0)
01-30 22:42:16.242 I/msm8974_platform(  959): platform_get_custom_mtmx_params: no matching param with id 0 ip_ch 2 op_ch 2 uc_id 1 snd_dev 2
01-30 22:42:16.242 D/hardware_info(  959): hw_info_append_hw_type : device_name = speaker
01-30 22:42:16.242 D/audio_hw_primary(  959): disable_snd_device: device ref cnt is 1[2]
01-30 22:42:16.242 D/audio_hw_primary(  959): disable_snd_device: snd_device(2: speaker)[SND_DEVICE_OUT_SPEAKER]
01-30 22:42:16.242 D/msm8974_platform(  959): platform_split_snd_device: snd_device(2) num devices(0) new_snd_devices(0)
01-30 22:42:16.248 D/hardware_info(  959): hw_info_append_hw_type : device_name = vi-feedback
01-30 22:42:16.248 D/audio_hw_primary(  959): disable_snd_device: device ref cnt is 1[253]
01-30 22:42:16.248 D/audio_hw_primary(  959): disable_snd_device: snd_device(253: vi-feedback)[SND_DEVICE_IN_CAPTURE_VI_FEEDBACK]
01-30 22:42:16.248 D/msm8974_platform(  959): platform_split_snd_device: snd_device(253) num devices(0) new_snd_devices(0)
01-30 22:42:16.248 I/soundtrigger(  959): audio_extn_sound_trigger_update_device_status: device 0xfd of type 1 for Event 0, with Raise=0
01-30 22:42:16.248 D/audio_hw_primary(  959): disable_audio_route: reset and update mixer path: spkr-vi-record
01-30 22:42:16.248 D/audio_hw_primary(  959): [force reset] del spkr-vi-record 1
01-30 22:42:16.248 D/soundtrigger(  959): audio_extn_sound_trigger_update_stream_status: uc_info->id 53 of type 1 for Event 2, with Raise=0
01-30 22:42:16.248 I/soundtrigger(  959): audio_extn_sound_trigger_update_device_status: device 0x2 of type 0 for Event 0, with Raise=0
01-30 22:42:16.248 D/audio_hw_primary(  959): stop_output_stream: exit: status(0)
01-30 22:42:16.248 D/audio_hw_primary(  959): out_standby: exit
01-30 22:42:16.262 D/QCNEJ/WlanStaInfoRelay( 2736): Received action: android.net.wifi.RSSI_CHANGED
01-30 22:42:16.442 W/libperfmgr(  723): Failed to write to node: /sys/class/devfreq/soc:qcom,cpu-cpu-llcc-bw/bw_hwmon/hyst_trigger_count with value: 0, fd: -1
01-30 22:42:16.442 W/libperfmgr(  723): Failed to write to node: /sys/class/devfreq/soc:qcom,cpu-cpu-llcc-bw/bw_hwmon/hist_memory with value: 0, fd: -1
01-30 22:42:16.442 W/libperfmgr(  723): Failed to write to node: /sys/class/devfreq/soc:qcom,cpu-cpu-llcc-bw/bw_hwmon/hyst_length with value: 0, fd: -1
01-30 22:42:16.442 W/libperfmgr(  723): Failed to write to node: /sys/class/devfreq/soc:qcom,cpu-cpu-llcc-bw/bw_hwmon/sample_ms with value: 4, fd: -1
01-30 22:42:16.442 W/libperfmgr(  723): Failed to write to node: /sys/class/devfreq/soc:qcom,cpu-cpu-llcc-bw/bw_hwmon/io_percent with value: 34, fd: -1
01-30 22:42:16.442 W/libperfmgr(  723): Failed to write to node: /sys/class/devfreq/soc:qcom,cpu-llcc-ddr-bw/bw_hwmon/sample_ms with value: 4, fd: -1
01-30 22:42:16.442 W/libperfmgr(  723): Failed to write to node: /sys/class/devfreq/soc:qcom,cpu-llcc-ddr-bw/bw_hwmon/hyst_length with value: 10, fd: -1
01-30 22:42:16.443 W/libperfmgr(  723): Failed to write to node: /sys/class/devfreq/soc:qcom,cpu-llcc-ddr-bw/bw_hwmon/hyst_trigger_count with value: 3, fd: -1
01-30 22:42:16.941 W/libperfmgr(  723): Failed to write to node: /sys/class/devfreq/soc:qcom,cpu-cpu-llcc-bw/bw_hwmon/hyst_trigger_count with value: 0, fd: -1
01-30 22:42:16.941 W/libperfmgr(  723): Failed to write to node: /sys/class/devfreq/soc:qcom,cpu-cpu-llcc-bw/bw_hwmon/hist_memory with value: 0, fd: -1
01-30 22:42:16.941 W/libperfmgr(  723): Failed to write to node: /sys/class/devfreq/soc:qcom,cpu-cpu-llcc-bw/bw_hwmon/hyst_length with value: 0, fd: -1
01-30 22:42:16.941 W/libperfmgr(  723): Failed to write to node: /sys/class/devfreq/soc:qcom,cpu-cpu-llcc-bw/bw_hwmon/sample_ms with value: 4, fd: -1
01-30 22:42:16.941 W/libperfmgr(  723): Failed to write to node: /sys/class/devfreq/soc:qcom,cpu-cpu-llcc-bw/bw_hwmon/io_percent with value: 34, fd: -1
01-30 22:42:16.941 W/libperfmgr(  723): Failed to write to node: /sys/class/devfreq/soc:qcom,cpu-llcc-ddr-bw/bw_hwmon/sample_ms with value: 4, fd: -1
01-30 22:42:16.941 W/libperfmgr(  723): Failed to write to node: /sys/class/devfreq/soc:qcom,cpu-llcc-ddr-bw/bw_hwmon/hyst_length with value: 10, fd: -1
01-30 22:42:16.941 W/libperfmgr(  723): Failed to write to node: /sys/class/devfreq/soc:qcom,cpu-llcc-ddr-bw/bw_hwmon/hyst_trigger_count with value: 3, fd: -1
01-30 22:42:17.005 W/libperfmgr(  723): Failed to write to node: /sys/class/devfreq/soc:qcom,cpu-cpu-llcc-bw/bw_hwmon/hyst_trigger_count with value: 3, fd: -1
01-30 22:42:17.005 W/libperfmgr(  723): Failed to write to node: /sys/class/devfreq/soc:qcom,cpu-cpu-llcc-bw/bw_hwmon/hist_memory with value: 20, fd: -1
01-30 22:42:17.005 W/libperfmgr(  723): Failed to write to node: /sys/class/devfreq/soc:qcom,cpu-cpu-llcc-bw/bw_hwmon/hyst_length with value: 10, fd: -1
01-30 22:42:17.005 W/libperfmgr(  723): Failed to write to node: /sys/class/devfreq/soc:qcom,cpu-cpu-llcc-bw/bw_hwmon/sample_ms with value: 4, fd: -1
01-30 22:42:17.005 W/libperfmgr(  723): Failed to write to node: /sys/class/devfreq/soc:qcom,cpu-cpu-llcc-bw/bw_hwmon/io_percent with value: 34, fd: -1
01-30 22:42:17.005 W/libperfmgr(  723): Failed to write to node: /sys/class/devfreq/soc:qcom,cpu-llcc-ddr-bw/bw_hwmon/sample_ms with value: 4, fd: -1
01-30 22:42:17.005 W/libperfmgr(  723): Failed to write to node: /sys/class/devfreq/soc:qcom,cpu-llcc-ddr-bw/bw_hwmon/hyst_length with value: 10, fd: -1
01-30 22:42:17.005 W/libperfmgr(  723): Failed to write to node: /sys/class/devfreq/soc:qcom,cpu-llcc-ddr-bw/bw_hwmon/hyst_trigger_count with value: 3, fd: -1
01-30 22:42:17.506 W/libperfmgr(  723): Failed to write to node: /sys/class/devfreq/soc:qcom,cpu-cpu-llcc-bw/bw_hwmon/hyst_trigger_count with value: 3, fd: -1
01-30 22:42:17.506 W/libperfmgr(  723): Failed to write to node: /sys/class/devfreq/soc:qcom,cpu-cpu-llcc-bw/bw_hwmon/hist_memory with value: 20, fd: -1
01-30 22:42:17.506 W/libperfmgr(  723): Failed to write to node: /sys/class/devfreq/soc:qcom,cpu-cpu-llcc-bw/bw_hwmon/hyst_length with value: 10, fd: -1
01-30 22:42:17.506 W/libperfmgr(  723): Failed to write to node: /sys/class/devfreq/soc:qcom,cpu-cpu-llcc-bw/bw_hwmon/sample_ms with value: 4, fd: -1
01-30 22:42:17.506 W/libperfmgr(  723): Failed to write to node: /sys/class/devfreq/soc:qcom,cpu-cpu-llcc-bw/bw_hwmon/io_percent with value: 34, fd: -1
01-30 22:42:17.506 W/libperfmgr(  723): Failed to write to node: /sys/class/devfreq/soc:qcom,cpu-llcc-ddr-bw/bw_hwmon/sample_ms with value: 4, fd: -1
01-30 22:42:17.506 W/libperfmgr(  723): Failed to write to node: /sys/class/devfreq/soc:qcom,cpu-llcc-ddr-bw/bw_hwmon/hyst_length with value: 10, fd: -1
01-30 22:42:17.507 W/libperfmgr(  723): Failed to write to node: /sys/class/devfreq/soc:qcom,cpu-llcc-ddr-bw/bw_hwmon/hyst_trigger_count with value: 3, fd: -1
01-30 22:42:18.007 W/libperfmgr(  723): Failed to write to node: /sys/class/devfreq/soc:qcom,cpu-cpu-llcc-bw/bw_hwmon/hyst_trigger_count with value: 3, fd: -1
01-30 22:42:18.008 W/libperfmgr(  723): Failed to write to node: /sys/class/devfreq/soc:qcom,cpu-cpu-llcc-bw/bw_hwmon/hist_memory with value: 20, fd: -1
01-30 22:42:18.008 W/libperfmgr(  723): Failed to write to node: /sys/class/devfreq/soc:qcom,cpu-cpu-llcc-bw/bw_hwmon/hyst_length with value: 10, fd: -1
01-30 22:42:18.008 W/libperfmgr(  723): Failed to write to node: /sys/class/devfreq/soc:qcom,cpu-cpu-llcc-bw/bw_hwmon/sample_ms with value: 4, fd: -1
01-30 22:42:18.008 W/libperfmgr(  723): Failed to write to node: /sys/class/devfreq/soc:qcom,cpu-cpu-llcc-bw/bw_hwmon/io_percent with value: 34, fd: -1
01-30 22:42:18.008 W/libperfmgr(  723): Failed to write to node: /sys/class/devfreq/soc:qcom,cpu-llcc-ddr-bw/bw_hwmon/sample_ms with value: 4, fd: -1
01-30 22:42:18.008 W/libperfmgr(  723): Failed to write to node: /sys/class/devfreq/soc:qcom,cpu-llcc-ddr-bw/bw_hwmon/hyst_length with value: 10, fd: -1
01-30 22:42:18.008 W/libperfmgr(  723): Failed to write to node: /sys/class/devfreq/soc:qcom,cpu-llcc-ddr-bw/bw_hwmon/hyst_trigger_count with value: 3, fd: -1
01-30 22:42:18.509 W/libperfmgr(  723): Failed to write to node: /sys/class/devfreq/soc:qcom,cpu-cpu-llcc-bw/bw_hwmon/hyst_trigger_count with value: 3, fd: -1
01-30 22:42:18.509 W/libperfmgr(  723): Failed to write to node: /sys/class/devfreq/soc:qcom,cpu-cpu-llcc-bw/bw_hwmon/hist_memory with value: 20, fd: -1
01-30 22:42:18.509 W/libperfmgr(  723): Failed to write to node: /sys/class/devfreq/soc:qcom,cpu-cpu-llcc-bw/bw_hwmon/hyst_length with value: 10, fd: -1
01-30 22:42:18.509 W/libperfmgr(  723): Failed to write to node: /sys/class/devfreq/soc:qcom,cpu-cpu-llcc-bw/bw_hwmon/sample_ms with value: 4, fd: -1
01-30 22:42:18.509 W/libperfmgr(  723): Failed to write to node: /sys/class/devfreq/soc:qcom,cpu-cpu-llcc-bw/bw_hwmon/io_percent with value: 34, fd: -1
01-30 22:42:18.510 W/libperfmgr(  723): Failed to write to node: /sys/class/devfreq/soc:qcom,cpu-llcc-ddr-bw/bw_hwmon/sample_ms with value: 4, fd: -1
01-30 22:42:18.510 W/libperfmgr(  723): Failed to write to node: /sys/class/devfreq/soc:qcom,cpu-llcc-ddr-bw/bw_hwmon/hyst_length with value: 10, fd: -1
01-30 22:42:18.510 W/libperfmgr(  723): Failed to write to node: /sys/class/devfreq/soc:qcom,cpu-llcc-ddr-bw/bw_hwmon/hyst_trigger_count with value: 3, fd: -1
01-30 22:42:19.011 W/libperfmgr(  723): Failed to write to node: /sys/class/devfreq/soc:qcom,cpu-cpu-llcc-bw/bw_hwmon/hyst_trigger_count with value: 3, fd: -1
01-30 22:42:19.011 W/libperfmgr(  723): Failed to write to node: /sys/class/devfreq/soc:qcom,cpu-cpu-llcc-bw/bw_hwmon/hist_memory with value: 20, fd: -1
01-30 22:42:19.011 W/libperfmgr(  723): Failed to write to node: /sys/class/devfreq/soc:qcom,cpu-cpu-llcc-bw/bw_hwmon/hyst_length with value: 10, fd: -1
01-30 22:42:19.011 W/libperfmgr(  723): Failed to write to node: /sys/class/devfreq/soc:qcom,cpu-cpu-llcc-bw/bw_hwmon/sample_ms with value: 4, fd: -1
01-30 22:42:19.011 W/libperfmgr(  723): Failed to write to node: /sys/class/devfreq/soc:qcom,cpu-cpu-llcc-bw/bw_hwmon/io_percent with value: 34, fd: -1
01-30 22:42:19.011 W/libperfmgr(  723): Failed to write to node: /sys/class/devfreq/soc:qcom,cpu-llcc-ddr-bw/bw_hwmon/sample_ms with value: 4, fd: -1
01-30 22:42:19.011 W/libperfmgr(  723): Failed to write to node: /sys/class/devfreq/soc:qcom,cpu-llcc-ddr-bw/bw_hwmon/hyst_length with value: 10, fd: -1
01-30 22:42:19.011 W/libperfmgr(  723): Failed to write to node: /sys/class/devfreq/soc:qcom,cpu-llcc-ddr-bw/bw_hwmon/hyst_trigger_count with value: 3, fd: -1
01-30 22:42:19.512 W/libperfmgr(  723): Failed to write to node: /sys/class/devfreq/soc:qcom,cpu-cpu-llcc-bw/bw_hwmon/hyst_trigger_count with value: 3, fd: -1
01-30 22:42:19.512 W/libperfmgr(  723): Failed to write to node: /sys/class/devfreq/soc:qcom,cpu-cpu-llcc-bw/bw_hwmon/hist_memory with value: 20, fd: -1
01-30 22:42:19.512 W/libperfmgr(  723): Failed to write to node: /sys/class/devfreq/soc:qcom,cpu-cpu-llcc-bw/bw_hwmon/hyst_length with value: 10, fd: -1
01-30 22:42:19.513 W/libperfmgr(  723): Failed to write to node: /sys/class/devfreq/soc:qcom,cpu-cpu-llcc-bw/bw_hwmon/sample_ms with value: 4, fd: -1
01-30 22:42:19.513 W/libperfmgr(  723): Failed to write to node: /sys/class/devfreq/soc:qcom,cpu-cpu-llcc-bw/bw_hwmon/io_percent with value: 34, fd: -1
01-30 22:42:19.513 W/libperfmgr(  723): Failed to write to node: /sys/class/devfreq/soc:qcom,cpu-llcc-ddr-bw/bw_hwmon/sample_ms with value: 4, fd: -1
01-30 22:42:19.513 W/libperfmgr(  723): Failed to write to node: /sys/class/devfreq/soc:qcom,cpu-llcc-ddr-bw/bw_hwmon/hyst_length with value: 10, fd: -1
01-30 22:42:19.513 W/libperfmgr(  723): Failed to write to node: /sys/class/devfreq/soc:qcom,cpu-llcc-ddr-bw/bw_hwmon/hyst_trigger_count with value: 3, fd: -1
01-30 22:42:19.869 W/libperfmgr(  723): Failed to write to node: /sys/class/devfreq/soc:qcom,cpu-cpu-llcc-bw/bw_hwmon/hyst_trigger_count with value: 0, fd: -1
01-30 22:42:19.869 W/libperfmgr(  723): Failed to write to node: /sys/class/devfreq/soc:qcom,cpu-cpu-llcc-bw/bw_hwmon/hist_memory with value: 0, fd: -1
01-30 22:42:19.869 W/libperfmgr(  723): Failed to write to node: /sys/class/devfreq/soc:qcom,cpu-cpu-llcc-bw/bw_hwmon/hyst_length with value: 0, fd: -1
01-30 22:42:19.869 W/libperfmgr(  723): Failed to write to node: /sys/class/devfreq/soc:qcom,cpu-cpu-llcc-bw/bw_hwmon/sample_ms with value: 4, fd: -1
01-30 22:42:19.869 W/libperfmgr(  723): Failed to write to node: /sys/class/devfreq/soc:qcom,cpu-cpu-llcc-bw/bw_hwmon/io_percent with value: 34, fd: -1
01-30 22:42:19.869 W/libperfmgr(  723): Failed to write to node: /sys/class/devfreq/soc:qcom,cpu-llcc-ddr-bw/bw_hwmon/sample_ms with value: 4, fd: -1
01-30 22:42:19.869 W/libperfmgr(  723): Failed to write to node: /sys/class/devfreq/soc:qcom,cpu-llcc-ddr-bw/bw_hwmon/hyst_length with value: 10, fd: -1
01-30 22:42:19.869 W/libperfmgr(  723): Failed to write to node: /sys/class/devfreq/soc:qcom,cpu-llcc-ddr-bw/bw_hwmon/hyst_trigger_count with value: 3, fd: -1
01-30 22:42:19.912 I/adbd    (21463): persist.adb.tls_server.enable changed to 0
01-30 22:42:19.913 I/adbd    (21463): adb wifi stopped
01-30 22:42:19.915 D/DlbDap2Process(  959): process() called [90500] times with input channel mask 0x3 (ProcessingMode=1)
01-30 22:42:19.916 D/audio_hw_primary(  959): start_output_stream: enter: stream(0xed2c64c0)usecase(1: low-latency-playback) devices(0x2) is_haptic_usecase(0)
01-30 22:42:19.916 I/libqti-perfd-client(  959): perf_lock_acq: handle: 0, duration: 0, arg3[0]: 257, arg4: 2
01-30 22:42:19.916 D/audio_hw_primary(  959): select_devices for use case (low-latency-playback in:0 out:0 device:2)
01-30 22:42:19.916 D/ultrasound_extn(  959): ultrasound_select_devices_pre ultrasound_enabled:0 usecase(low-latency-playback), devices:2 in_snd_device(0, ), out_snd_device(2, speaker)
01-30 22:42:19.916 D/ultrasound_extn(  959): dump_usecase_list: start ======================================
01-30 22:42:19.916 D/ultrasound_extn(  959): dump_usecase_list: enter sensor_activated:0 hw_port_enabled:0 suspended:0
01-30 22:42:19.916 D/ultrasound_extn(  959): dump_usecase_list: select_devices_pre usecase[#0]:(1, low-latency-playback) in_dev:(0, ) out_dv:(0, )
01-30 22:42:19.916 D/ultrasound_extn(  959): dump_usecase_list: end ======================================
01-30 22:42:19.916 I/msm8974_platform(  959): platform_check_and_set_codec_backend_cfg:becf: afe: bitwidth 24, samplerate 48000 channels 2, backend_idx 5 usecase = 1 device (speaker)
01-30 22:42:19.916 D/msm8974_platform(  959): platform_split_snd_device: snd_device(2) num devices(1) new_snd_devices(0)
01-30 22:42:19.916 I/msm8974_platform(  959): platform_check_and_set_codec_backend_cfg: new_snd_devices[0] is 2
01-30 22:42:19.916 I/msm8974_platform(  959): platform_check_codec_backend_cfg:becf: afe: bitwidth 24, samplerate 48000 channels 2, backend_idx 5 usecase = 1 device (speaker)
01-30 22:42:19.916 D/audio_hw_extn(  959): audio_extn_enable_hifi_filter: mixer_value set 0
01-30 22:42:19.916 D/msm8974_platform(  959): platform_check_codec_backend_cfg:becf: updated afe: bitwidth 24, samplerate 48000 channels 2,backend_idx 5 usecase = 1 device (speaker)
01-30 22:42:19.916 D/msm8974_platform(  959): platform_check_codec_backend_cfg:becf: afe: restrict playback on handset and speaker to Sample Rate(96k)
01-30 22:42:19.916 D/ultrasound_extn(  959): ultrasound_check_and_set_codec_backend_cfg check use case (low-latency-playback), snd_device(2, speaker)
01-30 22:42:19.916 D/ultrasound_extn(  959): ultrasound_check_and_set_codec_backend_cfg  do not change BE setting for speaker
01-30 22:42:19.916 I/msm8974_platform(  959): platform_check_codec_backend_cfg:becf: afe: Codec selected backend: 5 updated bit width: 32 and sample rate: 96000
01-30 22:42:19.916 D/audio_hw_primary(  959): check_usecases_codec_backend:becf: force routing 0
01-30 22:42:19.916 E/msm8974_platform(  959): platform_check_backends_match: Invalid snd_device = 
01-30 22:42:19.916 D/audio_hw_primary(  959): check_usecases_codec_backend:becf: (100) check_usecases curr device: speaker, usecase device: backends match 0
01-30 22:42:19.916 D/audio_hw_primary(  959): @@: usecase[0xefb83130]=low-latency-playback, uc_info[0xefb83130]=low-latency-playback
01-30 22:42:19.916 D/audio_hw_primary(  959): check_usecases_codec_backend:becf: check_usecases num.of Usecases to switch 0
01-30 22:42:19.916 D/hardware_info(  959): hw_info_append_hw_type : device_name = speaker
01-30 22:42:19.916 D/msm8974_platform(  959): platform_split_snd_device: snd_device(2) num devices(0) new_snd_devices(0)
01-30 22:42:19.916 D/audio_hw_primary(  959): enable_snd_device: snd_device(2: speaker)[SND_DEVICE_OUT_SPEAKER]
01-30 22:42:19.916 D/msm8974_platform(  959): platform_get_island_cfg_on_device:island cfg status on snd_device = (speaker 0)
01-30 22:42:19.916 I/soundtrigger(  959): audio_extn_sound_trigger_update_device_status: device 0x2 of type 0 for Event 1, with Raise=0
01-30 22:42:19.916 D/audio_route(  959): Apply path: speaker
01-30 22:42:19.916 D/hardware_info(  959): hw_info_append_hw_type : device_name = vi-feedback
01-30 22:42:19.916 D/msm8974_platform(  959): platform_split_snd_device: snd_device(253) num devices(0) new_snd_devices(0)
01-30 22:42:19.916 D/audio_hw_primary(  959): enable_snd_device: snd_device(253: vi-feedback)[SND_DEVICE_IN_CAPTURE_VI_FEEDBACK]
01-30 22:42:19.916 D/msm8974_platform(  959): platform_get_island_cfg_on_device:island cfg status on snd_device = (vi-feedback 0)
01-30 22:42:19.916 I/soundtrigger(  959): audio_extn_sound_trigger_update_device_status: device 0xfd of type 1 for Event 1, with Raise=0
01-30 22:42:19.916 D/audio_route(  959): Apply path: vi-feedback
01-30 22:42:19.916 D/soundtrigger(  959): audio_extn_sound_trigger_update_stream_status: uc_info->id 53 of type 1 for Event 3, with Raise=0
01-30 22:42:19.916 D/audio_hw_utils(  959): audio_extn_utils_send_app_type_cfg: usecase->in_snd_device vi-feedback
01-30 22:42:19.917 E/voice   (  959): voice_is_in_call_rec_stream: input stream is NULL
01-30 22:42:19.917 D/msm8974_platform(  959): platform_split_snd_device: snd_device(253) num devices(0) new_snd_devices(0)
01-30 22:42:19.917 E/audio_hw_utils(  959): send_app_type_cfg_for_device: Could not get ctl for mixer cmd - Audio Stream Capture 43 App Type Cfg
01-30 22:42:19.917 D/msm8974_platform(  959): platform_split_snd_device: snd_device(253) num devices(1) new_snd_devices(0)
01-30 22:42:19.917 D/ACDB-LOADER(  959): ACDB -> send_audio_cal, acdb_id = 102, path = 1, app id = 0x11132, sample rate = 8000, afe_sample_rate = 8000
01-30 22:42:19.917 D/ACDB-LOADER(  959): ACDB -> send_asm_topology
01-30 22:42:19.917 D/ACDB-LOADER(  959): ACDB -> ACDB_CMD_GET_AUDPROC_STREAM_TOPOLOGY_ID
01-30 22:42:19.917 D/ACDB-LOADER(  959): ACDB -> send_adm_topology
01-30 22:42:19.917 D/ACDB-LOADER(  959): ACDB -> ACDB_CMD_GET_AUDPROC_COMMON_TOPOLOGY_ID
01-30 22:42:19.917 D/ACDB-LOADER(  959): ACDB -> send_audtable
01-30 22:42:19.917 D/ACDB-LOADER(  959): ACDB -> ACDB_CMD_GET_AUDPROC_INSTANCE_COMMON_TABLE_SIZE
01-30 22:42:19.917 D/ACDB-LOADER(  959): ACDB -> ACDB_CMD_GET_AUDPROC_INSTANCE_COMMON_TABLE
01-30 22:42:19.917 D/ACDB-LOADER(  959): ACDB -> AUDIO_SET_AUDPROC_CAL cal_type[11] acdb_id[102] app_type[69938]
01-30 22:42:19.917 D/ACDB-LOADER(  959): ACDB -> ACDB_CMD_GET_PERSISTENT_AUDPROC_INSTANCE_COMMON_TABLE_SIZE
01-30 22:42:19.917 D/android.hardware.audio.service(  959): [Data Manager]-> No data found
01-30 22:42:19.917 D/ACDB-LOADER(  959): Error: ACDB_CMD_GET_PERSISTENT_AUDPROC_INSTANCE_COMMON_TABLE_SIZE returned -18
01-30 22:42:19.917 D/ACDB-LOADER(  959): ACDB -> send_audproc_persist_table -18 
01-30 22:42:19.917 D/ACDB-LOADER(  959): Error: Invalid Audproc persist size = -18
01-30 22:42:19.917 D/ACDB-LOADER(  959): ACDB -> ACDB_CMD_GET_AUDPROC_INSTANCE_STREAM_TABLE_SIZE
01-30 22:42:19.917 D/ACDB-LOADER(  959): ACDB -> send_audstrmtable
01-30 22:42:19.917 D/ACDB-LOADER(  959): ACDB -> ACDB_CMD_GET_AUDPROC_INSTANCE_STREAM_TABLE
01-30 22:42:19.917 D/ACDB-LOADER(  959): ACDB -> audstrm_cal->cal_type.cal_data.cal_size = 20
01-30 22:42:19.917 D/ACDB-LOADER(  959): ACDB -> send_afe_topology
01-30 22:42:19.917 D/ACDB-LOADER(  959): ACDB -> ACDB_CMD_GET_AFE_TOPOLOGY_ID
01-30 22:42:19.917 D/ACDB-LOADER(  959): ACDB -> GET_AFE_TOPOLOGY_ID for adcd_id 102, Topology Id 1000b909
01-30 22:42:19.917 D/ACDB-LOADER(  959): ACDB -> send_afe_cal
01-30 22:42:19.917 D/ACDB-LOADER(  959): ACDB -> ACDB_CMD_GET_AFE_INSTANCE_COMMON_TABLE_SIZE
01-30 22:42:19.917 D/ACDB-LOADER(  959): ACDB -> ACDB_CMD_GET_AFE_INSTANCE_COMMON_TABLE
01-30 22:42:19.917 D/ACDB-LOADER(  959): ACDB -> AUDIO_SET_AFE_CAL cal_type[17] acdb_id[102]
01-30 22:42:19.917 D/ACDB-LOADER(  959): ACDB -> send_hw_delay : acdb_id = 102 path = 1
01-30 22:42:19.917 D/ACDB-LOADER(  959): ACDB -> ACDB_AVSYNC_INFO: ACDB_CMD_GET_DEVICE_PROPERTY
01-30 22:42:19.917 D/audio_hw_primary(  959): enable_audio_route: apply mixer and update path: spkr-vi-record
01-30 22:42:19.917 D/audio_route(  959): Apply path: spkr-vi-record
01-30 22:42:19.918 D/audio_hw_primary(  959): [force reset] create spkr-vi-record 1
01-30 22:42:19.918 E/audio_hw_tfa98xx_feedback(  959): pcm_dev_tx_id = 43
01-30 22:42:19.921 D/CompatibilityChangeReporter(21710): Compat change id reported: 150939131; UID 1000; state: ENABLED
01-30 22:42:19.924 I/adbd    (21463): Waiting for persist.adb.tls_server.enable=1
01-30 22:42:19.924 I/adbd    (21463): adbd_auth: received packet: DA
01-30 22:42:19.924 E/adbd    (21463): adbd_auth: unhandled packet: DA
01-30 22:42:19.924 I/adbd    (21463): adbd_auth: received new framework fd -1 (current = 22)
01-30 22:42:19.924 W/AdbDebuggingManager( 1697): Read failed with count -1
01-30 22:42:19.925 I/adbd    (21463): adbd_auth: received a new framework connection
01-30 22:42:19.925 I/adbd    (21463): adbd_auth: received new framework fd 12 (current = -1)
01-30 22:42:19.929 I/audio_hw_utils(  959): audio_extn_utils_update_stream_output_app_type_cfg Allowing 24 and above bits playback on speaker ONLY at default sampling rate
01-30 22:42:19.929 E/soundtrigger(  959): audio_extn_sound_trigger_update_stream_status: invalid input device 0x0, for event 3
01-30 22:42:19.929 D/soundtrigger(  959): audio_extn_sound_trigger_update_stream_status: uc_info->id 1 of type 0 for Event 3, with Raise=0
01-30 22:42:19.929 D/audio_hw_utils(  959): audio_extn_utils_send_app_type_cfg: usecase->out_snd_device speaker
01-30 22:42:19.929 D/msm8974_platform(  959): platform_split_snd_device: snd_device(2) num devices(0) new_snd_devices(0)
01-30 22:42:19.930 D/audio_hw_utils(  959): audio_extn_btsco_get_sample_rate:Not a BT SCO device, need not update sampling rate
01-30 22:42:19.930 I/audio_hw_utils(  959): send_app_type_cfg_for_device PLAYBACK app_type 69937, acdb_dev_id 10011, sample_rate 48000, snd_device_be_idx 45, channel is 2
01-30 22:42:19.930 D/msm8974_platform(  959): platform_split_snd_device: snd_device(2) num devices(1) new_snd_devices(0)
01-30 22:42:19.930 D/audio_hw_utils(  959): audio_extn_btsco_get_sample_rate:Not a BT SCO device, need not update sampling rate
01-30 22:42:19.930 D/ACDB-LOADER(  959): ACDB -> send_audio_cal, acdb_id = 10011, path = 0, app id = 0x11131, sample rate = 48000, afe_sample_rate = 96000
01-30 22:42:19.930 D/ACDB-LOADER(  959): ACDB -> send_asm_topology
01-30 22:42:19.930 D/ACDB-LOADER(  959): ACDB -> ACDB_CMD_GET_AUDPROC_STREAM_TOPOLOGY_ID
01-30 22:42:19.930 D/ACDB-LOADER(  959): ACDB -> send_adm_topology
01-30 22:42:19.930 D/ACDB-LOADER(  959): ACDB -> ACDB_CMD_GET_AUDPROC_COMMON_TOPOLOGY_ID
01-30 22:42:19.930 D/ACDB-LOADER(  959): ACDB -> send_audtable
01-30 22:42:19.930 D/ACDB-LOADER(  959): ACDB -> ACDB_CMD_GET_AUDPROC_INSTANCE_COMMON_TABLE_SIZE
01-30 22:42:19.930 D/ACDB-LOADER(  959): ACDB -> ACDB_CMD_GET_AUDPROC_INSTANCE_COMMON_TABLE
01-30 22:42:19.930 D/ACDB-LOADER(  959): ACDB -> AUDIO_SET_AUDPROC_CAL cal_type[11] acdb_id[10011] app_type[69937]
01-30 22:42:19.930 D/ACDB-LOADER(  959): ACDB -> send_audvoltable
01-30 22:42:19.930 D/ACDB-LOADER(  959): ACDB -> ACDB_CMD_GET_AUDPROC_INSTANCE_GAIN_DEP_STEP_TABLE_SIZE
01-30 22:42:19.930 D/android.hardware.audio.service(  959): Failed to fetch the lookup information of the device 0000271B 
01-30 22:42:19.930 D/ACDB-LOADER(  959): Error: ACDB_CMD_GET_AUDPROC_INSTANCE_GAIN_DEP_STEP_TABLE_SIZE Returned = -19
01-30 22:42:19.930 D/ACDB-LOADER(  959): ACDB -> ACDB_CMD_GET_AUDPROC_INSTANCE_GAIN_DEP_STEP_TABLE, vol index 0
01-30 22:42:19.930 D/android.hardware.audio.service(  959): Failed to fetch the lookup information of the device 0000271B 
01-30 22:42:19.930 D/ACDB-LOADER(  959): Error: ACDB AudProc vol returned = -19
01-30 22:42:19.930 D/ACDB-LOADER(  959): ACDB -> AUDIO_SET_VOL_CAL cal type = 12
01-30 22:42:19.930 D/ACDB-LOADER(  959): ACDB -> ACDB_CMD_GET_AUDPROC_INSTANCE_STREAM_TABLE_SIZE
01-30 22:42:19.930 D/ACDB-LOADER(  959): ACDB -> send_audstrmtable
01-30 22:42:19.930 D/ACDB-LOADER(  959): ACDB -> ACDB_CMD_GET_AUDPROC_INSTANCE_STREAM_TABLE
01-30 22:42:19.930 D/ACDB-LOADER(  959): ACDB -> audstrm_cal->cal_type.cal_data.cal_size = 20
01-30 22:42:19.930 D/ACDB-LOADER(  959): ACDB -> send_afe_topology
01-30 22:42:19.930 D/ACDB-LOADER(  959): ACDB -> ACDB_CMD_GET_AFE_TOPOLOGY_ID
01-30 22:42:19.930 D/ACDB-LOADER(  959): ACDB -> GET_AFE_TOPOLOGY_ID for adcd_id 10011, Topology Id 1000b910
01-30 22:42:19.930 D/ACDB-LOADER(  959): ACDB -> send_afe_cal
01-30 22:42:19.930 D/ACDB-LOADER(  959): ACDB -> ACDB_CMD_GET_AFE_INSTANCE_COMMON_TABLE_SIZE
01-30 22:42:19.930 D/ACDB-LOADER(  959): ACDB -> ACDB_CMD_GET_AFE_INSTANCE_COMMON_TABLE
01-30 22:42:19.930 D/ACDB-LOADER(  959): ACDB -> AUDIO_SET_AFE_CAL cal_type[16] acdb_id[10011]
01-30 22:42:19.930 D/ACDB-LOADER(  959): ACDB -> send_hw_delay : acdb_id = 10011 path = 0
01-30 22:42:19.930 D/ACDB-LOADER(  959): ACDB -> ACDB_AVSYNC_INFO: ACDB_CMD_GET_DEVICE_PROPERTY
01-30 22:42:19.930 D/msm8974_platform(  959): platform_split_snd_device: snd_device(2) num devices(0) new_snd_devices(0)
01-30 22:42:19.930 I/msm8974_platform(  959): platform_get_custom_mtmx_params: no matching param with id 0 ip_ch 2 op_ch 2 uc_id 1 snd_dev 2
01-30 22:42:19.930 D/audio_hw_primary(  959): enable_audio_route: apply mixer and update path: low-latency-playback speaker
01-30 22:42:19.930 D/audio_route(  959): Apply path: low-latency-playback speaker
01-30 22:42:19.930 D/audio_hw_primary(  959): [force reset] create low-latency-playback speaker 1
01-30 22:42:19.930 D/ultrasound_extn(  959): ultrasound_select_devices_post: enter: engine_suspended: 0
01-30 22:42:19.930 D/ultrasound_extn(  959): dump_usecase_list: start ======================================
01-30 22:42:19.930 D/ultrasound_extn(  959): dump_usecase_list: enter sensor_activated:0 hw_port_enabled:0 suspended:0
01-30 22:42:19.930 D/ultrasound_extn(  959): dump_usecase_list: select_devices_post usecase[#0]:(1, low-latency-playback) in_dev:(0, ) out_dv:(2, speaker)
01-30 22:42:19.930 D/ultrasound_extn(  959): dump_usecase_list: select_devices_post usecase[#1]:(53, spkr-vi-record) in_dev:(253, vi-feedback) out_dv:(0, )
01-30 22:42:19.931 D/ultrasound_extn(  959): dump_usecase_list: TERT_MI2S_RX SampleRate		 KHZ_96
01-30 22:42:19.931 D/ultrasound_extn(  959): dump_usecase_list: TERT_MI2S_RX Format		 S32_LE
01-30 22:42:19.931 D/ultrasound_extn(  959): dump_usecase_list: TERT_MI2S_RX Channels		 Two
01-30 22:42:19.931 D/ultrasound_extn(  959): dump_usecase_list: end ======================================
01-30 22:42:19.931 D/audio_hw_primary(  959): select_devices: done
01-30 22:42:19.999 D/msm8974_platform(  959): platform_set_channel_map mixer_ctl_name:Playback Channel Map9
01-30 22:42:19.999 D/msm8974_platform(  959): platform_set_channel_map: set mapping(1 2 0 0 0 0 0 0) for channel:2
01-30 22:42:19.999 I/libqti-perfd-client(  959): perf_lock_rel: handle: 233
01-30 22:42:19.999 D/audio_hw_primary(  959): start_output_stream: exit
01-30 22:42:19.999 D/adsp_utils(  959): set_channel_reverse mode: 0
01-30 22:42:19.999 V/msm8974_platform(  959): platform_set_parameters: enter: cal_persist=0;cal_devid=2;cal_moduleid=0x1000a106;cal_caltype=0;cal_instanceid=0x0;cal_apptype=69940;cal_paramid=0x1000a198;cal_topoid=0x1000a100;cal_samplerate=48000;cal_data=AAAAAA==
01-30 22:42:19.999 D/msm8974_platform(  959): Setting audio calibration for snd_device(2) acdb_id(10011)
01-30 22:42:19.999 E/ACDB-LOADER(  959): [acdb_loader_adsp_set_audio_cal] active device/stream not found (result=-100) for topology 0x1000a100 and apptype 0x11134
01-30 22:42:19.999 E/ACDB-LOADER(  959): [acdb_loader_adsp_set_audio_cal] set parameters failed with status -100
01-30 22:42:19.999 D/audio_hw_hfp(  959): hfp_set_parameters: enter
01-30 22:42:20.000 V/msm8974_platform(  959): platform_set_parameters: enter: cal_persist=0;cal_devid=2;cal_moduleid=0x1000a100;cal_caltype=0;cal_instanceid=0x0;cal_apptype=69940;cal_paramid=0x1000a110;cal_topoid=0x1000a106;cal_samplerate=48000;cal_data=AAAAAA==
01-30 22:42:20.000 D/msm8974_platform(  959): Setting audio calibration for snd_device(2) acdb_id(10011)
01-30 22:42:20.000 E/ACDB-LOADER(  959): [acdb_loader_adsp_set_audio_cal] active device/stream not found (result=-100) for topology 0x1000a106 and apptype 0x11134
01-30 22:42:20.000 E/ACDB-LOADER(  959): [acdb_loader_adsp_set_audio_cal] set parameters failed with status -100
01-30 22:42:20.000 D/audio_hw_hfp(  959): hfp_set_parameters: enter
01-30 22:42:20.000 V/msm8974_platform(  959): platform_set_parameters: enter: cal_persist=0;cal_devid=2;cal_moduleid=0x1000a100;cal_caltype=0;cal_instanceid=0x0;cal_apptype=69937;cal_paramid=0x1000a110;cal_topoid=0x1000a100;cal_samplerate=48000;cal_data=AAAAAA==
01-30 22:42:20.000 D/msm8974_platform(  959): Setting audio calibration for snd_device(2) acdb_id(10011)
01-30 22:42:20.000 D/audio_hw_hfp(  959): hfp_set_parameters: enter
01-30 22:42:20.000 V/msm8974_platform(  959): platform_set_parameters: enter: cal_persist=0;cal_devid=2;cal_moduleid=0x1000a100;cal_caltype=0;cal_instanceid=0x0;cal_apptype=69937;cal_paramid=0x1000a110;cal_topoid=0x1000a106;cal_samplerate=48000;cal_data=AAAAAA==
01-30 22:42:20.000 D/msm8974_platform(  959): Setting audio calibration for snd_device(2) acdb_id(10011)
01-30 22:42:20.000 E/ACDB-LOADER(  959): [acdb_loader_adsp_set_audio_cal] active device/stream not found (result=-100) for topology 0x1000a106 and apptype 0x11131
01-30 22:42:20.000 E/ACDB-LOADER(  959): [acdb_loader_adsp_set_audio_cal] set parameters failed with status -100
01-30 22:42:20.000 D/audio_hw_hfp(  959): hfp_set_parameters: enter
01-30 22:42:20.000 V/msm8974_platform(  959): platform_set_parameters: enter: cal_persist=0;cal_devid=2;cal_moduleid=0x1000a100;cal_caltype=0;cal_instanceid=0x0;cal_apptype=69937;cal_paramid=0x1000a114;cal_topoid=0x1000a106;cal_samplerate=48000;cal_data=AAAAAA==
01-30 22:42:20.000 D/msm8974_platform(  959): Setting audio calibration for snd_device(2) acdb_id(10011)
01-30 22:42:20.000 E/ACDB-LOADER(  959): [acdb_loader_adsp_set_audio_cal] active device/stream not found (result=-100) for topology 0x1000a106 and apptype 0x11131
01-30 22:42:20.000 E/ACDB-LOADER(  959): [acdb_loader_adsp_set_audio_cal] set parameters failed with status -100
01-30 22:42:20.000 D/audio_hw_hfp(  959): hfp_set_parameters: enter
