01-30 22:41:59.742 W/libperfmgr(  723): Failed to write to node: /sys/class/devfreq/soc:qcom,cpu-cpu-llcc-bw/bw_hwmon/hyst_length with value: 0, fd: -1
01-30 22:41:59.742 W/libperfmgr(  723): Failed to write to node: /sys/class/devfreq/soc:qcom,cpu-cpu-llcc-bw/bw_hwmon/sample_ms with value: 4, fd: -1
01-30 22:41:59.742 W/libperfmgr(  723): Failed to write to node: /sys/class/devfreq/soc:qcom,cpu-cpu-llcc-bw/bw_hwmon/io_percent with value: 34, fd: -1
01-30 22:41:59.742 W/libperfmgr(  723): Failed to write to node: /sys/class/devfreq/soc:qcom,cpu-llcc-ddr-bw/bw_hwmon/sample_ms with value: 4, fd: -1
01-30 22:41:59.742 W/libperfmgr(  723): Failed to write to node: /sys/class/devfreq/soc:qcom,cpu-llcc-ddr-bw/bw_hwmon/hyst_length with value: 10, fd: -1
01-30 22:41:59.742 W/libperfmgr(  723): Failed to write to node: /sys/class/devfreq/soc:qcom,cpu-llcc-ddr-bw/bw_hwmon/hyst_trigger_count with value: 3, fd: -1
01-30 22:41:59.839 I/KeyboardActiveSessionStreamManager( 3351): KeyboardActiveSessionStreamManager.closeStream():115 Closing stream.
01-30 22:41:59.921 W/libperfmgr(  723): Failed to write to node: /sys/class/devfreq/soc:qcom,cpu-cpu-llcc-bw/bw_hwmon/hyst_trigger_count with value: 3, fd: -1
01-30 22:41:59.922 W/libperfmgr(  723): Failed to write to node: /sys/class/devfreq/soc:qcom,cpu-cpu-llcc-bw/bw_hwmon/hist_memory with value: 20, fd: -1
01-30 22:41:59.922 W/libperfmgr(  723): Failed to write to node: /sys/class/devfreq/soc:qcom,cpu-cpu-llcc-bw/bw_hwmon/hyst_length with value: 10, fd: -1
01-30 22:41:59.922 W/libperfmgr(  723): Failed to write to node: /sys/class/devfreq/soc:qcom,cpu-cpu-llcc-bw/bw_hwmon/sample_ms with value: 4, fd: -1
01-30 22:41:59.922 W/libperfmgr(  723): Failed to write to node: /sys/class/devfreq/soc:qcom,cpu-cpu-llcc-bw/bw_hwmon/io_percent with value: 34, fd: -1
01-30 22:41:59.922 W/libperfmgr(  723): Failed to write to node: /sys/class/devfreq/soc:qcom,cpu-llcc-ddr-bw/bw_hwmon/sample_ms with value: 4, fd: -1
01-30 22:41:59.922 W/libperfmgr(  723): Failed to write to node: /sys/class/devfreq/soc:qcom,cpu-llcc-ddr-bw/bw_hwmon/hyst_length with value: 10, fd: -1
01-30 22:41:59.922 W/libperfmgr(  723): Failed to write to node: /sys/class/devfreq/soc:qcom,cpu-llcc-ddr-bw/bw_hwmon/hyst_trigger_count with value: 3, fd: -1
01-30 22:42:00.423 W/libperfmgr(  723): Failed to write to node: /sys/class/devfreq/soc:qcom,cpu-cpu-llcc-bw/bw_hwmon/hyst_trigger_count with value: 3, fd: -1
01-30 22:42:00.423 W/libperfmgr(  723): Failed to write to node: /sys/class/devfreq/soc:qcom,cpu-cpu-llcc-bw/bw_hwmon/hist_memory with value: 20, fd: -1
01-30 22:42:00.423 W/libperfmgr(  723): Failed to write to node: /sys/class/devfreq/soc:qcom,cpu-cpu-llcc-bw/bw_hwmon/hyst_length with value: 10, fd: -1
01-30 22:42:00.423 W/libperfmgr(  723): Failed to write to node: /sys/class/devfreq/soc:qcom,cpu-cpu-llcc-bw/bw_hwmon/sample_ms with value: 4, fd: -1
01-30 22:42:00.423 W/libperfmgr(  723): Failed to write to node: /sys/class/devfreq/soc:qcom,cpu-cpu-llcc-bw/bw_hwmon/io_percent with value: 34, fd: -1
01-30 22:42:00.423 W/libperfmgr(  723): Failed to write to node: /sys/class/devfreq/soc:qcom,cpu-llcc-ddr-bw/bw_hwmon/sample_ms with value: 4, fd: -1
01-30 22:42:00.423 W/libperfmgr(  723): Failed to write to node: /sys/class/devfreq/soc:qcom,cpu-llcc-ddr-bw/bw_hwmon/hyst_length with value: 10, fd: -1
01-30 22:42:00.424 W/libperfmgr(  723): Failed to write to node: /sys/class/devfreq/soc:qcom,cpu-llcc-ddr-bw/bw_hwmon/hyst_trigger_count with value: 3, fd: -1
01-30 22:42:00.499 W/System.err(20968): java.lang.ClassNotFoundException: com.tencent.mm.opensdk.constants.Build
01-30 22:42:00.499 W/System.err(20968): 	at java.lang.Class.classForName(Native Method)
01-30 22:42:00.499 W/System.err(20968): 	at java.lang.Class.forName(Class.java:454)
01-30 22:42:00.499 W/System.err(20968): 	at java.lang.Class.forName(Class.java:379)
01-30 22:42:00.500 W/System.err(20968): 	at com.mbridge.msdk.foundation.tools.y.d(Unknown Source:2)
01-30 22:42:00.500 W/System.err(20968): 	at com.mbridge.msdk.foundation.tools.q.b(Unknown Source:4)
01-30 22:42:00.500 W/System.err(20968): 	at com.mbridge.msdk.foundation.same.net.g.e.a(Unknown Source:68)
01-30 22:42:00.500 W/System.err(20968): 	at com.mbridge.msdk.mbnative.e.a.a.a(Unknown Source:252)
01-30 22:42:00.500 W/System.err(20968): 	at com.mbridge.msdk.foundation.same.net.g.b.b(Unknown Source:22)
01-30 22:42:00.500 W/System.err(20968): 	at com.mbridge.msdk.foundation.same.net.g.b.a(Unknown Source:0)
01-30 22:42:00.500 W/System.err(20968): 	at com.mbridge.msdk.foundation.same.net.g.b.a(Unknown Source:118)
01-30 22:42:00.500 W/System.err(20968): 	at com.mbridge.msdk.foundation.same.net.g.b.a(Unknown Source:10)
01-30 22:42:00.500 W/System.err(20968): 	at com.mbridge.msdk.mbnative.controller.NativeController.b(Unknown Source:959)
01-30 22:42:00.500 W/System.err(20968): 	at com.mbridge.msdk.mbnative.controller.NativeController.a(Unknown Source:76)
01-30 22:42:00.500 W/System.err(20968): 	at com.mbridge.msdk.mbnative.controller.NativeController.b(Unknown Source:56)
01-30 22:42:00.500 W/System.err(20968): 	at com.mbridge.msdk.mbnative.controller.NativeController.a(Unknown Source:700)
01-30 22:42:00.500 W/System.err(20968): 	at com.mbridge.msdk.mbnative.e.a.a(Unknown Source:44)
01-30 22:42:00.500 W/System.err(20968): 	at com.mbridge.msdk.mbnative.e.a.a(Unknown Source:3)
01-30 22:42:00.500 W/System.err(20968): 	at com.mbridge.msdk.out.MBNativeHandler.loadMB(Unknown Source:73)
01-30 22:42:00.500 W/System.err(20968): 	at com.mbridge.msdk.out.MBNativeHandler.load(Unknown Source:12)
01-30 22:42:00.500 W/System.err(20968): 	at com.anythink.network.mintegral.MintegralATAdapter.a(Unknown Source:343)
01-30 22:42:00.500 W/System.err(20968): 	at com.anythink.network.mintegral.MintegralATAdapter$1.onSuccess(Unknown Source:16)
01-30 22:42:00.500 W/System.err(20968): 	at com.anythink.network.mintegral.MintegralATInitManager$1.run(Unknown Source:85)
01-30 22:42:00.500 W/System.err(20968): 	at android.os.Handler.handleCallback(Handler.java:942)
01-30 22:42:00.500 W/System.err(20968): 	at android.os.Handler.dispatchMessage(Handler.java:99)
01-30 22:42:00.501 W/System.err(20968): 	at android.os.Looper.loopOnce(Looper.java:201)
01-30 22:42:00.501 W/System.err(20968): 	at android.os.Looper.loop(Looper.java:288)
01-30 22:42:00.501 W/System.err(20968): 	at android.app.ActivityThread.main(ActivityThread.java:7872)
01-30 22:42:00.501 W/System.err(20968): 	at java.lang.reflect.Method.invoke(Native Method)
01-30 22:42:00.501 W/System.err(20968): 	at com.android.internal.os.RuntimeInit$MethodAndArgsCaller.run(RuntimeInit.java:548)
01-30 22:42:00.501 W/System.err(20968): 	at com.android.internal.os.ZygoteInit.main(ZygoteInit.java:946)
01-30 22:42:00.501 W/System.err(20968): Caused by: java.lang.ClassNotFoundException: Didn't find class "com.tencent.mm.opensdk.constants.Build" on path: DexPathList[[zip file "/data/app/~~JXNJJuCGK9TFv___wKa9gw==/com.apkpure.aegon-5z2QQOSxRCTVYH_W1_WdKg==/base.apk"],nativeLibraryDirectories=[/data/app/~~JXNJJuCGK9TFv___wKa9gw==/com.apkpure.aegon-5z2QQOSxRCTVYH_W1_WdKg==/lib/arm, /data/app/~~JXNJJuCGK9TFv___wKa9gw==/com.apkpure.aegon-5z2QQOSxRCTVYH_W1_WdKg==/base.apk!/lib/armeabi-v7a, /system/lib, /system_ext/lib]]
01-30 22:42:00.501 W/System.err(20968): 	at dalvik.system.BaseDexClassLoader.findClass(BaseDexClassLoader.java:259)
01-30 22:42:00.501 W/System.err(20968): 	at java.lang.ClassLoader.loadClass(ClassLoader.java:379)
01-30 22:42:00.501 W/System.err(20968): 	at java.lang.ClassLoader.loadClass(ClassLoader.java:312)
01-30 22:42:00.501 W/System.err(20968): 	... 30 more
01-30 22:42:00.502 W/System.err(20968): java.lang.ClassNotFoundException: com.tencent.mm.opensdk.openapi.IWXAPI
01-30 22:42:00.503 W/System.err(20968): 	at java.lang.Class.classForName(Native Method)
01-30 22:42:00.503 W/System.err(20968): 	at java.lang.Class.forName(Class.java:454)
01-30 22:42:00.503 W/System.err(20968): 	at java.lang.Class.forName(Class.java:379)
01-30 22:42:00.503 W/System.err(20968): 	at com.mbridge.msdk.foundation.tools.y.e(Unknown Source:7)
01-30 22:42:00.503 W/System.err(20968): 	at com.mbridge.msdk.foundation.tools.q.b(Unknown Source:4)
01-30 22:42:00.503 W/System.err(20968): 	at com.mbridge.msdk.foundation.same.net.g.e.a(Unknown Source:100)
01-30 22:42:00.503 W/System.err(20968): 	at com.mbridge.msdk.mbnative.e.a.a.a(Unknown Source:252)
01-30 22:42:00.503 W/System.err(20968): 	at com.mbridge.msdk.foundation.same.net.g.b.b(Unknown Source:22)
01-30 22:42:00.503 W/System.err(20968): 	at com.mbridge.msdk.foundation.same.net.g.b.a(Unknown Source:0)
01-30 22:42:00.503 W/System.err(20968): 	at com.mbridge.msdk.foundation.same.net.g.b.a(Unknown Source:118)
01-30 22:42:00.503 W/System.err(20968): 	at com.mbridge.msdk.foundation.same.net.g.b.a(Unknown Source:10)
01-30 22:42:00.503 W/System.err(20968): 	at com.mbridge.msdk.mbnative.controller.NativeController.b(Unknown Source:959)
01-30 22:42:00.503 W/System.err(20968): 	at com.mbridge.msdk.mbnative.controller.NativeController.a(Unknown Source:76)
01-30 22:42:00.503 W/System.err(20968): 	at com.mbridge.msdk.mbnative.controller.NativeController.b(Unknown Source:56)
01-30 22:42:00.503 W/System.err(20968): 	at com.mbridge.msdk.mbnative.controller.NativeController.a(Unknown Source:700)
01-30 22:42:00.503 W/System.err(20968): 	at com.mbridge.msdk.mbnative.e.a.a(Unknown Source:44)
01-30 22:42:00.503 W/System.err(20968): 	at com.mbridge.msdk.mbnative.e.a.a(Unknown Source:3)
01-30 22:42:00.503 W/System.err(20968): 	at com.mbridge.msdk.out.MBNativeHandler.loadMB(Unknown Source:73)
01-30 22:42:00.503 W/System.err(20968): 	at com.mbridge.msdk.out.MBNativeHandler.load(Unknown Source:12)
01-30 22:42:00.503 W/System.err(20968): 	at com.anythink.network.mintegral.MintegralATAdapter.a(Unknown Source:343)
01-30 22:42:00.503 W/System.err(20968): 	at com.anythink.network.mintegral.MintegralATAdapter$1.onSuccess(Unknown Source:16)
01-30 22:42:00.504 W/System.err(20968): 	at com.anythink.network.mintegral.MintegralATInitManager$1.run(Unknown Source:85)
01-30 22:42:00.504 W/System.err(20968): 	at android.os.Handler.handleCallback(Handler.java:942)
01-30 22:42:00.504 W/System.err(20968): 	at android.os.Handler.dispatchMessage(Handler.java:99)
01-30 22:42:00.504 W/System.err(20968): 	at android.os.Looper.loopOnce(Looper.java:201)
01-30 22:42:00.504 W/System.err(20968): 	at android.os.Looper.loop(Looper.java:288)
01-30 22:42:00.504 W/System.err(20968): 	at android.app.ActivityThread.main(ActivityThread.java:7872)
01-30 22:42:00.504 W/System.err(20968): 	at java.lang.reflect.Method.invoke(Native Method)
01-30 22:42:00.504 W/System.err(20968): 	at com.android.internal.os.RuntimeInit$MethodAndArgsCaller.run(RuntimeInit.java:548)
01-30 22:42:00.504 W/System.err(20968): 	at com.android.internal.os.ZygoteInit.main(ZygoteInit.java:946)
01-30 22:42:00.504 W/System.err(20968): Caused by: java.lang.ClassNotFoundException: Didn't find class "com.tencent.mm.opensdk.openapi.IWXAPI" on path: DexPathList[[zip file "/data/app/~~JXNJJuCGK9TFv___wKa9gw==/com.apkpure.aegon-5z2QQOSxRCTVYH_W1_WdKg==/base.apk"],nativeLibraryDirectories=[/data/app/~~JXNJJuCGK9TFv___wKa9gw==/com.apkpure.aegon-5z2QQOSxRCTVYH_W1_WdKg==/lib/arm, /data/app/~~JXNJJuCGK9TFv___wKa9gw==/com.apkpure.aegon-5z2QQOSxRCTVYH_W1_WdKg==/base.apk!/lib/armeabi-v7a, /system/lib, /system_ext/lib]]
01-30 22:42:00.504 W/System.err(20968): 	at dalvik.system.BaseDexClassLoader.findClass(BaseDexClassLoader.java:259)
01-30 22:42:00.504 W/System.err(20968): 	at java.lang.ClassLoader.loadClass(ClassLoader.java:379)
01-30 22:42:00.504 W/System.err(20968): 	at java.lang.ClassLoader.loadClass(ClassLoader.java:312)
01-30 22:42:00.504 W/System.err(20968): 	... 30 more
01-30 22:42:00.522 W/System.err(20968): java.lang.ClassNotFoundException: com.tencent.mm.opensdk.constants.Build
01-30 22:42:00.523 W/System.err(20968): 	at java.lang.Class.classForName(Native Method)
01-30 22:42:00.523 W/System.err(20968): 	at java.lang.Class.forName(Class.java:454)
01-30 22:42:00.523 W/System.err(20968): 	at java.lang.Class.forName(Class.java:379)
01-30 22:42:00.523 W/System.err(20968): 	at com.mbridge.msdk.foundation.tools.y.d(Unknown Source:2)
01-30 22:42:00.523 W/System.err(20968): 	at com.mbridge.msdk.foundation.tools.q.b(Unknown Source:4)
01-30 22:42:00.523 W/System.err(20968): 	at com.mbridge.msdk.foundation.same.net.g.e.a(Unknown Source:68)
01-30 22:42:00.523 W/System.err(20968): 	at com.mbridge.msdk.mbnative.e.a.a.a(Unknown Source:252)
01-30 22:42:00.523 W/System.err(20968): 	at com.mbridge.msdk.foundation.same.net.g.b.b(Unknown Source:22)
01-30 22:42:00.523 W/System.err(20968): 	at com.mbridge.msdk.foundation.same.net.g.b.a(Unknown Source:0)
01-30 22:42:00.523 W/System.err(20968): 	at com.mbridge.msdk.foundation.same.net.g.b.a(Unknown Source:118)
01-30 22:42:00.523 W/System.err(20968): 	at com.mbridge.msdk.foundation.same.net.g.b.a(Unknown Source:10)
01-30 22:42:00.523 W/System.err(20968): 	at com.mbridge.msdk.mbnative.controller.NativeController.b(Unknown Source:959)
01-30 22:42:00.523 W/System.err(20968): 	at com.mbridge.msdk.mbnative.controller.NativeController.a(Unknown Source:76)
01-30 22:42:00.523 W/System.err(20968): 	at com.mbridge.msdk.mbnative.controller.NativeController.b(Unknown Source:56)
01-30 22:42:00.523 W/System.err(20968): 	at com.mbridge.msdk.mbnative.controller.NativeController.a(Unknown Source:700)
01-30 22:42:00.523 W/System.err(20968): 	at com.mbridge.msdk.mbnative.e.a.a(Unknown Source:44)
01-30 22:42:00.523 W/System.err(20968): 	at com.mbridge.msdk.mbnative.e.a.a(Unknown Source:3)
01-30 22:42:00.523 W/System.err(20968): 	at com.mbridge.msdk.out.MBNativeHandler.loadMB(Unknown Source:73)
01-30 22:42:00.523 W/System.err(20968): 	at com.mbridge.msdk.out.MBNativeHandler.load(Unknown Source:12)
01-30 22:42:00.523 W/System.err(20968): 	at com.anythink.network.mintegral.MintegralATAdapter.a(Unknown Source:343)
01-30 22:42:00.523 W/System.err(20968): 	at com.anythink.network.mintegral.MintegralATAdapter$1.onSuccess(Unknown Source:16)
01-30 22:42:00.523 W/System.err(20968): 	at com.anythink.network.mintegral.MintegralATInitManager$1.run(Unknown Source:85)
01-30 22:42:00.523 W/System.err(20968): 	at android.os.Handler.handleCallback(Handler.java:942)
01-30 22:42:00.523 W/System.err(20968): 	at android.os.Handler.dispatchMessage(Handler.java:99)
01-30 22:42:00.523 W/System.err(20968): 	at android.os.Looper.loopOnce(Looper.java:201)
01-30 22:42:00.523 W/System.err(20968): 	at android.os.Looper.loop(Looper.java:288)
01-30 22:42:00.523 W/System.err(20968): 	at android.app.ActivityThread.main(ActivityThread.java:7872)
01-30 22:42:00.524 W/System.err(20968): 	at java.lang.reflect.Method.invoke(Native Method)
01-30 22:42:00.524 W/System.err(20968): 	at com.android.internal.os.RuntimeInit$MethodAndArgsCaller.run(RuntimeInit.java:548)
01-30 22:42:00.524 W/System.err(20968): 	at com.android.internal.os.ZygoteInit.main(ZygoteInit.java:946)
01-30 22:42:00.524 W/System.err(20968): Caused by: java.lang.ClassNotFoundException: Didn't find class "com.tencent.mm.opensdk.constants.Build" on path: DexPathList[[zip file "/data/app/~~JXNJJuCGK9TFv___wKa9gw==/com.apkpure.aegon-5z2QQOSxRCTVYH_W1_WdKg==/base.apk"],nativeLibraryDirectories=[/data/app/~~JXNJJuCGK9TFv___wKa9gw==/com.apkpure.aegon-5z2QQOSxRCTVYH_W1_WdKg==/lib/arm, /data/app/~~JXNJJuCGK9TFv___wKa9gw==/com.apkpure.aegon-5z2QQOSxRCTVYH_W1_WdKg==/base.apk!/lib/armeabi-v7a, /system/lib, /system_ext/lib]]
01-30 22:42:00.524 W/System.err(20968): 	at dalvik.system.BaseDexClassLoader.findClass(BaseDexClassLoader.java:259)
01-30 22:42:00.524 W/System.err(20968): 	at java.lang.ClassLoader.loadClass(ClassLoader.java:379)
01-30 22:42:00.524 W/System.err(20968): 	at java.lang.ClassLoader.loadClass(ClassLoader.java:312)
01-30 22:42:00.524 W/System.err(20968): 	... 30 more
01-30 22:42:00.526 W/System.err(20968): java.lang.ClassNotFoundException: com.tencent.mm.opensdk.openapi.IWXAPI
01-30 22:42:00.526 W/System.err(20968): 	at java.lang.Class.classForName(Native Method)
01-30 22:42:00.526 W/System.err(20968): 	at java.lang.Class.forName(Class.java:454)
01-30 22:42:00.526 W/System.err(20968): 	at java.lang.Class.forName(Class.java:379)
01-30 22:42:00.526 W/System.err(20968): 	at com.mbridge.msdk.foundation.tools.y.e(Unknown Source:7)
01-30 22:42:00.526 W/System.err(20968): 	at com.mbridge.msdk.foundation.tools.q.b(Unknown Source:4)
01-30 22:42:00.526 W/System.err(20968): 	at com.mbridge.msdk.foundation.same.net.g.e.a(Unknown Source:100)
01-30 22:42:00.526 W/System.err(20968): 	at com.mbridge.msdk.mbnative.e.a.a.a(Unknown Source:252)
01-30 22:42:00.526 W/System.err(20968): 	at com.mbridge.msdk.foundation.same.net.g.b.b(Unknown Source:22)
01-30 22:42:00.526 W/System.err(20968): 	at com.mbridge.msdk.foundation.same.net.g.b.a(Unknown Source:0)
01-30 22:42:00.526 W/System.err(20968): 	at com.mbridge.msdk.foundation.same.net.g.b.a(Unknown Source:118)
01-30 22:42:00.526 W/System.err(20968): 	at com.mbridge.msdk.foundation.same.net.g.b.a(Unknown Source:10)
01-30 22:42:00.526 W/System.err(20968): 	at com.mbridge.msdk.mbnative.controller.NativeController.b(Unknown Source:959)
01-30 22:42:00.526 W/System.err(20968): 	at com.mbridge.msdk.mbnative.controller.NativeController.a(Unknown Source:76)
01-30 22:42:00.526 W/System.err(20968): 	at com.mbridge.msdk.mbnative.controller.NativeController.b(Unknown Source:56)
01-30 22:42:00.526 W/System.err(20968): 	at com.mbridge.msdk.mbnative.controller.NativeController.a(Unknown Source:700)
01-30 22:42:00.526 W/System.err(20968): 	at com.mbridge.msdk.mbnative.e.a.a(Unknown Source:44)
01-30 22:42:00.526 W/System.err(20968): 	at com.mbridge.msdk.mbnative.e.a.a(Unknown Source:3)
01-30 22:42:00.526 W/System.err(20968): 	at com.mbridge.msdk.out.MBNativeHandler.loadMB(Unknown Source:73)
01-30 22:42:00.526 W/System.err(20968): 	at com.mbridge.msdk.out.MBNativeHandler.load(Unknown Source:12)
01-30 22:42:00.526 W/System.err(20968): 	at com.anythink.network.mintegral.MintegralATAdapter.a(Unknown Source:343)
01-30 22:42:00.526 W/System.err(20968): 	at com.anythink.network.mintegral.MintegralATAdapter$1.onSuccess(Unknown Source:16)
01-30 22:42:00.526 W/System.err(20968): 	at com.anythink.network.mintegral.MintegralATInitManager$1.run(Unknown Source:85)
01-30 22:42:00.527 W/System.err(20968): 	at android.os.Handler.handleCallback(Handler.java:942)
01-30 22:42:00.527 W/System.err(20968): 	at android.os.Handler.dispatchMessage(Handler.java:99)
01-30 22:42:00.527 W/System.err(20968): 	at android.os.Looper.loopOnce(Looper.java:201)
01-30 22:42:00.527 W/System.err(20968): 	at android.os.Looper.loop(Looper.java:288)
01-30 22:42:00.527 W/System.err(20968): 	at android.app.ActivityThread.main(ActivityThread.java:7872)
01-30 22:42:00.527 W/System.err(20968): 	at java.lang.reflect.Method.invoke(Native Method)
01-30 22:42:00.527 W/System.err(20968): 	at com.android.internal.os.RuntimeInit$MethodAndArgsCaller.run(RuntimeInit.java:548)
01-30 22:42:00.527 W/System.err(20968): 	at com.android.internal.os.ZygoteInit.main(ZygoteInit.java:946)
01-30 22:42:00.527 W/System.err(20968): Caused by: java.lang.ClassNotFoundException: Didn't find class "com.tencent.mm.opensdk.openapi.IWXAPI" on path: DexPathList[[zip file "/data/app/~~JXNJJuCGK9TFv___wKa9gw==/com.apkpure.aegon-5z2QQOSxRCTVYH_W1_WdKg==/base.apk"],nativeLibraryDirectories=[/data/app/~~JXNJJuCGK9TFv___wKa9gw==/com.apkpure.aegon-5z2QQOSxRCTVYH_W1_WdKg==/lib/arm, /data/app/~~JXNJJuCGK9TFv___wKa9gw==/com.apkpure.aegon-5z2QQOSxRCTVYH_W1_WdKg==/base.apk!/lib/armeabi-v7a, /system/lib, /system_ext/lib]]
01-30 22:42:00.527 W/System.err(20968): 	at dalvik.system.BaseDexClassLoader.findClass(BaseDexClassLoader.java:259)
01-30 22:42:00.527 W/System.err(20968): 	at java.lang.ClassLoader.loadClass(ClassLoader.java:379)
01-30 22:42:00.527 W/System.err(20968): 	at java.lang.ClassLoader.loadClass(ClassLoader.java:312)
01-30 22:42:00.527 W/System.err(20968): 	... 30 more
01-30 22:42:00.535 W/libperfmgr(  723): Failed to write to node: /sys/class/devfreq/soc:qcom,cpu-cpu-llcc-bw/bw_hwmon/hyst_trigger_count with value: 0, fd: -1
01-30 22:42:00.535 W/libperfmgr(  723): Failed to write to node: /sys/class/devfreq/soc:qcom,cpu-cpu-llcc-bw/bw_hwmon/hist_memory with value: 0, fd: -1
01-30 22:42:00.535 W/libperfmgr(  723): Failed to write to node: /sys/class/devfreq/soc:qcom,cpu-cpu-llcc-bw/bw_hwmon/hyst_length with value: 0, fd: -1
01-30 22:42:00.535 W/libperfmgr(  723): Failed to write to node: /sys/class/devfreq/soc:qcom,cpu-cpu-llcc-bw/bw_hwmon/sample_ms with value: 4, fd: -1
01-30 22:42:00.535 W/libperfmgr(  723): Failed to write to node: /sys/class/devfreq/soc:qcom,cpu-cpu-llcc-bw/bw_hwmon/io_percent with value: 34, fd: -1
01-30 22:42:00.535 W/libperfmgr(  723): Failed to write to node: /sys/class/devfreq/soc:qcom,cpu-llcc-ddr-bw/bw_hwmon/sample_ms with value: 4, fd: -1
01-30 22:42:00.536 W/libperfmgr(  723): Failed to write to node: /sys/class/devfreq/soc:qcom,cpu-llcc-ddr-bw/bw_hwmon/hyst_length with value: 10, fd: -1
01-30 22:42:00.536 W/libperfmgr(  723): Failed to write to node: /sys/class/devfreq/soc:qcom,cpu-llcc-ddr-bw/bw_hwmon/hyst_trigger_count with value: 3, fd: -1
01-30 22:42:00.536 E/PagedView( 2546): validateNewPage: failed to find a page > mMinScrollX
01-30 22:42:00.536 E/PagedView( 2546): validateNewPage: failed to find a page > mMinScrollX
01-30 22:42:00.538 D/CompatibilityChangeReporter( 1697): Compat change id reported: 197654537; UID 10293; state: ENABLED
01-30 22:42:00.538 D/CompatibilityChangeReporter( 1697): Compat change id reported: 197654537; UID 10252; state: DISABLED
01-30 22:42:00.540 W/libperfmgr(  723): Failed to write to node: /sys/class/devfreq/soc:qcom,cpu-cpu-llcc-bw/bw_hwmon/hyst_trigger_count with value: 0, fd: -1
01-30 22:42:00.540 W/libperfmgr(  723): Failed to write to node: /sys/class/devfreq/soc:qcom,cpu-cpu-llcc-bw/bw_hwmon/hist_memory with value: 0, fd: -1
01-30 22:42:00.540 W/libperfmgr(  723): Failed to write to node: /sys/class/devfreq/soc:qcom,cpu-cpu-llcc-bw/bw_hwmon/hyst_length with value: 0, fd: -1
01-30 22:42:00.540 W/libperfmgr(  723): Failed to write to node: /sys/class/devfreq/soc:qcom,cpu-cpu-llcc-bw/bw_hwmon/sample_ms with value: 4, fd: -1
01-30 22:42:00.540 W/libperfmgr(  723): Failed to write to node: /sys/class/devfreq/soc:qcom,cpu-cpu-llcc-bw/bw_hwmon/io_percent with value: 34, fd: -1
01-30 22:42:00.540 W/libperfmgr(  723): Failed to write to node: /sys/class/devfreq/soc:qcom,cpu-llcc-ddr-bw/bw_hwmon/sample_ms with value: 4, fd: -1
01-30 22:42:00.540 W/libperfmgr(  723): Failed to write to node: /sys/class/devfreq/soc:qcom,cpu-llcc-ddr-bw/bw_hwmon/hyst_length with value: 10, fd: -1
01-30 22:42:00.540 W/libperfmgr(  723): Failed to write to node: /sys/class/devfreq/soc:qcom,cpu-llcc-ddr-bw/bw_hwmon/hyst_trigger_count with value: 3, fd: -1
01-30 22:42:00.550 I/InputDispatcher( 1697): Channel [Gesture Monitor] swipe-up (server) is stealing touch from [c6108bf com.android.settings/com.android.settings.SubSettings (server), [Gesture Monitor] edge-swipe (server)]
01-30 22:42:00.552 V/ShadeControllerImpl( 2456): NotificationShadeWindow: com.android.systemui.shade.NotificationShadeWindowView{87bd406 V.E...... ........ 0,0-1080,2400 aid=8} canPanelBeCollapsed(): false
01-30 22:42:00.559 E/OpenGLRenderer( 3922): Unable to match the desired swap behavior.
01-30 22:42:00.560 W/libperfmgr(  723): Failed to write to node: /sys/class/devfreq/soc:qcom,cpu-cpu-llcc-bw/bw_hwmon/hyst_trigger_count with value: 0, fd: -1
01-30 22:42:00.560 W/libperfmgr(  723): Failed to write to node: /sys/class/devfreq/soc:qcom,cpu-cpu-llcc-bw/bw_hwmon/hist_memory with value: 0, fd: -1
01-30 22:42:00.560 W/libperfmgr(  723): Failed to write to node: /sys/class/devfreq/soc:qcom,cpu-cpu-llcc-bw/bw_hwmon/hyst_length with value: 0, fd: -1
01-30 22:42:00.560 W/libperfmgr(  723): Failed to write to node: /sys/class/devfreq/soc:qcom,cpu-cpu-llcc-bw/bw_hwmon/sample_ms with value: 4, fd: -1
01-30 22:42:00.560 W/libperfmgr(  723): Failed to write to node: /sys/class/devfreq/soc:qcom,cpu-cpu-llcc-bw/bw_hwmon/io_percent with value: 34, fd: -1
01-30 22:42:00.560 W/libperfmgr(  723): Failed to write to node: /sys/class/devfreq/soc:qcom,cpu-llcc-ddr-bw/bw_hwmon/sample_ms with value: 4, fd: -1
01-30 22:42:00.560 W/libperfmgr(  723): Failed to write to node: /sys/class/devfreq/soc:qcom,cpu-llcc-ddr-bw/bw_hwmon/hyst_length with value: 10, fd: -1
01-30 22:42:00.560 W/libperfmgr(  723): Failed to write to node: /sys/class/devfreq/soc:qcom,cpu-llcc-ddr-bw/bw_hwmon/hyst_trigger_count with value: 3, fd: -1
01-30 22:42:00.565 E/OpenGLRenderer( 2546): Unable to match the desired swap behavior.
01-30 22:42:00.568 I/LatencyTracker( 2546): ACTION_TOGGLE_RECENTS latency=35
01-30 22:42:00.594 D/TrafficStats(20968): tagSocket(295) with statsTag=0xffffffff, statsUid=-1
01-30 22:42:00.615 D/TrafficStats(20968): tagSocket(293) with statsTag=0xffffffff, statsUid=-1
01-30 22:42:00.654 I/sensors-hal( 1009): flush:209, android.sensor.accelerometer/60
01-30 22:42:00.655 I/sensors-hal( 1009): flush:215, android.sensor.accelerometer/60 completed
01-30 22:42:00.694 E/HandwritingModeController( 1697): Cannot get requestId: Handwriting was not initialized.
01-30 22:42:00.695 D/vendor.qti.vibrator.xiaomi_kona( 1095): Vibrator perform effect 21
01-30 22:42:00.695 D/vendor.qti.vibrator.xiaomi_kona( 1095): Vibrator perform effect 2
01-30 22:42:00.695 D/vendor.qti.vibrator.xiaomi_kona( 1095): Starting perform on another thread
01-30 22:42:00.700 D/vendor.qti.vibrator.xiaomi_kona( 1095): Notifying perform complete
01-30 22:42:00.701 D/vendor.qti.vibrator.xiaomi_kona( 1095): QTI Vibrator off
01-30 22:42:00.792 D/TrafficStats(20968): tagSocket(293) with statsTag=0xffffffff, statsUid=-1
01-30 22:42:00.837 D/TrafficStats(20968): tagSocket(294) with statsTag=0xffffffff, statsUid=-1
01-30 22:42:00.890 I/LatencyTracker( 1697): ACTION_START_RECENTS_ANIMATION latency=51
01-30 22:42:00.900 W/System.err(20968): java.lang.ClassNotFoundException: com.tencent.mm.opensdk.constants.Build
01-30 22:42:00.900 W/System.err(20968): 	at java.lang.Class.classForName(Native Method)
01-30 22:42:00.900 W/System.err(20968): 	at java.lang.Class.forName(Class.java:454)
01-30 22:42:00.900 W/System.err(20968): 	at java.lang.Class.forName(Class.java:379)
01-30 22:42:00.900 W/System.err(20968): 	at com.mbridge.msdk.foundation.tools.y.d(Unknown Source:2)
01-30 22:42:00.900 W/System.err(20968): 	at com.mbridge.msdk.foundation.tools.q.b(Unknown Source:4)
01-30 22:42:00.900 W/System.err(20968): 	at com.mbridge.msdk.foundation.same.net.g.e.a(Unknown Source:68)
01-30 22:42:00.900 W/System.err(20968): 	at com.mbridge.msdk.mbnative.e.a.a.a(Unknown Source:252)
01-30 22:42:00.900 W/System.err(20968): 	at com.mbridge.msdk.foundation.same.net.g.b.b(Unknown Source:22)
01-30 22:42:00.900 W/System.err(20968): 	at com.mbridge.msdk.foundation.same.net.g.b.a(Unknown Source:0)
01-30 22:42:00.900 W/System.err(20968): 	at com.mbridge.msdk.foundation.same.net.g.b.a(Unknown Source:118)
01-30 22:42:00.900 W/System.err(20968): 	at com.mbridge.msdk.foundation.same.net.g.b.a(Unknown Source:10)
01-30 22:42:00.900 W/System.err(20968): 	at com.mbridge.msdk.mbnative.controller.NativeController.b(Unknown Source:959)
01-30 22:42:00.900 W/System.err(20968): 	at com.mbridge.msdk.mbnative.controller.NativeController.a(Unknown Source:76)
01-30 22:42:00.900 W/System.err(20968): 	at com.mbridge.msdk.mbnative.controller.NativeController.b(Unknown Source:56)
01-30 22:42:00.900 W/System.err(20968): 	at com.mbridge.msdk.mbnative.controller.NativeController.a(Unknown Source:700)
01-30 22:42:00.900 W/System.err(20968): 	at com.mbridge.msdk.mbnative.e.a.a(Unknown Source:44)
01-30 22:42:00.900 W/System.err(20968): 	at com.mbridge.msdk.mbnative.e.a.a(Unknown Source:3)
01-30 22:42:00.900 W/System.err(20968): 	at com.mbridge.msdk.out.MBNativeHandler.loadMB(Unknown Source:73)
01-30 22:42:00.901 W/System.err(20968): 	at com.mbridge.msdk.out.MBNativeHandler.load(Unknown Source:12)
01-30 22:42:00.901 W/System.err(20968): 	at com.anythink.network.mintegral.MintegralATAdapter.a(Unknown Source:343)
01-30 22:42:00.901 W/System.err(20968): 	at com.anythink.network.mintegral.MintegralATAdapter$1.onSuccess(Unknown Source:16)
01-30 22:42:00.901 W/System.err(20968): 	at com.anythink.network.mintegral.MintegralATInitManager$1.run(Unknown Source:85)
01-30 22:42:00.901 W/System.err(20968): 	at android.os.Handler.handleCallback(Handler.java:942)
01-30 22:42:00.901 W/System.err(20968): 	at android.os.Handler.dispatchMessage(Handler.java:99)
01-30 22:42:00.901 W/System.err(20968): 	at android.os.Looper.loopOnce(Looper.java:201)
01-30 22:42:00.901 W/System.err(20968): 	at android.os.Looper.loop(Looper.java:288)
01-30 22:42:00.901 W/System.err(20968): 	at android.app.ActivityThread.main(ActivityThread.java:7872)
01-30 22:42:00.901 W/System.err(20968): 	at java.lang.reflect.Method.invoke(Native Method)
01-30 22:42:00.901 W/System.err(20968): 	at com.android.internal.os.RuntimeInit$MethodAndArgsCaller.run(RuntimeInit.java:548)
01-30 22:42:00.901 W/System.err(20968): 	at com.android.internal.os.ZygoteInit.main(ZygoteInit.java:946)
01-30 22:42:00.901 W/System.err(20968): Caused by: java.lang.ClassNotFoundException: Didn't find class "com.tencent.mm.opensdk.constants.Build" on path: DexPathList[[zip file "/data/app/~~JXNJJuCGK9TFv___wKa9gw==/com.apkpure.aegon-5z2QQOSxRCTVYH_W1_WdKg==/base.apk"],nativeLibraryDirectories=[/data/app/~~JXNJJuCGK9TFv___wKa9gw==/com.apkpure.aegon-5z2QQOSxRCTVYH_W1_WdKg==/lib/arm, /data/app/~~JXNJJuCGK9TFv___wKa9gw==/com.apkpure.aegon-5z2QQOSxRCTVYH_W1_WdKg==/base.apk!/lib/armeabi-v7a, /system/lib, /system_ext/lib]]
01-30 22:42:00.901 W/System.err(20968): 	at dalvik.system.BaseDexClassLoader.findClass(BaseDexClassLoader.java:259)
01-30 22:42:00.901 W/System.err(20968): 	at java.lang.ClassLoader.loadClass(ClassLoader.java:379)
01-30 22:42:00.901 W/System.err(20968): 	at java.lang.ClassLoader.loadClass(ClassLoader.java:312)
01-30 22:42:00.901 W/System.err(20968): 	... 30 more
01-30 22:42:00.902 W/System.err(20968): java.lang.ClassNotFoundException: com.tencent.mm.opensdk.openapi.IWXAPI
01-30 22:42:00.902 W/System.err(20968): 	at java.lang.Class.classForName(Native Method)
01-30 22:42:00.902 W/System.err(20968): 	at java.lang.Class.forName(Class.java:454)
01-30 22:42:00.902 W/System.err(20968): 	at java.lang.Class.forName(Class.java:379)
01-30 22:42:00.902 W/System.err(20968): 	at com.mbridge.msdk.foundation.tools.y.e(Unknown Source:7)
01-30 22:42:00.902 W/System.err(20968): 	at com.mbridge.msdk.foundation.tools.q.b(Unknown Source:4)
01-30 22:42:00.902 W/System.err(20968): 	at com.mbridge.msdk.foundation.same.net.g.e.a(Unknown Source:100)
01-30 22:42:00.902 W/System.err(20968): 	at com.mbridge.msdk.mbnative.e.a.a.a(Unknown Source:252)
01-30 22:42:00.902 W/System.err(20968): 	at com.mbridge.msdk.foundation.same.net.g.b.b(Unknown Source:22)
01-30 22:42:00.902 W/System.err(20968): 	at com.mbridge.msdk.foundation.same.net.g.b.a(Unknown Source:0)
01-30 22:42:00.902 W/System.err(20968): 	at com.mbridge.msdk.foundation.same.net.g.b.a(Unknown Source:118)
01-30 22:42:00.902 W/System.err(20968): 	at com.mbridge.msdk.foundation.same.net.g.b.a(Unknown Source:10)
01-30 22:42:00.902 W/System.err(20968): 	at com.mbridge.msdk.mbnative.controller.NativeController.b(Unknown Source:959)
01-30 22:42:00.903 W/System.err(20968): 	at com.mbridge.msdk.mbnative.controller.NativeController.a(Unknown Source:76)
01-30 22:42:00.903 W/System.err(20968): 	at com.mbridge.msdk.mbnative.controller.NativeController.b(Unknown Source:56)
01-30 22:42:00.903 W/System.err(20968): 	at com.mbridge.msdk.mbnative.controller.NativeController.a(Unknown Source:700)
01-30 22:42:00.903 W/System.err(20968): 	at com.mbridge.msdk.mbnative.e.a.a(Unknown Source:44)
01-30 22:42:00.903 W/System.err(20968): 	at com.mbridge.msdk.mbnative.e.a.a(Unknown Source:3)
01-30 22:42:00.903 W/System.err(20968): 	at com.mbridge.msdk.out.MBNativeHandler.loadMB(Unknown Source:73)
01-30 22:42:00.903 W/System.err(20968): 	at com.mbridge.msdk.out.MBNativeHandler.load(Unknown Source:12)
01-30 22:42:00.903 W/System.err(20968): 	at com.anythink.network.mintegral.MintegralATAdapter.a(Unknown Source:343)
01-30 22:42:00.903 W/System.err(20968): 	at com.anythink.network.mintegral.MintegralATAdapter$1.onSuccess(Unknown Source:16)
01-30 22:42:00.903 W/System.err(20968): 	at com.anythink.network.mintegral.MintegralATInitManager$1.run(Unknown Source:85)
01-30 22:42:00.903 W/System.err(20968): 	at android.os.Handler.handleCallback(Handler.java:942)
01-30 22:42:00.903 W/System.err(20968): 	at android.os.Handler.dispatchMessage(Handler.java:99)
01-30 22:42:00.903 W/System.err(20968): 	at android.os.Looper.loopOnce(Looper.java:201)
01-30 22:42:00.903 W/System.err(20968): 	at android.os.Looper.loop(Looper.java:288)
01-30 22:42:00.903 W/System.err(20968): 	at android.app.ActivityThread.main(ActivityThread.java:7872)
01-30 22:42:00.903 W/System.err(20968): 	at java.lang.reflect.Method.invoke(Native Method)
01-30 22:42:00.903 W/System.err(20968): 	at com.android.internal.os.RuntimeInit$MethodAndArgsCaller.run(RuntimeInit.java:548)
01-30 22:42:00.903 W/System.err(20968): 	at com.android.internal.os.ZygoteInit.main(ZygoteInit.java:946)
01-30 22:42:00.903 W/System.err(20968): Caused by: java.lang.ClassNotFoundException: Didn't find class "com.tencent.mm.opensdk.openapi.IWXAPI" on path: DexPathList[[zip file "/data/app/~~JXNJJuCGK9TFv___wKa9gw==/com.apkpure.aegon-5z2QQOSxRCTVYH_W1_WdKg==/base.apk"],nativeLibraryDirectories=[/data/app/~~JXNJJuCGK9TFv___wKa9gw==/com.apkpure.aegon-5z2QQOSxRCTVYH_W1_WdKg==/lib/arm, /data/app/~~JXNJJuCGK9TFv___wKa9gw==/com.apkpure.aegon-5z2QQOSxRCTVYH_W1_WdKg==/base.apk!/lib/armeabi-v7a, /system/lib, /system_ext/lib]]
01-30 22:42:00.903 W/System.err(20968): 	at dalvik.system.BaseDexClassLoader.findClass(BaseDexClassLoader.java:259)
01-30 22:42:00.903 W/System.err(20968): 	at java.lang.ClassLoader.loadClass(ClassLoader.java:379)
01-30 22:42:00.903 W/System.err(20968): 	at java.lang.ClassLoader.loadClass(ClassLoader.java:312)
01-30 22:42:00.903 W/System.err(20968): 	... 30 more
01-30 22:42:00.911 D/TrafficStats(20968): tagSocket(295) with statsTag=0xffffffff, statsUid=-1
01-30 22:42:01.059 W/libperfmgr(  723): Failed to write to node: /sys/class/devfreq/soc:qcom,cpu-cpu-llcc-bw/bw_hwmon/hyst_trigger_count with value: 0, fd: -1
01-30 22:42:01.059 W/libperfmgr(  723): Failed to write to node: /sys/class/devfreq/soc:qcom,cpu-cpu-llcc-bw/bw_hwmon/hist_memory with value: 0, fd: -1
01-30 22:42:01.059 W/libperfmgr(  723): Failed to write to node: /sys/class/devfreq/soc:qcom,cpu-cpu-llcc-bw/bw_hwmon/hyst_length with value: 0, fd: -1
01-30 22:42:01.059 W/libperfmgr(  723): Failed to write to node: /sys/class/devfreq/soc:qcom,cpu-cpu-llcc-bw/bw_hwmon/sample_ms with value: 4, fd: -1
01-30 22:42:01.059 W/libperfmgr(  723): Failed to write to node: /sys/class/devfreq/soc:qcom,cpu-cpu-llcc-bw/bw_hwmon/io_percent with value: 34, fd: -1
01-30 22:42:01.059 W/libperfmgr(  723): Failed to write to node: /sys/class/devfreq/soc:qcom,cpu-llcc-ddr-bw/bw_hwmon/sample_ms with value: 4, fd: -1
01-30 22:42:01.059 W/libperfmgr(  723): Failed to write to node: /sys/class/devfreq/soc:qcom,cpu-llcc-ddr-bw/bw_hwmon/hyst_length with value: 10, fd: -1
01-30 22:42:01.059 W/libperfmgr(  723): Failed to write to node: /sys/class/devfreq/soc:qcom,cpu-llcc-ddr-bw/bw_hwmon/hyst_trigger_count with value: 3, fd: -1
01-30 22:42:01.060 D/CompatibilityChangeReporter( 1697): Compat change id reported: 194833441; UID 10293; state: DISABLED
01-30 22:42:01.062 D/CompatibilityChangeReporter( 1697): Compat change id reported: 168419799; UID 10293; state: DISABLED
01-30 22:42:01.069 D/CompatibilityChangeReporter( 1697): Compat change id reported: 181136395; UID 10293; state: DISABLED
01-30 22:42:01.069 D/CompatibilityChangeReporter( 1697): Compat change id reported: 174042936; UID 10293; state: DISABLED
01-30 22:42:01.078 W/libperfmgr(  723): Failed to write to node: /sys/class/devfreq/soc:qcom,cpu-cpu-llcc-bw/bw_hwmon/hyst_trigger_count with value: 0, fd: -1
01-30 22:42:01.078 W/libperfmgr(  723): Failed to write to node: /sys/class/devfreq/soc:qcom,cpu-cpu-llcc-bw/bw_hwmon/hist_memory with value: 0, fd: -1
01-30 22:42:01.078 W/libperfmgr(  723): Failed to write to node: /sys/class/devfreq/soc:qcom,cpu-cpu-llcc-bw/bw_hwmon/hyst_length with value: 0, fd: -1
01-30 22:42:01.078 W/libperfmgr(  723): Failed to write to node: /sys/class/devfreq/soc:qcom,cpu-cpu-llcc-bw/bw_hwmon/sample_ms with value: 4, fd: -1
01-30 22:42:01.078 W/libperfmgr(  723): Failed to write to node: /sys/class/devfreq/soc:qcom,cpu-cpu-llcc-bw/bw_hwmon/io_percent with value: 34, fd: -1
01-30 22:42:01.078 W/libperfmgr(  723): Failed to write to node: /sys/class/devfreq/soc:qcom,cpu-llcc-ddr-bw/bw_hwmon/sample_ms with value: 4, fd: -1
01-30 22:42:01.078 W/libperfmgr(  723): Failed to write to node: /sys/class/devfreq/soc:qcom,cpu-llcc-ddr-bw/bw_hwmon/hyst_length with value: 10, fd: -1
01-30 22:42:01.078 W/libperfmgr(  723): Failed to write to node: /sys/class/devfreq/soc:qcom,cpu-llcc-ddr-bw/bw_hwmon/hyst_trigger_count with value: 3, fd: -1
01-30 22:42:01.080 E/OpenGLRenderer(21667): Unable to match the desired swap behavior.
01-30 22:42:01.092 W/libperfmgr(  723): Failed to write to node: /sys/class/devfreq/soc:qcom,cpu-cpu-llcc-bw/bw_hwmon/hyst_trigger_count with value: 0, fd: -1
01-30 22:42:01.093 W/libperfmgr(  723): Failed to write to node: /sys/class/devfreq/soc:qcom,cpu-cpu-llcc-bw/bw_hwmon/hist_memory with value: 0, fd: -1
01-30 22:42:01.093 W/libperfmgr(  723): Failed to write to node: /sys/class/devfreq/soc:qcom,cpu-cpu-llcc-bw/bw_hwmon/hyst_length with value: 0, fd: -1
01-30 22:42:01.093 W/libperfmgr(  723): Failed to write to node: /sys/class/devfreq/soc:qcom,cpu-cpu-llcc-bw/bw_hwmon/sample_ms with value: 4, fd: -1
01-30 22:42:01.093 W/libperfmgr(  723): Failed to write to node: /sys/class/devfreq/soc:qcom,cpu-cpu-llcc-bw/bw_hwmon/io_percent with value: 34, fd: -1
01-30 22:42:01.093 W/libperfmgr(  723): Failed to write to node: /sys/class/devfreq/soc:qcom,cpu-llcc-ddr-bw/bw_hwmon/sample_ms with value: 4, fd: -1
01-30 22:42:01.093 W/libperfmgr(  723): Failed to write to node: /sys/class/devfreq/soc:qcom,cpu-llcc-ddr-bw/bw_hwmon/hyst_length with value: 10, fd: -1
01-30 22:42:01.093 W/libperfmgr(  723): Failed to write to node: /sys/class/devfreq/soc:qcom,cpu-llcc-ddr-bw/bw_hwmon/hyst_trigger_count with value: 3, fd: -1
01-30 22:42:01.118 W/UsageStatsService( 1697): Unexpected activity event reported! (com.android.launcher3/com.android.launcher3.uioverrides.QuickstepLauncher event : 23 instanceId : 190981777)
01-30 22:42:01.119 W/System  ( 2546): A resource failed to call CursorWindow.close. 
01-30 22:42:01.119 W/System  ( 2546): A resource failed to call CursorWrapperInner.close. 
01-30 22:42:01.119 W/System  ( 2546): A resource failed to call CursorWindow.close. 
01-30 22:42:01.119 W/System  ( 2546): A resource failed to call CursorWrapperInner.close. 
01-30 22:42:01.120 W/System  ( 2546): A resource failed to call CursorWindow.close. 
01-30 22:42:01.120 W/System  ( 2546): A resource failed to call CursorWrapperInner.close. 
01-30 22:42:01.120 W/System  ( 2546): A resource failed to call CursorWindow.close. 
01-30 22:42:01.120 W/System  ( 2546): A resource failed to call CursorWrapperInner.close. 
01-30 22:42:01.160 D/DlbDap2Process(  959): process() called [89500] times with input channel mask 0x3 (ProcessingMode=1)
01-30 22:42:01.162 D/TrafficStats(20968): tagSocket(295) with statsTag=0xffffffff, statsUid=-1
01-30 22:42:01.165 D/QCNEJ/WlanStaInfoRelay( 2736): Received action: android.net.wifi.RSSI_CHANGED
01-30 22:42:01.174 D/CompatibilityChangeReporter( 1697): Compat change id reported: 168419799; UID 1000; state: DISABLED
01-30 22:42:01.196 W/InputManager-JNI( 1697): Input channel object '6113eca SnapshotStartingWindow for taskId=40 (client)' was disposed without first being removed with the input manager!
01-30 22:42:01.534 W/libperfmgr(  723): Failed to write to node: /sys/class/devfreq/soc:qcom,cpu-cpu-llcc-bw/bw_hwmon/hyst_trigger_count with value: 0, fd: -1
01-30 22:42:01.534 W/libperfmgr(  723): Failed to write to node: /sys/class/devfreq/soc:qcom,cpu-cpu-llcc-bw/bw_hwmon/hist_memory with value: 0, fd: -1
01-30 22:42:01.534 W/libperfmgr(  723): Failed to write to node: /sys/class/devfreq/soc:qcom,cpu-cpu-llcc-bw/bw_hwmon/hyst_length with value: 0, fd: -1
01-30 22:42:01.534 W/libperfmgr(  723): Failed to write to node: /sys/class/devfreq/soc:qcom,cpu-cpu-llcc-bw/bw_hwmon/sample_ms with value: 4, fd: -1
01-30 22:42:01.534 W/libperfmgr(  723): Failed to write to node: /sys/class/devfreq/soc:qcom,cpu-cpu-llcc-bw/bw_hwmon/io_percent with value: 34, fd: -1
01-30 22:42:01.534 W/libperfmgr(  723): Failed to write to node: /sys/class/devfreq/soc:qcom,cpu-llcc-ddr-bw/bw_hwmon/sample_ms with value: 4, fd: -1
01-30 22:42:01.534 W/libperfmgr(  723): Failed to write to node: /sys/class/devfreq/soc:qcom,cpu-llcc-ddr-bw/bw_hwmon/hyst_length with value: 10, fd: -1
01-30 22:42:01.534 W/libperfmgr(  723): Failed to write to node: /sys/class/devfreq/soc:qcom,cpu-llcc-ddr-bw/bw_hwmon/hyst_trigger_count with value: 3, fd: -1
01-30 22:42:01.705 W/libperfmgr(  723): Failed to write to node: /sys/class/devfreq/soc:qcom,cpu-cpu-llcc-bw/bw_hwmon/hyst_trigger_count with value: 3, fd: -1
01-30 22:42:01.705 W/libperfmgr(  723): Failed to write to node: /sys/class/devfreq/soc:qcom,cpu-cpu-llcc-bw/bw_hwmon/hist_memory with value: 20, fd: -1
01-30 22:42:01.705 W/libperfmgr(  723): Failed to write to node: /sys/class/devfreq/soc:qcom,cpu-cpu-llcc-bw/bw_hwmon/hyst_length with value: 10, fd: -1
01-30 22:42:01.705 W/libperfmgr(  723): Failed to write to node: /sys/class/devfreq/soc:qcom,cpu-cpu-llcc-bw/bw_hwmon/sample_ms with value: 4, fd: -1
01-30 22:42:01.705 W/libperfmgr(  723): Failed to write to node: /sys/class/devfreq/soc:qcom,cpu-cpu-llcc-bw/bw_hwmon/io_percent with value: 34, fd: -1
01-30 22:42:01.705 W/libperfmgr(  723): Failed to write to node: /sys/class/devfreq/soc:qcom,cpu-llcc-ddr-bw/bw_hwmon/sample_ms with value: 4, fd: -1
01-30 22:42:01.705 W/libperfmgr(  723): Failed to write to node: /sys/class/devfreq/soc:qcom,cpu-llcc-ddr-bw/bw_hwmon/hyst_length with value: 10, fd: -1
01-30 22:42:01.705 W/libperfmgr(  723): Failed to write to node: /sys/class/devfreq/soc:qcom,cpu-llcc-ddr-bw/bw_hwmon/hyst_trigger_count with value: 3, fd: -1
01-30 22:42:02.024 D/audio_hw_primary(  959): out_standby: enter: stream (0xed2c64c0) usecase(1: low-latency-playback)
01-30 22:42:02.165 D/audio_hw_primary(  959): stop_output_stream: enter: usecase(1: low-latency-playback)
01-30 22:42:02.165 V/send_data_to_xlog(  959): send_audio_bigdata_to_xlog
01-30 22:42:02.165 D/audio_hw_primary(  959): disable_audio_route: reset and update mixer path: low-latency-playback speaker
01-30 22:42:02.167 D/audio_hw_primary(  959): [force reset] del low-latency-playback speaker 1
01-30 22:42:02.167 E/soundtrigger(  959): audio_extn_sound_trigger_update_stream_status: invalid input device 0x0, for event 2
01-30 22:42:02.167 D/soundtrigger(  959): audio_extn_sound_trigger_update_stream_status: uc_info->id 1 of type 0 for Event 2, with Raise=0
01-30 22:42:02.167 D/msm8974_platform(  959): platform_split_snd_device: snd_device(2) num devices(0) new_snd_devices(0)
01-30 22:42:02.167 I/msm8974_platform(  959): platform_get_custom_mtmx_params: no matching param with id 0 ip_ch 2 op_ch 2 uc_id 1 snd_dev 2
01-30 22:42:02.167 D/hardware_info(  959): hw_info_append_hw_type : device_name = speaker
01-30 22:42:02.167 D/audio_hw_primary(  959): disable_snd_device: device ref cnt is 1[2]
01-30 22:42:02.167 D/audio_hw_primary(  959): disable_snd_device: snd_device(2: speaker)[SND_DEVICE_OUT_SPEAKER]
01-30 22:42:02.167 D/msm8974_platform(  959): platform_split_snd_device: snd_device(2) num devices(0) new_snd_devices(0)
01-30 22:42:02.174 D/hardware_info(  959): hw_info_append_hw_type : device_name = vi-feedback
01-30 22:42:02.174 D/audio_hw_primary(  959): disable_snd_device: device ref cnt is 1[253]
01-30 22:42:02.174 D/audio_hw_primary(  959): disable_snd_device: snd_device(253: vi-feedback)[SND_DEVICE_IN_CAPTURE_VI_FEEDBACK]
01-30 22:42:02.174 D/msm8974_platform(  959): platform_split_snd_device: snd_device(253) num devices(0) new_snd_devices(0)
01-30 22:42:02.174 I/soundtrigger(  959): audio_extn_sound_trigger_update_device_status: device 0xfd of type 1 for Event 0, with Raise=0
01-30 22:42:02.174 D/audio_hw_primary(  959): disable_audio_route: reset and update mixer path: spkr-vi-record
01-30 22:42:02.175 D/audio_hw_primary(  959): [force reset] del spkr-vi-record 1
01-30 22:42:02.175 D/soundtrigger(  959): audio_extn_sound_trigger_update_stream_status: uc_info->id 53 of type 1 for Event 2, with Raise=0
01-30 22:42:02.175 I/soundtrigger(  959): audio_extn_sound_trigger_update_device_status: device 0x2 of type 0 for Event 0, with Raise=0
01-30 22:42:02.175 D/audio_hw_primary(  959): stop_output_stream: exit: status(0)
01-30 22:42:02.175 D/audio_hw_primary(  959): out_standby: exit
01-30 22:42:02.206 W/libperfmgr(  723): Failed to write to node: /sys/class/devfreq/soc:qcom,cpu-cpu-llcc-bw/bw_hwmon/hyst_trigger_count with value: 3, fd: -1
01-30 22:42:02.206 W/libperfmgr(  723): Failed to write to node: /sys/class/devfreq/soc:qcom,cpu-cpu-llcc-bw/bw_hwmon/hist_memory with value: 20, fd: -1
01-30 22:42:02.206 W/libperfmgr(  723): Failed to write to node: /sys/class/devfreq/soc:qcom,cpu-cpu-llcc-bw/bw_hwmon/hyst_length with value: 10, fd: -1
01-30 22:42:02.206 W/libperfmgr(  723): Failed to write to node: /sys/class/devfreq/soc:qcom,cpu-cpu-llcc-bw/bw_hwmon/sample_ms with value: 4, fd: -1
01-30 22:42:02.206 W/libperfmgr(  723): Failed to write to node: /sys/class/devfreq/soc:qcom,cpu-cpu-llcc-bw/bw_hwmon/io_percent with value: 34, fd: -1
01-30 22:42:02.207 W/libperfmgr(  723): Failed to write to node: /sys/class/devfreq/soc:qcom,cpu-llcc-ddr-bw/bw_hwmon/sample_ms with value: 4, fd: -1
01-30 22:42:02.207 W/libperfmgr(  723): Failed to write to node: /sys/class/devfreq/soc:qcom,cpu-llcc-ddr-bw/bw_hwmon/hyst_length with value: 10, fd: -1
01-30 22:42:02.207 W/libperfmgr(  723): Failed to write to node: /sys/class/devfreq/soc:qcom,cpu-llcc-ddr-bw/bw_hwmon/hyst_trigger_count with value: 3, fd: -1
01-30 22:42:02.708 W/libperfmgr(  723): Failed to write to node: /sys/class/devfreq/soc:qcom,cpu-cpu-llcc-bw/bw_hwmon/hyst_trigger_count with value: 3, fd: -1
01-30 22:42:02.708 W/libperfmgr(  723): Failed to write to node: /sys/class/devfreq/soc:qcom,cpu-cpu-llcc-bw/bw_hwmon/hist_memory with value: 20, fd: -1
01-30 22:42:02.708 W/libperfmgr(  723): Failed to write to node: /sys/class/devfreq/soc:qcom,cpu-cpu-llcc-bw/bw_hwmon/hyst_length with value: 10, fd: -1
01-30 22:42:02.708 W/libperfmgr(  723): Failed to write to node: /sys/class/devfreq/soc:qcom,cpu-cpu-llcc-bw/bw_hwmon/sample_ms with value: 4, fd: -1
01-30 22:42:02.708 W/libperfmgr(  723): Failed to write to node: /sys/class/devfreq/soc:qcom,cpu-cpu-llcc-bw/bw_hwmon/io_percent with value: 34, fd: -1
01-30 22:42:02.709 W/libperfmgr(  723): Failed to write to node: /sys/class/devfreq/soc:qcom,cpu-llcc-ddr-bw/bw_hwmon/sample_ms with value: 4, fd: -1
01-30 22:42:02.709 W/libperfmgr(  723): Failed to write to node: /sys/class/devfreq/soc:qcom,cpu-llcc-ddr-bw/bw_hwmon/hyst_length with value: 10, fd: -1
01-30 22:42:02.709 W/libperfmgr(  723): Failed to write to node: /sys/class/devfreq/soc:qcom,cpu-llcc-ddr-bw/bw_hwmon/hyst_trigger_count with value: 3, fd: -1
01-30 22:42:03.210 W/libperfmgr(  723): Failed to write to node: /sys/class/devfreq/soc:qcom,cpu-cpu-llcc-bw/bw_hwmon/hyst_trigger_count with value: 3, fd: -1
01-30 22:42:03.210 W/libperfmgr(  723): Failed to write to node: /sys/class/devfreq/soc:qcom,cpu-cpu-llcc-bw/bw_hwmon/hist_memory with value: 20, fd: -1
01-30 22:42:03.210 W/libperfmgr(  723): Failed to write to node: /sys/class/devfreq/soc:qcom,cpu-cpu-llcc-bw/bw_hwmon/hyst_length with value: 10, fd: -1
01-30 22:42:03.210 W/libperfmgr(  723): Failed to write to node: /sys/class/devfreq/soc:qcom,cpu-cpu-llcc-bw/bw_hwmon/sample_ms with value: 4, fd: -1
01-30 22:42:03.210 W/libperfmgr(  723): Failed to write to node: /sys/class/devfreq/soc:qcom,cpu-cpu-llcc-bw/bw_hwmon/io_percent with value: 34, fd: -1
01-30 22:42:03.210 W/libperfmgr(  723): Failed to write to node: /sys/class/devfreq/soc:qcom,cpu-llcc-ddr-bw/bw_hwmon/sample_ms with value: 4, fd: -1
01-30 22:42:03.210 W/libperfmgr(  723): Failed to write to node: /sys/class/devfreq/soc:qcom,cpu-llcc-ddr-bw/bw_hwmon/hyst_length with value: 10, fd: -1
01-30 22:42:03.210 W/libperfmgr(  723): Failed to write to node: /sys/class/devfreq/soc:qcom,cpu-llcc-ddr-bw/bw_hwmon/hyst_trigger_count with value: 3, fd: -1
01-30 22:42:03.327 I/OnDeviceChannelBuilder( 3351): OnDeviceChannelBuilder$TransportFactory.newClientTransport():337 Creating cross-process transport to AndroidComponentAddress[Intent { act=grpc.io.action.BIND cmp=com.google.android.googlequicksearchbox/com.google.android.apps.search.assistant.surfaces.dictation.service.endpoint.AssistantDictationService }]
01-30 22:42:03.343 I/A       ( 3922): (REDACTED) Created gRPC endpoint for service %s
01-30 22:42:03.345 I/A       ( 3922): Rejecting binding: dictation is disabled. [SD]
01-30 22:42:03.711 W/libperfmgr(  723): Failed to write to node: /sys/class/devfreq/soc:qcom,cpu-cpu-llcc-bw/bw_hwmon/hyst_trigger_count with value: 3, fd: -1
01-30 22:42:03.711 W/libperfmgr(  723): Failed to write to node: /sys/class/devfreq/soc:qcom,cpu-cpu-llcc-bw/bw_hwmon/hist_memory with value: 20, fd: -1
01-30 22:42:03.712 W/libperfmgr(  723): Failed to write to node: /sys/class/devfreq/soc:qcom,cpu-cpu-llcc-bw/bw_hwmon/hyst_length with value: 10, fd: -1
01-30 22:42:03.712 W/libperfmgr(  723): Failed to write to node: /sys/class/devfreq/soc:qcom,cpu-cpu-llcc-bw/bw_hwmon/sample_ms with value: 4, fd: -1
