01-30 22:42:10.860 W/System.err(20968): Caused by: java.lang.ClassNotFoundException: Didn't find class "com.tencent.mm.opensdk.openapi.IWXAPI" on path: DexPathList[[zip file "/data/app/~~JXNJJuCGK9TFv___wKa9gw==/com.apkpure.aegon-5z2QQOSxRCTVYH_W1_WdKg==/base.apk"],nativeLibraryDirectories=[/data/app/~~JXNJJuCGK9TFv___wKa9gw==/com.apkpure.aegon-5z2QQOSxRCTVYH_W1_WdKg==/lib/arm, /data/app/~~JXNJJuCGK9TFv___wKa9gw==/com.apkpure.aegon-5z2QQOSxRCTVYH_W1_WdKg==/base.apk!/lib/armeabi-v7a, /system/lib, /system_ext/lib]]
01-30 22:42:10.860 W/System.err(20968): 	at dalvik.system.BaseDexClassLoader.findClass(BaseDexClassLoader.java:259)
01-30 22:42:10.860 W/System.err(20968): 	at java.lang.ClassLoader.loadClass(ClassLoader.java:379)
01-30 22:42:10.860 W/System.err(20968): 	at java.lang.ClassLoader.loadClass(ClassLoader.java:312)
01-30 22:42:10.860 W/System.err(20968): 	... 30 more
01-30 22:42:10.866 D/TrafficStats(20968): tagSocket(293) with statsTag=0xffffffff, statsUid=-1
01-30 22:42:10.871 D/TrafficStats(20968): tagSocket(294) with statsTag=0xffffffff, statsUid=-1
01-30 22:42:11.035 W/libperfmgr(  723): Failed to write to node: /sys/class/devfreq/soc:qcom,cpu-cpu-llcc-bw/bw_hwmon/hyst_trigger_count with value: 3, fd: -1
01-30 22:42:11.035 W/libperfmgr(  723): Failed to write to node: /sys/class/devfreq/soc:qcom,cpu-cpu-llcc-bw/bw_hwmon/hist_memory with value: 20, fd: -1
01-30 22:42:11.035 W/libperfmgr(  723): Failed to write to node: /sys/class/devfreq/soc:qcom,cpu-cpu-llcc-bw/bw_hwmon/hyst_length with value: 10, fd: -1
01-30 22:42:11.035 W/libperfmgr(  723): Failed to write to node: /sys/class/devfreq/soc:qcom,cpu-cpu-llcc-bw/bw_hwmon/sample_ms with value: 4, fd: -1
01-30 22:42:11.035 W/libperfmgr(  723): Failed to write to node: /sys/class/devfreq/soc:qcom,cpu-cpu-llcc-bw/bw_hwmon/io_percent with value: 34, fd: -1
01-30 22:42:11.035 W/libperfmgr(  723): Failed to write to node: /sys/class/devfreq/soc:qcom,cpu-llcc-ddr-bw/bw_hwmon/sample_ms with value: 4, fd: -1
01-30 22:42:11.035 W/libperfmgr(  723): Failed to write to node: /sys/class/devfreq/soc:qcom,cpu-llcc-ddr-bw/bw_hwmon/hyst_length with value: 10, fd: -1
01-30 22:42:11.035 W/libperfmgr(  723): Failed to write to node: /sys/class/devfreq/soc:qcom,cpu-llcc-ddr-bw/bw_hwmon/hyst_trigger_count with value: 3, fd: -1
01-30 22:42:11.099 D/TrafficStats(20968): tagSocket(293) with statsTag=0xffffffff, statsUid=-1
01-30 22:42:11.112 D/TrafficStats(20968): tagSocket(294) with statsTag=0xffffffff, statsUid=-1
01-30 22:42:11.172 W/System.err(20968): java.lang.ClassNotFoundException: com.tencent.mm.opensdk.constants.Build
01-30 22:42:11.173 W/System.err(20968): 	at java.lang.Class.classForName(Native Method)
01-30 22:42:11.173 W/System.err(20968): 	at java.lang.Class.forName(Class.java:454)
01-30 22:42:11.173 W/System.err(20968): 	at java.lang.Class.forName(Class.java:379)
01-30 22:42:11.173 W/System.err(20968): 	at com.mbridge.msdk.foundation.tools.y.d(Unknown Source:2)
01-30 22:42:11.173 W/System.err(20968): 	at com.mbridge.msdk.foundation.tools.q.b(Unknown Source:4)
01-30 22:42:11.173 W/System.err(20968): 	at com.mbridge.msdk.foundation.same.net.g.e.a(Unknown Source:68)
01-30 22:42:11.173 W/System.err(20968): 	at com.mbridge.msdk.mbnative.e.a.a.a(Unknown Source:252)
01-30 22:42:11.173 W/System.err(20968): 	at com.mbridge.msdk.foundation.same.net.g.b.b(Unknown Source:22)
01-30 22:42:11.173 W/System.err(20968): 	at com.mbridge.msdk.foundation.same.net.g.b.a(Unknown Source:0)
01-30 22:42:11.173 W/System.err(20968): 	at com.mbridge.msdk.foundation.same.net.g.b.a(Unknown Source:118)
01-30 22:42:11.173 W/System.err(20968): 	at com.mbridge.msdk.foundation.same.net.g.b.a(Unknown Source:10)
01-30 22:42:11.173 W/System.err(20968): 	at com.mbridge.msdk.mbnative.controller.NativeController.b(Unknown Source:959)
01-30 22:42:11.173 W/System.err(20968): 	at com.mbridge.msdk.mbnative.controller.NativeController.a(Unknown Source:76)
01-30 22:42:11.173 W/System.err(20968): 	at com.mbridge.msdk.mbnative.controller.NativeController.b(Unknown Source:56)
01-30 22:42:11.173 W/System.err(20968): 	at com.mbridge.msdk.mbnative.controller.NativeController.a(Unknown Source:700)
01-30 22:42:11.173 W/System.err(20968): 	at com.mbridge.msdk.mbnative.e.a.a(Unknown Source:44)
01-30 22:42:11.173 W/System.err(20968): 	at com.mbridge.msdk.mbnative.e.a.a(Unknown Source:3)
01-30 22:42:11.174 W/System.err(20968): 	at com.mbridge.msdk.out.MBNativeHandler.loadMB(Unknown Source:73)
01-30 22:42:11.174 W/System.err(20968): 	at com.mbridge.msdk.out.MBNativeHandler.load(Unknown Source:12)
01-30 22:42:11.174 W/System.err(20968): 	at com.anythink.network.mintegral.MintegralATAdapter.a(Unknown Source:343)
01-30 22:42:11.174 W/System.err(20968): 	at com.anythink.network.mintegral.MintegralATAdapter$1.onSuccess(Unknown Source:16)
01-30 22:42:11.174 W/System.err(20968): 	at com.anythink.network.mintegral.MintegralATInitManager$1.run(Unknown Source:85)
01-30 22:42:11.174 W/System.err(20968): 	at android.os.Handler.handleCallback(Handler.java:942)
01-30 22:42:11.174 W/System.err(20968): 	at android.os.Handler.dispatchMessage(Handler.java:99)
01-30 22:42:11.174 W/System.err(20968): 	at android.os.Looper.loopOnce(Looper.java:201)
01-30 22:42:11.174 W/System.err(20968): 	at android.os.Looper.loop(Looper.java:288)
01-30 22:42:11.174 W/System.err(20968): 	at android.app.ActivityThread.main(ActivityThread.java:7872)
01-30 22:42:11.174 W/System.err(20968): 	at java.lang.reflect.Method.invoke(Native Method)
01-30 22:42:11.174 W/System.err(20968): 	at com.android.internal.os.RuntimeInit$MethodAndArgsCaller.run(RuntimeInit.java:548)
01-30 22:42:11.174 W/System.err(20968): 	at com.android.internal.os.ZygoteInit.main(ZygoteInit.java:946)
01-30 22:42:11.175 W/System.err(20968): Caused by: java.lang.ClassNotFoundException: Didn't find class "com.tencent.mm.opensdk.constants.Build" on path: DexPathList[[zip file "/data/app/~~JXNJJuCGK9TFv___wKa9gw==/com.apkpure.aegon-5z2QQOSxRCTVYH_W1_WdKg==/base.apk"],nativeLibraryDirectories=[/data/app/~~JXNJJuCGK9TFv___wKa9gw==/com.apkpure.aegon-5z2QQOSxRCTVYH_W1_WdKg==/lib/arm, /data/app/~~JXNJJuCGK9TFv___wKa9gw==/com.apkpure.aegon-5z2QQOSxRCTVYH_W1_WdKg==/base.apk!/lib/armeabi-v7a, /system/lib, /system_ext/lib]]
01-30 22:42:11.175 W/System.err(20968): 	at dalvik.system.BaseDexClassLoader.findClass(BaseDexClassLoader.java:259)
01-30 22:42:11.175 W/System.err(20968): 	at java.lang.ClassLoader.loadClass(ClassLoader.java:379)
01-30 22:42:11.175 W/System.err(20968): 	at java.lang.ClassLoader.loadClass(ClassLoader.java:312)
01-30 22:42:11.175 W/System.err(20968): 	... 30 more
01-30 22:42:11.176 W/System.err(20968): java.lang.ClassNotFoundException: com.tencent.mm.opensdk.openapi.IWXAPI
01-30 22:42:11.177 W/System.err(20968): 	at java.lang.Class.classForName(Native Method)
01-30 22:42:11.177 W/System.err(20968): 	at java.lang.Class.forName(Class.java:454)
01-30 22:42:11.177 W/System.err(20968): 	at java.lang.Class.forName(Class.java:379)
01-30 22:42:11.177 W/System.err(20968): 	at com.mbridge.msdk.foundation.tools.y.e(Unknown Source:7)
01-30 22:42:11.177 W/System.err(20968): 	at com.mbridge.msdk.foundation.tools.q.b(Unknown Source:4)
01-30 22:42:11.177 W/System.err(20968): 	at com.mbridge.msdk.foundation.same.net.g.e.a(Unknown Source:100)
01-30 22:42:11.177 W/System.err(20968): 	at com.mbridge.msdk.mbnative.e.a.a.a(Unknown Source:252)
01-30 22:42:11.177 W/System.err(20968): 	at com.mbridge.msdk.foundation.same.net.g.b.b(Unknown Source:22)
01-30 22:42:11.177 W/System.err(20968): 	at com.mbridge.msdk.foundation.same.net.g.b.a(Unknown Source:0)
01-30 22:42:11.177 W/System.err(20968): 	at com.mbridge.msdk.foundation.same.net.g.b.a(Unknown Source:118)
01-30 22:42:11.177 W/System.err(20968): 	at com.mbridge.msdk.foundation.same.net.g.b.a(Unknown Source:10)
01-30 22:42:11.177 W/System.err(20968): 	at com.mbridge.msdk.mbnative.controller.NativeController.b(Unknown Source:959)
01-30 22:42:11.177 W/System.err(20968): 	at com.mbridge.msdk.mbnative.controller.NativeController.a(Unknown Source:76)
01-30 22:42:11.177 W/System.err(20968): 	at com.mbridge.msdk.mbnative.controller.NativeController.b(Unknown Source:56)
01-30 22:42:11.177 W/System.err(20968): 	at com.mbridge.msdk.mbnative.controller.NativeController.a(Unknown Source:700)
01-30 22:42:11.177 W/System.err(20968): 	at com.mbridge.msdk.mbnative.e.a.a(Unknown Source:44)
01-30 22:42:11.177 W/System.err(20968): 	at com.mbridge.msdk.mbnative.e.a.a(Unknown Source:3)
01-30 22:42:11.177 W/System.err(20968): 	at com.mbridge.msdk.out.MBNativeHandler.loadMB(Unknown Source:73)
01-30 22:42:11.177 W/System.err(20968): 	at com.mbridge.msdk.out.MBNativeHandler.load(Unknown Source:12)
01-30 22:42:11.177 W/System.err(20968): 	at com.anythink.network.mintegral.MintegralATAdapter.a(Unknown Source:343)
01-30 22:42:11.178 W/System.err(20968): 	at com.anythink.network.mintegral.MintegralATAdapter$1.onSuccess(Unknown Source:16)
01-30 22:42:11.178 W/System.err(20968): 	at com.anythink.network.mintegral.MintegralATInitManager$1.run(Unknown Source:85)
01-30 22:42:11.178 W/System.err(20968): 	at android.os.Handler.handleCallback(Handler.java:942)
01-30 22:42:11.178 W/System.err(20968): 	at android.os.Handler.dispatchMessage(Handler.java:99)
01-30 22:42:11.178 W/System.err(20968): 	at android.os.Looper.loopOnce(Looper.java:201)
01-30 22:42:11.178 W/System.err(20968): 	at android.os.Looper.loop(Looper.java:288)
01-30 22:42:11.178 W/System.err(20968): 	at android.app.ActivityThread.main(ActivityThread.java:7872)
01-30 22:42:11.178 W/System.err(20968): 	at java.lang.reflect.Method.invoke(Native Method)
01-30 22:42:11.178 W/System.err(20968): 	at com.android.internal.os.RuntimeInit$MethodAndArgsCaller.run(RuntimeInit.java:548)
01-30 22:42:11.178 W/System.err(20968): 	at com.android.internal.os.ZygoteInit.main(ZygoteInit.java:946)
01-30 22:42:11.179 W/System.err(20968): Caused by: java.lang.ClassNotFoundException: Didn't find class "com.tencent.mm.opensdk.openapi.IWXAPI" on path: DexPathList[[zip file "/data/app/~~JXNJJuCGK9TFv___wKa9gw==/com.apkpure.aegon-5z2QQOSxRCTVYH_W1_WdKg==/base.apk"],nativeLibraryDirectories=[/data/app/~~JXNJJuCGK9TFv___wKa9gw==/com.apkpure.aegon-5z2QQOSxRCTVYH_W1_WdKg==/lib/arm, /data/app/~~JXNJJuCGK9TFv___wKa9gw==/com.apkpure.aegon-5z2QQOSxRCTVYH_W1_WdKg==/base.apk!/lib/armeabi-v7a, /system/lib, /system_ext/lib]]
01-30 22:42:11.179 W/System.err(20968): 	at dalvik.system.BaseDexClassLoader.findClass(BaseDexClassLoader.java:259)
01-30 22:42:11.179 W/System.err(20968): 	at java.lang.ClassLoader.loadClass(ClassLoader.java:379)
01-30 22:42:11.179 W/System.err(20968): 	at java.lang.ClassLoader.loadClass(ClassLoader.java:312)
01-30 22:42:11.179 W/System.err(20968): 	... 30 more
01-30 22:42:11.185 D/TrafficStats(20968): tagSocket(295) with statsTag=0xffffffff, statsUid=-1
01-30 22:42:11.430 D/TrafficStats(20968): tagSocket(295) with statsTag=0xffffffff, statsUid=-1
01-30 22:42:11.433 W/libperfmgr(  723): Failed to write to node: /sys/class/devfreq/soc:qcom,cpu-cpu-llcc-bw/bw_hwmon/hyst_trigger_count with value: 0, fd: -1
01-30 22:42:11.433 W/libperfmgr(  723): Failed to write to node: /sys/class/devfreq/soc:qcom,cpu-cpu-llcc-bw/bw_hwmon/hist_memory with value: 0, fd: -1
01-30 22:42:11.433 W/libperfmgr(  723): Failed to write to node: /sys/class/devfreq/soc:qcom,cpu-cpu-llcc-bw/bw_hwmon/hyst_length with value: 0, fd: -1
01-30 22:42:11.433 W/libperfmgr(  723): Failed to write to node: /sys/class/devfreq/soc:qcom,cpu-cpu-llcc-bw/bw_hwmon/sample_ms with value: 4, fd: -1
01-30 22:42:11.433 W/libperfmgr(  723): Failed to write to node: /sys/class/devfreq/soc:qcom,cpu-cpu-llcc-bw/bw_hwmon/io_percent with value: 34, fd: -1
01-30 22:42:11.433 W/libperfmgr(  723): Failed to write to node: /sys/class/devfreq/soc:qcom,cpu-llcc-ddr-bw/bw_hwmon/sample_ms with value: 4, fd: -1
01-30 22:42:11.433 W/libperfmgr(  723): Failed to write to node: /sys/class/devfreq/soc:qcom,cpu-llcc-ddr-bw/bw_hwmon/hyst_length with value: 10, fd: -1
01-30 22:42:11.433 W/libperfmgr(  723): Failed to write to node: /sys/class/devfreq/soc:qcom,cpu-llcc-ddr-bw/bw_hwmon/hyst_trigger_count with value: 3, fd: -1
01-30 22:42:11.524 D/audio_hw_primary(  959): start_output_stream: enter: stream(0xed2c64c0)usecase(1: low-latency-playback) devices(0x2) is_haptic_usecase(0)
01-30 22:42:11.524 I/libqti-perfd-client(  959): perf_lock_acq: handle: 0, duration: 0, arg3[0]: 257, arg4: 2
01-30 22:42:11.524 D/audio_hw_primary(  959): select_devices for use case (low-latency-playback in:0 out:0 device:2)
01-30 22:42:11.524 D/ultrasound_extn(  959): ultrasound_select_devices_pre ultrasound_enabled:0 usecase(low-latency-playback), devices:2 in_snd_device(0, ), out_snd_device(2, speaker)
01-30 22:42:11.524 D/ultrasound_extn(  959): dump_usecase_list: start ======================================
01-30 22:42:11.524 D/ultrasound_extn(  959): dump_usecase_list: enter sensor_activated:0 hw_port_enabled:0 suspended:0
01-30 22:42:11.524 D/ultrasound_extn(  959): dump_usecase_list: select_devices_pre usecase[#0]:(1, low-latency-playback) in_dev:(0, ) out_dv:(0, )
01-30 22:42:11.524 D/ultrasound_extn(  959): dump_usecase_list: end ======================================
01-30 22:42:11.524 I/msm8974_platform(  959): platform_check_and_set_codec_backend_cfg:becf: afe: bitwidth 24, samplerate 48000 channels 2, backend_idx 5 usecase = 1 device (speaker)
01-30 22:42:11.524 D/msm8974_platform(  959): platform_split_snd_device: snd_device(2) num devices(1) new_snd_devices(0)
01-30 22:42:11.524 I/msm8974_platform(  959): platform_check_and_set_codec_backend_cfg: new_snd_devices[0] is 2
01-30 22:42:11.524 I/msm8974_platform(  959): platform_check_codec_backend_cfg:becf: afe: bitwidth 24, samplerate 48000 channels 2, backend_idx 5 usecase = 1 device (speaker)
01-30 22:42:11.524 D/audio_hw_extn(  959): audio_extn_enable_hifi_filter: mixer_value set 0
01-30 22:42:11.524 D/msm8974_platform(  959): platform_check_codec_backend_cfg:becf: updated afe: bitwidth 24, samplerate 48000 channels 2,backend_idx 5 usecase = 1 device (speaker)
01-30 22:42:11.524 D/msm8974_platform(  959): platform_check_codec_backend_cfg:becf: afe: restrict playback on handset and speaker to Sample Rate(96k)
01-30 22:42:11.524 D/ultrasound_extn(  959): ultrasound_check_and_set_codec_backend_cfg check use case (low-latency-playback), snd_device(2, speaker)
01-30 22:42:11.524 D/ultrasound_extn(  959): ultrasound_check_and_set_codec_backend_cfg  do not change BE setting for speaker
01-30 22:42:11.524 I/msm8974_platform(  959): platform_check_codec_backend_cfg:becf: afe: Codec selected backend: 5 updated bit width: 32 and sample rate: 96000
01-30 22:42:11.524 D/audio_hw_primary(  959): check_usecases_codec_backend:becf: force routing 0
01-30 22:42:11.524 E/msm8974_platform(  959): platform_check_backends_match: Invalid snd_device = 
01-30 22:42:11.524 D/audio_hw_primary(  959): check_usecases_codec_backend:becf: (100) check_usecases curr device: speaker, usecase device: backends match 0
01-30 22:42:11.524 D/audio_hw_primary(  959): @@: usecase[0xefb83610]=low-latency-playback, uc_info[0xefb83610]=low-latency-playback
01-30 22:42:11.524 D/audio_hw_primary(  959): check_usecases_codec_backend:becf: check_usecases num.of Usecases to switch 0
01-30 22:42:11.524 D/hardware_info(  959): hw_info_append_hw_type : device_name = speaker
01-30 22:42:11.524 D/msm8974_platform(  959): platform_split_snd_device: snd_device(2) num devices(0) new_snd_devices(0)
01-30 22:42:11.524 D/audio_hw_primary(  959): enable_snd_device: snd_device(2: speaker)[SND_DEVICE_OUT_SPEAKER]
01-30 22:42:11.524 D/msm8974_platform(  959): platform_get_island_cfg_on_device:island cfg status on snd_device = (speaker 0)
01-30 22:42:11.524 I/soundtrigger(  959): audio_extn_sound_trigger_update_device_status: device 0x2 of type 0 for Event 1, with Raise=0
01-30 22:42:11.524 D/audio_route(  959): Apply path: speaker
01-30 22:42:11.524 D/hardware_info(  959): hw_info_append_hw_type : device_name = vi-feedback
01-30 22:42:11.524 D/msm8974_platform(  959): platform_split_snd_device: snd_device(253) num devices(0) new_snd_devices(0)
01-30 22:42:11.524 D/audio_hw_primary(  959): enable_snd_device: snd_device(253: vi-feedback)[SND_DEVICE_IN_CAPTURE_VI_FEEDBACK]
01-30 22:42:11.524 D/msm8974_platform(  959): platform_get_island_cfg_on_device:island cfg status on snd_device = (vi-feedback 0)
01-30 22:42:11.524 I/soundtrigger(  959): audio_extn_sound_trigger_update_device_status: device 0xfd of type 1 for Event 1, with Raise=0
01-30 22:42:11.524 D/audio_route(  959): Apply path: vi-feedback
01-30 22:42:11.524 D/soundtrigger(  959): audio_extn_sound_trigger_update_stream_status: uc_info->id 53 of type 1 for Event 3, with Raise=0
01-30 22:42:11.524 D/audio_hw_utils(  959): audio_extn_utils_send_app_type_cfg: usecase->in_snd_device vi-feedback
01-30 22:42:11.524 E/voice   (  959): voice_is_in_call_rec_stream: input stream is NULL
01-30 22:42:11.524 D/msm8974_platform(  959): platform_split_snd_device: snd_device(253) num devices(0) new_snd_devices(0)
01-30 22:42:11.524 E/audio_hw_utils(  959): send_app_type_cfg_for_device: Could not get ctl for mixer cmd - Audio Stream Capture 43 App Type Cfg
01-30 22:42:11.524 D/msm8974_platform(  959): platform_split_snd_device: snd_device(253) num devices(1) new_snd_devices(0)
01-30 22:42:11.524 D/ACDB-LOADER(  959): ACDB -> send_audio_cal, acdb_id = 102, path = 1, app id = 0x11132, sample rate = 8000, afe_sample_rate = 8000
01-30 22:42:11.525 D/ACDB-LOADER(  959): ACDB -> send_asm_topology
01-30 22:42:11.525 D/ACDB-LOADER(  959): ACDB -> ACDB_CMD_GET_AUDPROC_STREAM_TOPOLOGY_ID
01-30 22:42:11.525 D/ACDB-LOADER(  959): ACDB -> send_adm_topology
01-30 22:42:11.525 D/ACDB-LOADER(  959): ACDB -> ACDB_CMD_GET_AUDPROC_COMMON_TOPOLOGY_ID
01-30 22:42:11.525 D/ACDB-LOADER(  959): ACDB -> send_audtable
01-30 22:42:11.525 D/ACDB-LOADER(  959): ACDB -> ACDB_CMD_GET_AUDPROC_INSTANCE_COMMON_TABLE_SIZE
01-30 22:42:11.525 D/ACDB-LOADER(  959): ACDB -> ACDB_CMD_GET_AUDPROC_INSTANCE_COMMON_TABLE
01-30 22:42:11.525 D/ACDB-LOADER(  959): ACDB -> AUDIO_SET_AUDPROC_CAL cal_type[11] acdb_id[102] app_type[69938]
01-30 22:42:11.525 D/ACDB-LOADER(  959): ACDB -> ACDB_CMD_GET_PERSISTENT_AUDPROC_INSTANCE_COMMON_TABLE_SIZE
01-30 22:42:11.525 D/android.hardware.audio.service(  959): [Data Manager]-> No data found
01-30 22:42:11.525 D/ACDB-LOADER(  959): Error: ACDB_CMD_GET_PERSISTENT_AUDPROC_INSTANCE_COMMON_TABLE_SIZE returned -18
01-30 22:42:11.525 D/ACDB-LOADER(  959): ACDB -> send_audproc_persist_table -18 
01-30 22:42:11.525 D/ACDB-LOADER(  959): Error: Invalid Audproc persist size = -18
01-30 22:42:11.525 D/ACDB-LOADER(  959): ACDB -> ACDB_CMD_GET_AUDPROC_INSTANCE_STREAM_TABLE_SIZE
01-30 22:42:11.525 D/ACDB-LOADER(  959): ACDB -> send_audstrmtable
01-30 22:42:11.525 D/ACDB-LOADER(  959): ACDB -> ACDB_CMD_GET_AUDPROC_INSTANCE_STREAM_TABLE
01-30 22:42:11.525 D/ACDB-LOADER(  959): ACDB -> audstrm_cal->cal_type.cal_data.cal_size = 20
01-30 22:42:11.525 D/ACDB-LOADER(  959): ACDB -> send_afe_topology
01-30 22:42:11.525 D/ACDB-LOADER(  959): ACDB -> ACDB_CMD_GET_AFE_TOPOLOGY_ID
01-30 22:42:11.525 D/ACDB-LOADER(  959): ACDB -> GET_AFE_TOPOLOGY_ID for adcd_id 102, Topology Id 1000b909
01-30 22:42:11.525 D/ACDB-LOADER(  959): ACDB -> send_afe_cal
01-30 22:42:11.525 D/ACDB-LOADER(  959): ACDB -> ACDB_CMD_GET_AFE_INSTANCE_COMMON_TABLE_SIZE
01-30 22:42:11.525 D/ACDB-LOADER(  959): ACDB -> ACDB_CMD_GET_AFE_INSTANCE_COMMON_TABLE
01-30 22:42:11.525 D/ACDB-LOADER(  959): ACDB -> AUDIO_SET_AFE_CAL cal_type[17] acdb_id[102]
01-30 22:42:11.525 D/ACDB-LOADER(  959): ACDB -> send_hw_delay : acdb_id = 102 path = 1
01-30 22:42:11.525 D/ACDB-LOADER(  959): ACDB -> ACDB_AVSYNC_INFO: ACDB_CMD_GET_DEVICE_PROPERTY
01-30 22:42:11.525 D/audio_hw_primary(  959): enable_audio_route: apply mixer and update path: spkr-vi-record
01-30 22:42:11.525 D/audio_route(  959): Apply path: spkr-vi-record
01-30 22:42:11.525 D/audio_hw_primary(  959): [force reset] create spkr-vi-record 1
01-30 22:42:11.525 E/audio_hw_tfa98xx_feedback(  959): pcm_dev_tx_id = 43
01-30 22:42:11.535 I/AppCompatDelegate(21667): The Activity's LayoutInflater already has a Factory installed so we can not install AppCompat's
01-30 22:42:11.537 I/audio_hw_utils(  959): audio_extn_utils_update_stream_output_app_type_cfg Allowing 24 and above bits playback on speaker ONLY at default sampling rate
01-30 22:42:11.537 E/soundtrigger(  959): audio_extn_sound_trigger_update_stream_status: invalid input device 0x0, for event 3
01-30 22:42:11.537 D/soundtrigger(  959): audio_extn_sound_trigger_update_stream_status: uc_info->id 1 of type 0 for Event 3, with Raise=0
01-30 22:42:11.537 D/audio_hw_utils(  959): audio_extn_utils_send_app_type_cfg: usecase->out_snd_device speaker
01-30 22:42:11.537 D/msm8974_platform(  959): platform_split_snd_device: snd_device(2) num devices(0) new_snd_devices(0)
01-30 22:42:11.537 D/audio_hw_utils(  959): audio_extn_btsco_get_sample_rate:Not a BT SCO device, need not update sampling rate
01-30 22:42:11.537 I/audio_hw_utils(  959): send_app_type_cfg_for_device PLAYBACK app_type 69937, acdb_dev_id 10011, sample_rate 48000, snd_device_be_idx 45, channel is 2
01-30 22:42:11.538 D/msm8974_platform(  959): platform_split_snd_device: snd_device(2) num devices(1) new_snd_devices(0)
01-30 22:42:11.538 D/audio_hw_utils(  959): audio_extn_btsco_get_sample_rate:Not a BT SCO device, need not update sampling rate
01-30 22:42:11.538 D/ACDB-LOADER(  959): ACDB -> send_audio_cal, acdb_id = 10011, path = 0, app id = 0x11131, sample rate = 48000, afe_sample_rate = 96000
01-30 22:42:11.538 D/ACDB-LOADER(  959): ACDB -> send_asm_topology
01-30 22:42:11.538 D/ACDB-LOADER(  959): ACDB -> ACDB_CMD_GET_AUDPROC_STREAM_TOPOLOGY_ID
01-30 22:42:11.538 D/ACDB-LOADER(  959): ACDB -> send_adm_topology
01-30 22:42:11.538 D/ACDB-LOADER(  959): ACDB -> ACDB_CMD_GET_AUDPROC_COMMON_TOPOLOGY_ID
01-30 22:42:11.538 D/ACDB-LOADER(  959): ACDB -> send_audtable
01-30 22:42:11.538 D/ACDB-LOADER(  959): ACDB -> ACDB_CMD_GET_AUDPROC_INSTANCE_COMMON_TABLE_SIZE
01-30 22:42:11.538 D/ACDB-LOADER(  959): ACDB -> ACDB_CMD_GET_AUDPROC_INSTANCE_COMMON_TABLE
01-30 22:42:11.538 D/ACDB-LOADER(  959): ACDB -> AUDIO_SET_AUDPROC_CAL cal_type[11] acdb_id[10011] app_type[69937]
01-30 22:42:11.538 D/ACDB-LOADER(  959): ACDB -> send_audvoltable
01-30 22:42:11.538 D/ACDB-LOADER(  959): ACDB -> ACDB_CMD_GET_AUDPROC_INSTANCE_GAIN_DEP_STEP_TABLE_SIZE
01-30 22:42:11.538 D/android.hardware.audio.service(  959): Failed to fetch the lookup information of the device 0000271B 
01-30 22:42:11.538 D/ACDB-LOADER(  959): Error: ACDB_CMD_GET_AUDPROC_INSTANCE_GAIN_DEP_STEP_TABLE_SIZE Returned = -19
01-30 22:42:11.538 D/ACDB-LOADER(  959): ACDB -> ACDB_CMD_GET_AUDPROC_INSTANCE_GAIN_DEP_STEP_TABLE, vol index 0
01-30 22:42:11.538 D/android.hardware.audio.service(  959): Failed to fetch the lookup information of the device 0000271B 
01-30 22:42:11.538 D/ACDB-LOADER(  959): Error: ACDB AudProc vol returned = -19
01-30 22:42:11.538 D/ACDB-LOADER(  959): ACDB -> AUDIO_SET_VOL_CAL cal type = 12
01-30 22:42:11.538 D/ACDB-LOADER(  959): ACDB -> ACDB_CMD_GET_AUDPROC_INSTANCE_STREAM_TABLE_SIZE
01-30 22:42:11.538 D/ACDB-LOADER(  959): ACDB -> send_audstrmtable
01-30 22:42:11.538 D/ACDB-LOADER(  959): ACDB -> ACDB_CMD_GET_AUDPROC_INSTANCE_STREAM_TABLE
01-30 22:42:11.538 D/ACDB-LOADER(  959): ACDB -> audstrm_cal->cal_type.cal_data.cal_size = 20
01-30 22:42:11.538 D/ACDB-LOADER(  959): ACDB -> send_afe_topology
01-30 22:42:11.538 D/ACDB-LOADER(  959): ACDB -> ACDB_CMD_GET_AFE_TOPOLOGY_ID
01-30 22:42:11.538 D/ACDB-LOADER(  959): ACDB -> GET_AFE_TOPOLOGY_ID for adcd_id 10011, Topology Id 1000b910
01-30 22:42:11.538 D/ACDB-LOADER(  959): ACDB -> send_afe_cal
01-30 22:42:11.538 D/ACDB-LOADER(  959): ACDB -> ACDB_CMD_GET_AFE_INSTANCE_COMMON_TABLE_SIZE
01-30 22:42:11.538 D/ACDB-LOADER(  959): ACDB -> ACDB_CMD_GET_AFE_INSTANCE_COMMON_TABLE
01-30 22:42:11.538 D/ACDB-LOADER(  959): ACDB -> AUDIO_SET_AFE_CAL cal_type[16] acdb_id[10011]
01-30 22:42:11.538 D/ACDB-LOADER(  959): ACDB -> send_hw_delay : acdb_id = 10011 path = 0
01-30 22:42:11.538 D/ACDB-LOADER(  959): ACDB -> ACDB_AVSYNC_INFO: ACDB_CMD_GET_DEVICE_PROPERTY
01-30 22:42:11.538 D/msm8974_platform(  959): platform_split_snd_device: snd_device(2) num devices(0) new_snd_devices(0)
01-30 22:42:11.538 I/msm8974_platform(  959): platform_get_custom_mtmx_params: no matching param with id 0 ip_ch 2 op_ch 2 uc_id 1 snd_dev 2
01-30 22:42:11.538 D/audio_hw_primary(  959): enable_audio_route: apply mixer and update path: low-latency-playback speaker
01-30 22:42:11.538 D/audio_route(  959): Apply path: low-latency-playback speaker
01-30 22:42:11.539 D/audio_hw_primary(  959): [force reset] create low-latency-playback speaker 1
01-30 22:42:11.539 D/ultrasound_extn(  959): ultrasound_select_devices_post: enter: engine_suspended: 0
01-30 22:42:11.539 D/ultrasound_extn(  959): dump_usecase_list: start ======================================
01-30 22:42:11.539 D/ultrasound_extn(  959): dump_usecase_list: enter sensor_activated:0 hw_port_enabled:0 suspended:0
01-30 22:42:11.539 D/ultrasound_extn(  959): dump_usecase_list: select_devices_post usecase[#0]:(1, low-latency-playback) in_dev:(0, ) out_dv:(2, speaker)
01-30 22:42:11.539 D/ultrasound_extn(  959): dump_usecase_list: select_devices_post usecase[#1]:(53, spkr-vi-record) in_dev:(253, vi-feedback) out_dv:(0, )
01-30 22:42:11.539 D/ultrasound_extn(  959): dump_usecase_list: TERT_MI2S_RX SampleRate		 KHZ_96
01-30 22:42:11.539 D/ultrasound_extn(  959): dump_usecase_list: TERT_MI2S_RX Format		 S32_LE
01-30 22:42:11.539 D/ultrasound_extn(  959): dump_usecase_list: TERT_MI2S_RX Channels		 Two
01-30 22:42:11.539 D/ultrasound_extn(  959): dump_usecase_list: end ======================================
01-30 22:42:11.539 D/audio_hw_primary(  959): select_devices: done
01-30 22:42:11.549 D/CoreBackPreview( 1697): Window{42ae260 u0 moe.shizuku.privileged.api/moe.shizuku.manager.MainActivity}: Setting back callback OnBackInvokedCallbackInfo{mCallback=android.window.IOnBackInvokedCallback$Stub$Proxy@1cbc48c, mPriority=0}
01-30 22:42:11.555 E/OpenGLRenderer(21667): Unable to match the desired swap behavior.
01-30 22:42:11.564 W/Parcel  (21667): Expecting binder but got null!
01-30 22:42:11.607 D/msm8974_platform(  959): platform_set_channel_map mixer_ctl_name:Playback Channel Map9
01-30 22:42:11.607 D/msm8974_platform(  959): platform_set_channel_map: set mapping(1 2 0 0 0 0 0 0) for channel:2
01-30 22:42:11.607 I/libqti-perfd-client(  959): perf_lock_rel: handle: 233
01-30 22:42:11.607 D/audio_hw_primary(  959): start_output_stream: exit
01-30 22:42:11.607 D/adsp_utils(  959): set_channel_reverse mode: 0
01-30 22:42:11.607 V/msm8974_platform(  959): platform_set_parameters: enter: cal_persist=0;cal_devid=2;cal_moduleid=0x1000a106;cal_caltype=0;cal_instanceid=0x0;cal_apptype=69940;cal_paramid=0x1000a198;cal_topoid=0x1000a100;cal_samplerate=48000;cal_data=AAAAAA==
01-30 22:42:11.607 D/msm8974_platform(  959): Setting audio calibration for snd_device(2) acdb_id(10011)
01-30 22:42:11.607 E/ACDB-LOADER(  959): [acdb_loader_adsp_set_audio_cal] active device/stream not found (result=-100) for topology 0x1000a100 and apptype 0x11134
01-30 22:42:11.607 E/ACDB-LOADER(  959): [acdb_loader_adsp_set_audio_cal] set parameters failed with status -100
01-30 22:42:11.607 D/audio_hw_hfp(  959): hfp_set_parameters: enter
01-30 22:42:11.607 V/msm8974_platform(  959): platform_set_parameters: enter: cal_persist=0;cal_devid=2;cal_moduleid=0x1000a100;cal_caltype=0;cal_instanceid=0x0;cal_apptype=69940;cal_paramid=0x1000a110;cal_topoid=0x1000a106;cal_samplerate=48000;cal_data=AAAAAA==
01-30 22:42:11.607 D/msm8974_platform(  959): Setting audio calibration for snd_device(2) acdb_id(10011)
01-30 22:42:11.607 E/ACDB-LOADER(  959): [acdb_loader_adsp_set_audio_cal] active device/stream not found (result=-100) for topology 0x1000a106 and apptype 0x11134
01-30 22:42:11.607 E/ACDB-LOADER(  959): [acdb_loader_adsp_set_audio_cal] set parameters failed with status -100
01-30 22:42:11.607 D/audio_hw_hfp(  959): hfp_set_parameters: enter
01-30 22:42:11.607 V/msm8974_platform(  959): platform_set_parameters: enter: cal_persist=0;cal_devid=2;cal_moduleid=0x1000a100;cal_caltype=0;cal_instanceid=0x0;cal_apptype=69937;cal_paramid=0x1000a110;cal_topoid=0x1000a100;cal_samplerate=48000;cal_data=AAAAAA==
01-30 22:42:11.607 D/msm8974_platform(  959): Setting audio calibration for snd_device(2) acdb_id(10011)
01-30 22:42:11.608 D/audio_hw_hfp(  959): hfp_set_parameters: enter
01-30 22:42:11.608 V/msm8974_platform(  959): platform_set_parameters: enter: cal_persist=0;cal_devid=2;cal_moduleid=0x1000a100;cal_caltype=0;cal_instanceid=0x0;cal_apptype=69937;cal_paramid=0x1000a110;cal_topoid=0x1000a106;cal_samplerate=48000;cal_data=AAAAAA==
01-30 22:42:11.608 D/msm8974_platform(  959): Setting audio calibration for snd_device(2) acdb_id(10011)
01-30 22:42:11.608 E/ACDB-LOADER(  959): [acdb_loader_adsp_set_audio_cal] active device/stream not found (result=-100) for topology 0x1000a106 and apptype 0x11131
01-30 22:42:11.608 E/ACDB-LOADER(  959): [acdb_loader_adsp_set_audio_cal] set parameters failed with status -100
01-30 22:42:11.608 D/audio_hw_hfp(  959): hfp_set_parameters: enter
01-30 22:42:11.608 V/msm8974_platform(  959): platform_set_parameters: enter: cal_persist=0;cal_devid=2;cal_moduleid=0x1000a100;cal_caltype=0;cal_instanceid=0x0;cal_apptype=69937;cal_paramid=0x1000a114;cal_topoid=0x1000a106;cal_samplerate=48000;cal_data=AAAAAA==
01-30 22:42:11.608 D/msm8974_platform(  959): Setting audio calibration for snd_device(2) acdb_id(10011)
01-30 22:42:11.608 E/ACDB-LOADER(  959): [acdb_loader_adsp_set_audio_cal] active device/stream not found (result=-100) for topology 0x1000a106 and apptype 0x11131
01-30 22:42:11.608 E/ACDB-LOADER(  959): [acdb_loader_adsp_set_audio_cal] set parameters failed with status -100
01-30 22:42:11.608 D/audio_hw_hfp(  959): hfp_set_parameters: enter
01-30 22:42:11.608 D/audio_hw_primary(  959): check_and_set_karaok_parameters: is karaok rx device 0, is karaok tx device 0
01-30 22:42:11.608 V/send_data_to_xlog(  959): getCurrentDate
01-30 22:42:11.608 V/send_data_to_xlog(  959): current time is : 2023 year, 1 month, 30 daty
01-30 22:42:11.608 V/send_data_to_xlog(  959): do not need to seed data to xlog
01-30 22:42:11.608 V/send_data_to_xlog(  959): send_EarsCompensation_dailyuse_to_xlog
01-30 22:42:11.608 I/send_data_to_xlog(  959): get_headset_type the type is speaker
01-30 22:42:11.608 D/send_data_to_xlog(  959): send_misound_dailyuse_to_xlog, the headset type is speaker
01-30 22:42:11.608 D/send_data_to_xlog(  959):  send_misound_dailyuse_to_xlog: misound without usb
01-30 22:42:11.773 V/AdbMdns (21667): onDiscoveryStarted: _adb-tls-connect._tcp
01-30 22:42:11.933 W/libperfmgr(  723): Failed to write to node: /sys/class/devfreq/soc:qcom,cpu-cpu-llcc-bw/bw_hwmon/hyst_trigger_count with value: 0, fd: -1
01-30 22:42:11.933 W/libperfmgr(  723): Failed to write to node: /sys/class/devfreq/soc:qcom,cpu-cpu-llcc-bw/bw_hwmon/hist_memory with value: 0, fd: -1
01-30 22:42:11.933 W/libperfmgr(  723): Failed to write to node: /sys/class/devfreq/soc:qcom,cpu-cpu-llcc-bw/bw_hwmon/hyst_length with value: 0, fd: -1
01-30 22:42:11.933 W/libperfmgr(  723): Failed to write to node: /sys/class/devfreq/soc:qcom,cpu-cpu-llcc-bw/bw_hwmon/sample_ms with value: 4, fd: -1
01-30 22:42:11.933 W/libperfmgr(  723): Failed to write to node: /sys/class/devfreq/soc:qcom,cpu-cpu-llcc-bw/bw_hwmon/io_percent with value: 34, fd: -1
01-30 22:42:11.933 W/libperfmgr(  723): Failed to write to node: /sys/class/devfreq/soc:qcom,cpu-llcc-ddr-bw/bw_hwmon/sample_ms with value: 4, fd: -1
01-30 22:42:11.933 W/libperfmgr(  723): Failed to write to node: /sys/class/devfreq/soc:qcom,cpu-llcc-ddr-bw/bw_hwmon/hyst_length with value: 10, fd: -1
01-30 22:42:11.933 W/libperfmgr(  723): Failed to write to node: /sys/class/devfreq/soc:qcom,cpu-llcc-ddr-bw/bw_hwmon/hyst_trigger_count with value: 3, fd: -1
01-30 22:42:12.165 W/libperfmgr(  723): Failed to write to node: /sys/class/devfreq/soc:qcom,cpu-cpu-llcc-bw/bw_hwmon/hyst_trigger_count with value: 3, fd: -1
01-30 22:42:12.165 W/libperfmgr(  723): Failed to write to node: /sys/class/devfreq/soc:qcom,cpu-cpu-llcc-bw/bw_hwmon/hist_memory with value: 20, fd: -1
01-30 22:42:12.165 W/libperfmgr(  723): Failed to write to node: /sys/class/devfreq/soc:qcom,cpu-cpu-llcc-bw/bw_hwmon/hyst_length with value: 10, fd: -1
01-30 22:42:12.165 W/libperfmgr(  723): Failed to write to node: /sys/class/devfreq/soc:qcom,cpu-cpu-llcc-bw/bw_hwmon/sample_ms with value: 4, fd: -1
01-30 22:42:12.165 W/libperfmgr(  723): Failed to write to node: /sys/class/devfreq/soc:qcom,cpu-cpu-llcc-bw/bw_hwmon/io_percent with value: 34, fd: -1
01-30 22:42:12.165 W/libperfmgr(  723): Failed to write to node: /sys/class/devfreq/soc:qcom,cpu-llcc-ddr-bw/bw_hwmon/sample_ms with value: 4, fd: -1
01-30 22:42:12.165 W/libperfmgr(  723): Failed to write to node: /sys/class/devfreq/soc:qcom,cpu-llcc-ddr-bw/bw_hwmon/hyst_length with value: 10, fd: -1
01-30 22:42:12.165 W/libperfmgr(  723): Failed to write to node: /sys/class/devfreq/soc:qcom,cpu-llcc-ddr-bw/bw_hwmon/hyst_trigger_count with value: 3, fd: -1
01-30 22:42:12.666 W/libperfmgr(  723): Failed to write to node: /sys/class/devfreq/soc:qcom,cpu-cpu-llcc-bw/bw_hwmon/hyst_trigger_count with value: 3, fd: -1
01-30 22:42:12.666 W/libperfmgr(  723): Failed to write to node: /sys/class/devfreq/soc:qcom,cpu-cpu-llcc-bw/bw_hwmon/hist_memory with value: 20, fd: -1
01-30 22:42:12.667 W/libperfmgr(  723): Failed to write to node: /sys/class/devfreq/soc:qcom,cpu-cpu-llcc-bw/bw_hwmon/hyst_length with value: 10, fd: -1
01-30 22:42:12.667 W/libperfmgr(  723): Failed to write to node: /sys/class/devfreq/soc:qcom,cpu-cpu-llcc-bw/bw_hwmon/sample_ms with value: 4, fd: -1
01-30 22:42:12.667 W/libperfmgr(  723): Failed to write to node: /sys/class/devfreq/soc:qcom,cpu-cpu-llcc-bw/bw_hwmon/io_percent with value: 34, fd: -1
01-30 22:42:12.667 W/libperfmgr(  723): Failed to write to node: /sys/class/devfreq/soc:qcom,cpu-llcc-ddr-bw/bw_hwmon/sample_ms with value: 4, fd: -1
01-30 22:42:12.667 W/libperfmgr(  723): Failed to write to node: /sys/class/devfreq/soc:qcom,cpu-llcc-ddr-bw/bw_hwmon/hyst_length with value: 10, fd: -1
01-30 22:42:12.667 W/libperfmgr(  723): Failed to write to node: /sys/class/devfreq/soc:qcom,cpu-llcc-ddr-bw/bw_hwmon/hyst_trigger_count with value: 3, fd: -1
01-30 22:42:12.903 W/libperfmgr(  723): Failed to write to node: /sys/class/devfreq/soc:qcom,cpu-cpu-llcc-bw/bw_hwmon/hyst_trigger_count with value: 0, fd: -1
01-30 22:42:12.903 W/libperfmgr(  723): Failed to write to node: /sys/class/devfreq/soc:qcom,cpu-cpu-llcc-bw/bw_hwmon/hist_memory with value: 0, fd: -1
01-30 22:42:12.903 W/libperfmgr(  723): Failed to write to node: /sys/class/devfreq/soc:qcom,cpu-cpu-llcc-bw/bw_hwmon/hyst_length with value: 0, fd: -1
01-30 22:42:12.903 W/libperfmgr(  723): Failed to write to node: /sys/class/devfreq/soc:qcom,cpu-cpu-llcc-bw/bw_hwmon/sample_ms with value: 4, fd: -1
01-30 22:42:12.903 W/libperfmgr(  723): Failed to write to node: /sys/class/devfreq/soc:qcom,cpu-cpu-llcc-bw/bw_hwmon/io_percent with value: 34, fd: -1
01-30 22:42:12.903 W/libperfmgr(  723): Failed to write to node: /sys/class/devfreq/soc:qcom,cpu-llcc-ddr-bw/bw_hwmon/sample_ms with value: 4, fd: -1
01-30 22:42:12.903 W/libperfmgr(  723): Failed to write to node: /sys/class/devfreq/soc:qcom,cpu-llcc-ddr-bw/bw_hwmon/hyst_length with value: 10, fd: -1
01-30 22:42:12.903 W/libperfmgr(  723): Failed to write to node: /sys/class/devfreq/soc:qcom,cpu-llcc-ddr-bw/bw_hwmon/hyst_trigger_count with value: 3, fd: -1
01-30 22:42:13.003 W/libperfmgr(  723): Failed to write to node: /sys/class/devfreq/soc:qcom,cpu-cpu-llcc-bw/bw_hwmon/hyst_trigger_count with value: 3, fd: -1
01-30 22:42:13.003 W/libperfmgr(  723): Failed to write to node: /sys/class/devfreq/soc:qcom,cpu-cpu-llcc-bw/bw_hwmon/hist_memory with value: 20, fd: -1
01-30 22:42:13.003 W/libperfmgr(  723): Failed to write to node: /sys/class/devfreq/soc:qcom,cpu-cpu-llcc-bw/bw_hwmon/hyst_length with value: 10, fd: -1
01-30 22:42:13.003 W/libperfmgr(  723): Failed to write to node: /sys/class/devfreq/soc:qcom,cpu-cpu-llcc-bw/bw_hwmon/sample_ms with value: 4, fd: -1
01-30 22:42:13.003 W/libperfmgr(  723): Failed to write to node: /sys/class/devfreq/soc:qcom,cpu-cpu-llcc-bw/bw_hwmon/io_percent with value: 34, fd: -1
01-30 22:42:13.003 W/libperfmgr(  723): Failed to write to node: /sys/class/devfreq/soc:qcom,cpu-llcc-ddr-bw/bw_hwmon/sample_ms with value: 4, fd: -1
01-30 22:42:13.003 W/libperfmgr(  723): Failed to write to node: /sys/class/devfreq/soc:qcom,cpu-llcc-ddr-bw/bw_hwmon/hyst_length with value: 10, fd: -1
01-30 22:42:13.003 W/libperfmgr(  723): Failed to write to node: /sys/class/devfreq/soc:qcom,cpu-llcc-ddr-bw/bw_hwmon/hyst_trigger_count with value: 3, fd: -1
01-30 22:42:13.004 W/libperfmgr(  723): Failed to write to node: /sys/class/devfreq/soc:qcom,cpu-cpu-llcc-bw/bw_hwmon/hyst_trigger_count with value: 0, fd: -1
01-30 22:42:13.004 W/libperfmgr(  723): Failed to write to node: /sys/class/devfreq/soc:qcom,cpu-cpu-llcc-bw/bw_hwmon/hist_memory with value: 0, fd: -1
01-30 22:42:13.004 W/libperfmgr(  723): Failed to write to node: /sys/class/devfreq/soc:qcom,cpu-cpu-llcc-bw/bw_hwmon/hyst_length with value: 0, fd: -1
01-30 22:42:13.004 W/libperfmgr(  723): Failed to write to node: /sys/class/devfreq/soc:qcom,cpu-cpu-llcc-bw/bw_hwmon/sample_ms with value: 4, fd: -1
01-30 22:42:13.004 W/libperfmgr(  723): Failed to write to node: /sys/class/devfreq/soc:qcom,cpu-cpu-llcc-bw/bw_hwmon/io_percent with value: 34, fd: -1
01-30 22:42:13.004 W/libperfmgr(  723): Failed to write to node: /sys/class/devfreq/soc:qcom,cpu-llcc-ddr-bw/bw_hwmon/sample_ms with value: 4, fd: -1
01-30 22:42:13.004 W/libperfmgr(  723): Failed to write to node: /sys/class/devfreq/soc:qcom,cpu-llcc-ddr-bw/bw_hwmon/hyst_length with value: 10, fd: -1
01-30 22:42:13.004 W/libperfmgr(  723): Failed to write to node: /sys/class/devfreq/soc:qcom,cpu-llcc-ddr-bw/bw_hwmon/hyst_trigger_count with value: 3, fd: -1
01-30 22:42:13.007 I/ActivityTaskManager( 1697): START u0 {act=android.settings.APPLICATION_DEVELOPMENT_SETTINGS flg=0x10008000 cmp=com.android.settings/.Settings$DevelopmentSettingsDashboardActivity} from uid 10293
01-30 22:42:13.007 D/CompatibilityChangeReporter( 1697): Compat change id reported: 194480991; UID 1000; state: ENABLED
01-30 22:42:13.008 I/ActivityTaskManager( 1697): Launching r: ActivityRecord{c620e42 u0 com.android.settings/.Settings$DevelopmentSettingsDashboardActivity} from background: ActivityRecord{4719e0c u0 moe.shizuku.privileged.api/moe.shizuku.manager.MainActivity} t40}. New task: false
01-30 22:42:13.011 D/CompatibilityChangeReporter( 1697): Compat change id reported: 174042980; UID 1000; state: DISABLED
01-30 22:42:13.012 W/libperfmgr(  723): Failed to write to node: /sys/class/devfreq/soc:qcom,cpu-cpu-llcc-bw/bw_hwmon/hyst_trigger_count with value: 0, fd: -1
01-30 22:42:13.012 W/libperfmgr(  723): Failed to write to node: /sys/class/devfreq/soc:qcom,cpu-cpu-llcc-bw/bw_hwmon/hist_memory with value: 0, fd: -1
01-30 22:42:13.012 W/libperfmgr(  723): Failed to write to node: /sys/class/devfreq/soc:qcom,cpu-cpu-llcc-bw/bw_hwmon/hyst_length with value: 0, fd: -1
01-30 22:42:13.012 W/libperfmgr(  723): Failed to write to node: /sys/class/devfreq/soc:qcom,cpu-cpu-llcc-bw/bw_hwmon/sample_ms with value: 4, fd: -1
01-30 22:42:13.012 W/libperfmgr(  723): Failed to write to node: /sys/class/devfreq/soc:qcom,cpu-cpu-llcc-bw/bw_hwmon/io_percent with value: 34, fd: -1
01-30 22:42:13.012 W/libperfmgr(  723): Failed to write to node: /sys/class/devfreq/soc:qcom,cpu-llcc-ddr-bw/bw_hwmon/sample_ms with value: 4, fd: -1
01-30 22:42:13.012 W/libperfmgr(  723): Failed to write to node: /sys/class/devfreq/soc:qcom,cpu-llcc-ddr-bw/bw_hwmon/hyst_length with value: 10, fd: -1
01-30 22:42:13.012 W/libperfmgr(  723): Failed to write to node: /sys/class/devfreq/soc:qcom,cpu-llcc-ddr-bw/bw_hwmon/hyst_trigger_count with value: 3, fd: -1
01-30 22:42:13.012 W/libperfmgr(  723): Failed to write to node: /sys/class/devfreq/soc:qcom,cpu-cpu-llcc-bw/bw_hwmon/hyst_trigger_count with value: 0, fd: -1
01-30 22:42:13.012 W/libperfmgr(  723): Failed to write to node: /sys/class/devfreq/soc:qcom,cpu-cpu-llcc-bw/bw_hwmon/hist_memory with value: 0, fd: -1
01-30 22:42:13.012 D/CompatibilityChangeReporter( 1697): Compat change id reported: 205907456; UID 1000; state: ENABLED
01-30 22:42:13.012 W/libperfmgr(  723): Failed to write to node: /sys/class/devfreq/soc:qcom,cpu-cpu-llcc-bw/bw_hwmon/hyst_length with value: 0, fd: -1
01-30 22:42:13.012 W/libperfmgr(  723): Failed to write to node: /sys/class/devfreq/soc:qcom,cpu-cpu-llcc-bw/bw_hwmon/sample_ms with value: 4, fd: -1
01-30 22:42:13.012 W/libperfmgr(  723): Failed to write to node: /sys/class/devfreq/soc:qcom,cpu-cpu-llcc-bw/bw_hwmon/io_percent with value: 34, fd: -1
01-30 22:42:13.012 W/libperfmgr(  723): Failed to write to node: /sys/class/devfreq/soc:qcom,cpu-llcc-ddr-bw/bw_hwmon/sample_ms with value: 4, fd: -1
01-30 22:42:13.012 W/libperfmgr(  723): Failed to write to node: /sys/class/devfreq/soc:qcom,cpu-llcc-ddr-bw/bw_hwmon/hyst_length with value: 10, fd: -1
01-30 22:42:13.012 W/libperfmgr(  723): Failed to write to node: /sys/class/devfreq/soc:qcom,cpu-llcc-ddr-bw/bw_hwmon/hyst_trigger_count with value: 3, fd: -1
01-30 22:42:13.017 W/ActivityTaskManager( 1697): Tried to set launchTime (0) < mLastActivityLaunchTime (1251434)
01-30 22:42:13.021 W/InputManager-JNI( 1697): Input channel object 'c6108bf com.android.settings/com.android.settings.SubSettings (client)' was disposed without first being removed with the input manager!
01-30 22:42:13.021 W/ProcessStats( 1697): Tracking association SourceState{5255651 com.kieronquinn.app.ambientmusicmod/10336 BTopFgs #14402} whose proc state 2 is better than process ProcessState{5d50c45 com.kieronquinn.app.pixelambientmusic/10363 pkg=com.kieronquinn.app.pixelambientmusic} proc state 3 (8 skipped)
01-30 22:42:13.022 W/WindowManager( 1697): Failed looking up window session=Session{dddee7f 21710:1000} callers=com.android.server.wm.WindowManagerService.windowForClientLocked:5985 com.android.server.wm.Session.setOnBackInvokedCallbackInfo:937 android.view.IWindowSession$Stub.onTransact:1180 
01-30 22:42:13.022 E/WindowManager( 1697): setOnBackInvokedCallback(): No window state for package:com.android.settings
01-30 22:42:13.025 W/UsageStatsService( 1697): Unexpected activity event reported! (com.android.settings/com.android.settings.SubSettings event : 23 instanceId : 210498608)
01-30 22:42:13.026 D/BluetoothA2dp(21710): Unbinding service...
01-30 22:42:13.027 D/CoreBackPreview( 1697): Window{99f44cb u0 Splash Screen com.android.settings}: Setting back callback OnBackInvokedCallbackInfo{mCallback=android.window.IOnBackInvokedCallback$Stub$Proxy@4076bc1, mPriority=0}
01-30 22:42:13.029 W/InputManager-JNI( 1697): Input channel object 'b826571 com.android.settings/com.android.settings.Settings$DevelopmentSettingsDashboardActivity (client)' was disposed without first being removed with the input manager!
01-30 22:42:13.030 W/WindowManager( 1697): Failed looking up window session=Session{dddee7f 21710:1000} callers=com.android.server.wm.WindowManagerService.windowForClientLocked:5985 com.android.server.wm.Session.setOnBackInvokedCallbackInfo:937 android.view.IWindowSession$Stub.onTransact:1180 
01-30 22:42:13.030 E/WindowManager( 1697): setOnBackInvokedCallback(): No window state for package:com.android.settings
01-30 22:42:13.030 W/UsageStatsService( 1697): Unexpected activity event reported! (com.android.settings/com.android.settings.Settings$DevelopmentSettingsDashboardActivity event : 23 instanceId : 182034864)
01-30 22:42:13.034 D/ActivityEmbeddingUtils(21710): isFlagEnabled = true
01-30 22:42:13.034 D/ActivityEmbeddingUtils(21710): isSplitSupported = false
01-30 22:42:13.034 E/OpenGLRenderer( 2456): Unable to match the desired swap behavior.
01-30 22:42:13.036 W/Parcel  ( 2456): Expecting binder but got null!
01-30 22:42:13.039 D/SettingsActivity(21710): Starting onCreate
01-30 22:42:13.042 D/SettingsActivity(21710): Starting to set activity title
01-30 22:42:13.042 D/SettingsActivity(21710): Done setting title
01-30 22:42:13.042 D/SettingsActivity(21710): Switching to fragment com.android.settings.development.DevelopmentSettingsDashboardFragment
01-30 22:42:13.051 W/OemUnlockPreferenceController(21710): oem_unlock not supported.
01-30 22:42:13.051 D/ForcePeakRefreshRateCtr(21710): DEFAULT_REFRESH_RATE : 60.0 mPeakRefreshRate : 120.00001
01-30 22:42:13.059 D/PrefCtrlListHelper(21710): Could not find Context-only controller for pref: com.android.settings.notification.ImportanceResetPreferenceController
01-30 22:42:13.060 D/PrefCtrlListHelper(21710): Could not find Context-only controller for pref: com.android.settings.location.LocationIndicatorsPreferenceController
01-30 22:42:13.061 E/UserRestrictionsUtils( 1697): Unknown restriction queried by uid 1000 (org.lineageos.setupwizard et al): null
01-30 22:42:13.061 W/libperfmgr(  723): Failed to write to node: /sys/class/devfreq/soc:qcom,cpu-cpu-llcc-bw/bw_hwmon/hyst_trigger_count with value: 0, fd: -1
01-30 22:42:13.061 W/libperfmgr(  723): Failed to write to node: /sys/class/devfreq/soc:qcom,cpu-cpu-llcc-bw/bw_hwmon/hist_memory with value: 0, fd: -1
01-30 22:42:13.061 W/libperfmgr(  723): Failed to write to node: /sys/class/devfreq/soc:qcom,cpu-cpu-llcc-bw/bw_hwmon/hyst_length with value: 0, fd: -1
01-30 22:42:13.061 W/libperfmgr(  723): Failed to write to node: /sys/class/devfreq/soc:qcom,cpu-cpu-llcc-bw/bw_hwmon/sample_ms with value: 4, fd: -1
01-30 22:42:13.061 W/libperfmgr(  723): Failed to write to node: /sys/class/devfreq/soc:qcom,cpu-cpu-llcc-bw/bw_hwmon/io_percent with value: 34, fd: -1
01-30 22:42:13.061 W/libperfmgr(  723): Failed to write to node: /sys/class/devfreq/soc:qcom,cpu-llcc-ddr-bw/bw_hwmon/sample_ms with value: 4, fd: -1
01-30 22:42:13.061 W/libperfmgr(  723): Failed to write to node: /sys/class/devfreq/soc:qcom,cpu-llcc-ddr-bw/bw_hwmon/hyst_length with value: 10, fd: -1
01-30 22:42:13.061 W/libperfmgr(  723): Failed to write to node: /sys/class/devfreq/soc:qcom,cpu-llcc-ddr-bw/bw_hwmon/hyst_trigger_count with value: 3, fd: -1
01-30 22:42:13.061 E/UserRestrictionsUtils( 1697): Unknown restriction queried by uid 1000 (org.lineageos.setupwizard et al): null
01-30 22:42:13.062 E/UserRestrictionsUtils( 1697): Unknown restriction queried by uid 1000 (org.lineageos.setupwizard et al): null
01-30 22:42:13.062 E/UserRestrictionsUtils( 1697): Unknown restriction queried by uid 1000 (org.lineageos.setupwizard et al): null
01-30 22:42:13.063 E/UserRestrictionsUtils( 1697): Unknown restriction queried by uid 1000 (org.lineageos.setupwizard et al): null
01-30 22:42:13.064 E/UserRestrictionsUtils( 1697): Unknown restriction queried by uid 1000 (org.lineageos.setupwizard et al): null
01-30 22:42:13.066 E/UserRestrictionsUtils( 1697): Unknown restriction queried by uid 1000 (org.lineageos.setupwizard et al): null
01-30 22:42:13.072 I/servicemanager(  620): Could not find android.hardware.dumpstate.IDumpstateDevice/default in the VINTF manifest.
01-30 22:42:13.072 I/hwservicemanager(  621): getTransport: Cannot find entry android.hardware.dumpstate@1.1::IDumpstateDevice/default in either framework or device VINTF manifest.
01-30 22:42:13.073 I/hwservicemanager(  621): getTransport: Cannot find entry android.hardware.dumpstate@1.0::IDumpstateDevice/default in either framework or device VINTF manifest.
01-30 22:42:13.094 W/audio_hw_primary(  959): out_write: underrun(15) frames_by_time(503) > out->last_fifo_frames_remaining(384)
01-30 22:42:13.099 I/ProcessStatsService( 1697): Added stats: 2023-01-30-20-14-02, over +2h6m41s335ms
01-30 22:42:13.109 W/SparseMappingTable(21710): Invalid stats at index 0 -- SparseMappingTable.Table{mSequence=1 mParent.mSequence=1 mParent.mLongs.size()=3 mSize=7 mTable=[0xf/0x3/0x0, 0x41/0x3/0x1, 0x44/0x3/0x2, 0x49/0x3/0x3, 0x4c/0x3/0x4, 0x4d/0x3/0x5, 0x4f/0x3/0x6] clazz=com.android.internal.app.procstats.DurationsTable}
01-30 22:42:13.110 D/DevSettingsDashboard(21710): NO dashboard tiles for DevSettingsDashboard
01-30 22:42:13.111 D/DevSettingsDashboard(21710): All preferences added, reporting fully drawn
01-30 22:42:13.113 D/SettingsActivity(21710): Executed frag manager pendingTransactions
01-30 22:42:13.115 D/BluetoothA2dp(21710): Binding service...
01-30 22:42:13.128 I/servicemanager(  620): Could not find android.hardware.dumpstate.IDumpstateDevice/default in the VINTF manifest.
01-30 22:42:13.128 I/hwservicemanager(  621): getTransport: Cannot find entry android.hardware.dumpstate@1.1::IDumpstateDevice/default in either framework or device VINTF manifest.
01-30 22:42:13.128 I/hwservicemanager(  621): getTransport: Cannot find entry android.hardware.dumpstate@1.0::IDumpstateDevice/default in either framework or device VINTF manifest.
01-30 22:42:13.130 W/SharedPreferencesLogger(21710): Tried to log unloggable object=
01-30 22:42:13.135 D/AbstractBtDlgCtr(21710): Unable to get current config index. Current codec Config is null.
01-30 22:42:13.135 D/SettingsActivity(21710): No enabled state changed, skipping updateCategory call
01-30 22:42:13.147 W/SharedPreferencesLogger(21710): Tried to log unloggable object=
01-30 22:42:13.147 W/SharedPreferencesLogger(21710): Tried to log unloggable object=false
01-30 22:42:13.148 W/SharedPreferencesLogger(21710): Tried to log unloggable object=device_default
01-30 22:42:13.149 W/SharedPreferencesLogger(21710): Tried to log unloggable object=avrcp15
01-30 22:42:13.150 I/servicemanager(  620): Could not find android.hardware.dumpstate.IDumpstateDevice/default in the VINTF manifest.
