01-30 22:41:52.149 W/System.err(20968): 	at com.mbridge.msdk.mbnative.controller.NativeController.b(Unknown Source:959)
01-30 22:41:52.149 W/System.err(20968): 	at com.mbridge.msdk.mbnative.controller.NativeController.a(Unknown Source:76)
01-30 22:41:52.149 W/System.err(20968): 	at com.mbridge.msdk.mbnative.controller.NativeController.b(Unknown Source:56)
01-30 22:41:52.149 W/System.err(20968): 	at com.mbridge.msdk.mbnative.controller.NativeController.a(Unknown Source:700)
01-30 22:41:52.149 W/System.err(20968): 	at com.mbridge.msdk.mbnative.e.a.a(Unknown Source:44)
01-30 22:41:52.149 W/System.err(20968): 	at com.mbridge.msdk.mbnative.e.a.a(Unknown Source:3)
01-30 22:41:52.149 W/System.err(20968): 	at com.mbridge.msdk.out.MBNativeHandler.loadMB(Unknown Source:73)
01-30 22:41:52.149 W/System.err(20968): 	at com.mbridge.msdk.out.MBNativeHandler.load(Unknown Source:12)
01-30 22:41:52.149 W/System.err(20968): 	at com.anythink.network.mintegral.MintegralATAdapter.a(Unknown Source:343)
01-30 22:41:52.149 W/System.err(20968): 	at com.anythink.network.mintegral.MintegralATAdapter$1.onSuccess(Unknown Source:16)
01-30 22:41:52.149 W/System.err(20968): 	at com.anythink.network.mintegral.MintegralATInitManager$1.run(Unknown Source:85)
01-30 22:41:52.149 W/System.err(20968): 	at android.os.Handler.handleCallback(Handler.java:942)
01-30 22:41:52.149 W/System.err(20968): 	at android.os.Handler.dispatchMessage(Handler.java:99)
01-30 22:41:52.149 W/System.err(20968): 	at android.os.Looper.loopOnce(Looper.java:201)
01-30 22:41:52.149 W/System.err(20968): 	at android.os.Looper.loop(Looper.java:288)
01-30 22:41:52.149 W/System.err(20968): 	at android.app.ActivityThread.main(ActivityThread.java:7872)
01-30 22:41:52.149 W/System.err(20968): 	at java.lang.reflect.Method.invoke(Native Method)
01-30 22:41:52.149 W/System.err(20968): 	at com.android.internal.os.RuntimeInit$MethodAndArgsCaller.run(RuntimeInit.java:548)
01-30 22:41:52.149 W/System.err(20968): 	at com.android.internal.os.ZygoteInit.main(ZygoteInit.java:946)
01-30 22:41:52.150 W/System.err(20968): Caused by: java.lang.ClassNotFoundException: Didn't find class "com.tencent.mm.opensdk.constants.Build" on path: DexPathList[[zip file "/data/app/~~JXNJJuCGK9TFv___wKa9gw==/com.apkpure.aegon-5z2QQOSxRCTVYH_W1_WdKg==/base.apk"],nativeLibraryDirectories=[/data/app/~~JXNJJuCGK9TFv___wKa9gw==/com.apkpure.aegon-5z2QQOSxRCTVYH_W1_WdKg==/lib/arm, /data/app/~~JXNJJuCGK9TFv___wKa9gw==/com.apkpure.aegon-5z2QQOSxRCTVYH_W1_WdKg==/base.apk!/lib/armeabi-v7a, /system/lib, /system_ext/lib]]
01-30 22:41:52.150 W/System.err(20968): 	at dalvik.system.BaseDexClassLoader.findClass(BaseDexClassLoader.java:259)
01-30 22:41:52.150 W/System.err(20968): 	at java.lang.ClassLoader.loadClass(ClassLoader.java:379)
01-30 22:41:52.150 W/System.err(20968): 	at java.lang.ClassLoader.loadClass(ClassLoader.java:312)
01-30 22:41:52.150 W/System.err(20968): 	... 30 more
01-30 22:41:52.151 W/System.err(20968): java.lang.ClassNotFoundException: com.tencent.mm.opensdk.openapi.IWXAPI
01-30 22:41:52.151 W/System.err(20968): 	at java.lang.Class.classForName(Native Method)
01-30 22:41:52.151 W/System.err(20968): 	at java.lang.Class.forName(Class.java:454)
01-30 22:41:52.151 W/System.err(20968): 	at java.lang.Class.forName(Class.java:379)
01-30 22:41:52.151 W/System.err(20968): 	at com.mbridge.msdk.foundation.tools.y.e(Unknown Source:7)
01-30 22:41:52.151 W/System.err(20968): 	at com.mbridge.msdk.foundation.tools.q.b(Unknown Source:4)
01-30 22:41:52.151 W/System.err(20968): 	at com.mbridge.msdk.foundation.same.net.g.e.a(Unknown Source:100)
01-30 22:41:52.151 W/System.err(20968): 	at com.mbridge.msdk.mbnative.e.a.a.a(Unknown Source:252)
01-30 22:41:52.151 W/System.err(20968): 	at com.mbridge.msdk.foundation.same.net.g.b.b(Unknown Source:22)
01-30 22:41:52.151 W/System.err(20968): 	at com.mbridge.msdk.foundation.same.net.g.b.a(Unknown Source:0)
01-30 22:41:52.151 W/System.err(20968): 	at com.mbridge.msdk.foundation.same.net.g.b.a(Unknown Source:118)
01-30 22:41:52.151 W/System.err(20968): 	at com.mbridge.msdk.foundation.same.net.g.b.a(Unknown Source:10)
01-30 22:41:52.151 W/System.err(20968): 	at com.mbridge.msdk.mbnative.controller.NativeController.b(Unknown Source:959)
01-30 22:41:52.151 W/System.err(20968): 	at com.mbridge.msdk.mbnative.controller.NativeController.a(Unknown Source:76)
01-30 22:41:52.152 W/System.err(20968): 	at com.mbridge.msdk.mbnative.controller.NativeController.b(Unknown Source:56)
01-30 22:41:52.152 W/System.err(20968): 	at com.mbridge.msdk.mbnative.controller.NativeController.a(Unknown Source:700)
01-30 22:41:52.152 W/System.err(20968): 	at com.mbridge.msdk.mbnative.e.a.a(Unknown Source:44)
01-30 22:41:52.152 W/System.err(20968): 	at com.mbridge.msdk.mbnative.e.a.a(Unknown Source:3)
01-30 22:41:52.152 W/System.err(20968): 	at com.mbridge.msdk.out.MBNativeHandler.loadMB(Unknown Source:73)
01-30 22:41:52.152 W/System.err(20968): 	at com.mbridge.msdk.out.MBNativeHandler.load(Unknown Source:12)
01-30 22:41:52.152 W/System.err(20968): 	at com.anythink.network.mintegral.MintegralATAdapter.a(Unknown Source:343)
01-30 22:41:52.152 W/System.err(20968): 	at com.anythink.network.mintegral.MintegralATAdapter$1.onSuccess(Unknown Source:16)
01-30 22:41:52.152 W/System.err(20968): 	at com.anythink.network.mintegral.MintegralATInitManager$1.run(Unknown Source:85)
01-30 22:41:52.152 W/System.err(20968): 	at android.os.Handler.handleCallback(Handler.java:942)
01-30 22:41:52.152 W/System.err(20968): 	at android.os.Handler.dispatchMessage(Handler.java:99)
01-30 22:41:52.152 W/System.err(20968): 	at android.os.Looper.loopOnce(Looper.java:201)
01-30 22:41:52.152 W/System.err(20968): 	at android.os.Looper.loop(Looper.java:288)
01-30 22:41:52.152 W/System.err(20968): 	at android.app.ActivityThread.main(ActivityThread.java:7872)
01-30 22:41:52.152 W/System.err(20968): 	at java.lang.reflect.Method.invoke(Native Method)
01-30 22:41:52.152 W/System.err(20968): 	at com.android.internal.os.RuntimeInit$MethodAndArgsCaller.run(RuntimeInit.java:548)
01-30 22:41:52.152 W/System.err(20968): 	at com.android.internal.os.ZygoteInit.main(ZygoteInit.java:946)
01-30 22:41:52.152 W/System.err(20968): Caused by: java.lang.ClassNotFoundException: Didn't find class "com.tencent.mm.opensdk.openapi.IWXAPI" on path: DexPathList[[zip file "/data/app/~~JXNJJuCGK9TFv___wKa9gw==/com.apkpure.aegon-5z2QQOSxRCTVYH_W1_WdKg==/base.apk"],nativeLibraryDirectories=[/data/app/~~JXNJJuCGK9TFv___wKa9gw==/com.apkpure.aegon-5z2QQOSxRCTVYH_W1_WdKg==/lib/arm, /data/app/~~JXNJJuCGK9TFv___wKa9gw==/com.apkpure.aegon-5z2QQOSxRCTVYH_W1_WdKg==/base.apk!/lib/armeabi-v7a, /system/lib, /system_ext/lib]]
01-30 22:41:52.152 W/System.err(20968): 	at dalvik.system.BaseDexClassLoader.findClass(BaseDexClassLoader.java:259)
01-30 22:41:52.152 W/System.err(20968): 	at java.lang.ClassLoader.loadClass(ClassLoader.java:379)
01-30 22:41:52.152 W/System.err(20968): 	at java.lang.ClassLoader.loadClass(ClassLoader.java:312)
01-30 22:41:52.152 W/System.err(20968): 	... 30 more
01-30 22:41:52.165 W/System.err(20968): java.lang.ClassNotFoundException: com.tencent.mm.opensdk.constants.Build
01-30 22:41:52.165 W/System.err(20968): 	at java.lang.Class.classForName(Native Method)
01-30 22:41:52.165 W/System.err(20968): 	at java.lang.Class.forName(Class.java:454)
01-30 22:41:52.165 W/System.err(20968): 	at java.lang.Class.forName(Class.java:379)
01-30 22:41:52.165 W/System.err(20968): 	at com.mbridge.msdk.foundation.tools.y.d(Unknown Source:2)
01-30 22:41:52.165 W/System.err(20968): 	at com.mbridge.msdk.foundation.tools.q.b(Unknown Source:4)
01-30 22:41:52.165 W/System.err(20968): 	at com.mbridge.msdk.foundation.same.net.g.e.a(Unknown Source:68)
01-30 22:41:52.165 W/System.err(20968): 	at com.mbridge.msdk.mbnative.e.a.a.a(Unknown Source:252)
01-30 22:41:52.165 W/System.err(20968): 	at com.mbridge.msdk.foundation.same.net.g.b.b(Unknown Source:22)
01-30 22:41:52.165 W/System.err(20968): 	at com.mbridge.msdk.foundation.same.net.g.b.a(Unknown Source:0)
01-30 22:41:52.166 W/System.err(20968): 	at com.mbridge.msdk.foundation.same.net.g.b.a(Unknown Source:118)
01-30 22:41:52.166 W/System.err(20968): 	at com.mbridge.msdk.foundation.same.net.g.b.a(Unknown Source:10)
01-30 22:41:52.166 W/System.err(20968): 	at com.mbridge.msdk.mbnative.controller.NativeController.b(Unknown Source:959)
01-30 22:41:52.166 W/System.err(20968): 	at com.mbridge.msdk.mbnative.controller.NativeController.a(Unknown Source:76)
01-30 22:41:52.166 W/System.err(20968): 	at com.mbridge.msdk.mbnative.controller.NativeController.b(Unknown Source:56)
01-30 22:41:52.166 W/System.err(20968): 	at com.mbridge.msdk.mbnative.controller.NativeController.a(Unknown Source:700)
01-30 22:41:52.166 W/System.err(20968): 	at com.mbridge.msdk.mbnative.e.a.a(Unknown Source:44)
01-30 22:41:52.166 W/System.err(20968): 	at com.mbridge.msdk.mbnative.e.a.a(Unknown Source:3)
01-30 22:41:52.166 W/System.err(20968): 	at com.mbridge.msdk.out.MBNativeHandler.loadMB(Unknown Source:73)
01-30 22:41:52.166 W/System.err(20968): 	at com.mbridge.msdk.out.MBNativeHandler.load(Unknown Source:12)
01-30 22:41:52.166 W/System.err(20968): 	at com.anythink.network.mintegral.MintegralATAdapter.a(Unknown Source:343)
01-30 22:41:52.166 W/System.err(20968): 	at com.anythink.network.mintegral.MintegralATAdapter$1.onSuccess(Unknown Source:16)
01-30 22:41:52.166 W/System.err(20968): 	at com.anythink.network.mintegral.MintegralATInitManager$1.run(Unknown Source:85)
01-30 22:41:52.166 W/System.err(20968): 	at android.os.Handler.handleCallback(Handler.java:942)
01-30 22:41:52.166 W/System.err(20968): 	at android.os.Handler.dispatchMessage(Handler.java:99)
01-30 22:41:52.166 W/System.err(20968): 	at android.os.Looper.loopOnce(Looper.java:201)
01-30 22:41:52.166 W/System.err(20968): 	at android.os.Looper.loop(Looper.java:288)
01-30 22:41:52.166 W/System.err(20968): 	at android.app.ActivityThread.main(ActivityThread.java:7872)
01-30 22:41:52.166 W/System.err(20968): 	at java.lang.reflect.Method.invoke(Native Method)
01-30 22:41:52.166 W/System.err(20968): 	at com.android.internal.os.RuntimeInit$MethodAndArgsCaller.run(RuntimeInit.java:548)
01-30 22:41:52.166 W/System.err(20968): 	at com.android.internal.os.ZygoteInit.main(ZygoteInit.java:946)
01-30 22:41:52.166 W/System.err(20968): Caused by: java.lang.ClassNotFoundException: Didn't find class "com.tencent.mm.opensdk.constants.Build" on path: DexPathList[[zip file "/data/app/~~JXNJJuCGK9TFv___wKa9gw==/com.apkpure.aegon-5z2QQOSxRCTVYH_W1_WdKg==/base.apk"],nativeLibraryDirectories=[/data/app/~~JXNJJuCGK9TFv___wKa9gw==/com.apkpure.aegon-5z2QQOSxRCTVYH_W1_WdKg==/lib/arm, /data/app/~~JXNJJuCGK9TFv___wKa9gw==/com.apkpure.aegon-5z2QQOSxRCTVYH_W1_WdKg==/base.apk!/lib/armeabi-v7a, /system/lib, /system_ext/lib]]
01-30 22:41:52.166 W/System.err(20968): 	at dalvik.system.BaseDexClassLoader.findClass(BaseDexClassLoader.java:259)
01-30 22:41:52.166 W/System.err(20968): 	at java.lang.ClassLoader.loadClass(ClassLoader.java:379)
01-30 22:41:52.166 W/System.err(20968): 	at java.lang.ClassLoader.loadClass(ClassLoader.java:312)
01-30 22:41:52.166 W/System.err(20968): 	... 30 more
01-30 22:41:52.167 W/System.err(20968): java.lang.ClassNotFoundException: com.tencent.mm.opensdk.openapi.IWXAPI
01-30 22:41:52.167 W/System.err(20968): 	at java.lang.Class.classForName(Native Method)
01-30 22:41:52.167 W/System.err(20968): 	at java.lang.Class.forName(Class.java:454)
01-30 22:41:52.167 W/System.err(20968): 	at java.lang.Class.forName(Class.java:379)
01-30 22:41:52.167 W/System.err(20968): 	at com.mbridge.msdk.foundation.tools.y.e(Unknown Source:7)
01-30 22:41:52.167 W/System.err(20968): 	at com.mbridge.msdk.foundation.tools.q.b(Unknown Source:4)
01-30 22:41:52.167 W/System.err(20968): 	at com.mbridge.msdk.foundation.same.net.g.e.a(Unknown Source:100)
01-30 22:41:52.167 W/System.err(20968): 	at com.mbridge.msdk.mbnative.e.a.a.a(Unknown Source:252)
01-30 22:41:52.167 W/System.err(20968): 	at com.mbridge.msdk.foundation.same.net.g.b.b(Unknown Source:22)
01-30 22:41:52.167 W/System.err(20968): 	at com.mbridge.msdk.foundation.same.net.g.b.a(Unknown Source:0)
01-30 22:41:52.167 W/System.err(20968): 	at com.mbridge.msdk.foundation.same.net.g.b.a(Unknown Source:118)
01-30 22:41:52.167 W/System.err(20968): 	at com.mbridge.msdk.foundation.same.net.g.b.a(Unknown Source:10)
01-30 22:41:52.167 W/System.err(20968): 	at com.mbridge.msdk.mbnative.controller.NativeController.b(Unknown Source:959)
01-30 22:41:52.167 W/System.err(20968): 	at com.mbridge.msdk.mbnative.controller.NativeController.a(Unknown Source:76)
01-30 22:41:52.167 W/System.err(20968): 	at com.mbridge.msdk.mbnative.controller.NativeController.b(Unknown Source:56)
01-30 22:41:52.167 W/System.err(20968): 	at com.mbridge.msdk.mbnative.controller.NativeController.a(Unknown Source:700)
01-30 22:41:52.167 W/System.err(20968): 	at com.mbridge.msdk.mbnative.e.a.a(Unknown Source:44)
01-30 22:41:52.168 W/System.err(20968): 	at com.mbridge.msdk.mbnative.e.a.a(Unknown Source:3)
01-30 22:41:52.168 W/System.err(20968): 	at com.mbridge.msdk.out.MBNativeHandler.loadMB(Unknown Source:73)
01-30 22:41:52.168 W/System.err(20968): 	at com.mbridge.msdk.out.MBNativeHandler.load(Unknown Source:12)
01-30 22:41:52.168 W/System.err(20968): 	at com.anythink.network.mintegral.MintegralATAdapter.a(Unknown Source:343)
01-30 22:41:52.168 W/System.err(20968): 	at com.anythink.network.mintegral.MintegralATAdapter$1.onSuccess(Unknown Source:16)
01-30 22:41:52.168 W/System.err(20968): 	at com.anythink.network.mintegral.MintegralATInitManager$1.run(Unknown Source:85)
01-30 22:41:52.168 W/System.err(20968): 	at android.os.Handler.handleCallback(Handler.java:942)
01-30 22:41:52.168 W/System.err(20968): 	at android.os.Handler.dispatchMessage(Handler.java:99)
01-30 22:41:52.168 W/System.err(20968): 	at android.os.Looper.loopOnce(Looper.java:201)
01-30 22:41:52.173 W/System.err(20968): 	at android.os.Looper.loop(Looper.java:288)
01-30 22:41:52.173 W/System.err(20968): 	at android.app.ActivityThread.main(ActivityThread.java:7872)
01-30 22:41:52.173 W/System.err(20968): 	at java.lang.reflect.Method.invoke(Native Method)
01-30 22:41:52.173 W/System.err(20968): 	at com.android.internal.os.RuntimeInit$MethodAndArgsCaller.run(RuntimeInit.java:548)
01-30 22:41:52.173 W/System.err(20968): 	at com.android.internal.os.ZygoteInit.main(ZygoteInit.java:946)
01-30 22:41:52.174 W/System.err(20968): Caused by: java.lang.ClassNotFoundException: Didn't find class "com.tencent.mm.opensdk.openapi.IWXAPI" on path: DexPathList[[zip file "/data/app/~~JXNJJuCGK9TFv___wKa9gw==/com.apkpure.aegon-5z2QQOSxRCTVYH_W1_WdKg==/base.apk"],nativeLibraryDirectories=[/data/app/~~JXNJJuCGK9TFv___wKa9gw==/com.apkpure.aegon-5z2QQOSxRCTVYH_W1_WdKg==/lib/arm, /data/app/~~JXNJJuCGK9TFv___wKa9gw==/com.apkpure.aegon-5z2QQOSxRCTVYH_W1_WdKg==/base.apk!/lib/armeabi-v7a, /system/lib, /system_ext/lib]]
01-30 22:41:52.174 W/System.err(20968): 	at dalvik.system.BaseDexClassLoader.findClass(BaseDexClassLoader.java:259)
01-30 22:41:52.174 W/System.err(20968): 	at java.lang.ClassLoader.loadClass(ClassLoader.java:379)
01-30 22:41:52.174 W/System.err(20968): 	at java.lang.ClassLoader.loadClass(ClassLoader.java:312)
01-30 22:41:52.174 W/System.err(20968): 	... 30 more
01-30 22:41:52.198 D/TrafficStats(20968): tagSocket(315) with statsTag=0xffffffff, statsUid=-1
01-30 22:41:52.209 D/TrafficStats(20968): tagSocket(316) with statsTag=0xffffffff, statsUid=-1
01-30 22:41:52.268 W/libperfmgr(  723): Failed to write to node: /sys/class/devfreq/soc:qcom,cpu-cpu-llcc-bw/bw_hwmon/hyst_trigger_count with value: 3, fd: -1
01-30 22:41:52.268 W/libperfmgr(  723): Failed to write to node: /sys/class/devfreq/soc:qcom,cpu-cpu-llcc-bw/bw_hwmon/hist_memory with value: 20, fd: -1
01-30 22:41:52.268 W/libperfmgr(  723): Failed to write to node: /sys/class/devfreq/soc:qcom,cpu-cpu-llcc-bw/bw_hwmon/hyst_length with value: 10, fd: -1
01-30 22:41:52.268 W/libperfmgr(  723): Failed to write to node: /sys/class/devfreq/soc:qcom,cpu-cpu-llcc-bw/bw_hwmon/sample_ms with value: 4, fd: -1
01-30 22:41:52.268 W/libperfmgr(  723): Failed to write to node: /sys/class/devfreq/soc:qcom,cpu-cpu-llcc-bw/bw_hwmon/io_percent with value: 34, fd: -1
01-30 22:41:52.268 W/libperfmgr(  723): Failed to write to node: /sys/class/devfreq/soc:qcom,cpu-llcc-ddr-bw/bw_hwmon/sample_ms with value: 4, fd: -1
01-30 22:41:52.268 W/libperfmgr(  723): Failed to write to node: /sys/class/devfreq/soc:qcom,cpu-llcc-ddr-bw/bw_hwmon/hyst_length with value: 10, fd: -1
01-30 22:41:52.268 W/libperfmgr(  723): Failed to write to node: /sys/class/devfreq/soc:qcom,cpu-llcc-ddr-bw/bw_hwmon/hyst_trigger_count with value: 3, fd: -1
01-30 22:41:52.381 D/LocalImageResolver( 2456): Couldn't use ImageDecoder for drawable, falling back to non-resized load.
01-30 22:41:52.384 D/LocalImageResolver( 2456): Couldn't use ImageDecoder for drawable, falling back to non-resized load.
01-30 22:41:52.395 D/LocalImageResolver( 2456): Couldn't use ImageDecoder for drawable, falling back to non-resized load.
01-30 22:41:52.397 D/LocalImageResolver( 2456): Couldn't use ImageDecoder for drawable, falling back to non-resized load.
01-30 22:41:52.406 W/TouchableRegionManager( 2456): onHeadsUpPinnedModeChanged
01-30 22:41:52.409 W/OnBackInvokedCallback( 2456): OnBackInvokedCallback is not enabled for the application.
01-30 22:41:52.409 W/OnBackInvokedCallback( 2456): Set 'android:enableOnBackInvokedCallback="true"' in the application manifest.
01-30 22:41:52.409 D/CentralSurfaces( 2456): Received new disable state: enaihbcrso.qingr (unchanged)
01-30 22:41:52.465 I/kickstart( 1797): STATUS: Wrote to /sys/power/wake_lock
01-30 22:41:52.477 E/OpenGLRenderer( 2456): Unable to match the desired swap behavior.
01-30 22:41:52.477 I/kickstart( 1797): STATUS: Opening file '/dev/block/bootdevice/by-name/mdm1m9kefs2' for writing
01-30 22:41:52.492 I/AiAiEcho( 6988): Settings changed for uri: content://settings/secure/show_qr_code_scanner_setting
01-30 22:41:52.614 W/System.err(20968): java.lang.ClassNotFoundException: com.tencent.mm.opensdk.constants.Build
01-30 22:41:52.614 W/System.err(20968): 	at java.lang.Class.classForName(Native Method)
01-30 22:41:52.614 W/System.err(20968): 	at java.lang.Class.forName(Class.java:454)
01-30 22:41:52.614 W/System.err(20968): 	at java.lang.Class.forName(Class.java:379)
01-30 22:41:52.614 W/System.err(20968): 	at com.mbridge.msdk.foundation.tools.y.d(Unknown Source:2)
01-30 22:41:52.614 W/System.err(20968): 	at com.mbridge.msdk.foundation.tools.q.b(Unknown Source:4)
01-30 22:41:52.614 W/System.err(20968): 	at com.mbridge.msdk.foundation.same.net.g.e.a(Unknown Source:68)
01-30 22:41:52.614 W/System.err(20968): 	at com.mbridge.msdk.mbnative.e.a.a.a(Unknown Source:252)
01-30 22:41:52.614 W/System.err(20968): 	at com.mbridge.msdk.foundation.same.net.g.b.b(Unknown Source:22)
01-30 22:41:52.614 W/System.err(20968): 	at com.mbridge.msdk.foundation.same.net.g.b.a(Unknown Source:0)
01-30 22:41:52.614 W/System.err(20968): 	at com.mbridge.msdk.foundation.same.net.g.b.a(Unknown Source:118)
01-30 22:41:52.614 W/System.err(20968): 	at com.mbridge.msdk.foundation.same.net.g.b.a(Unknown Source:10)
01-30 22:41:52.614 W/System.err(20968): 	at com.mbridge.msdk.mbnative.controller.NativeController.b(Unknown Source:959)
01-30 22:41:52.614 W/System.err(20968): 	at com.mbridge.msdk.mbnative.controller.NativeController.a(Unknown Source:76)
01-30 22:41:52.614 W/System.err(20968): 	at com.mbridge.msdk.mbnative.controller.NativeController.b(Unknown Source:56)
01-30 22:41:52.614 W/System.err(20968): 	at com.mbridge.msdk.mbnative.controller.NativeController.a(Unknown Source:700)
01-30 22:41:52.614 W/System.err(20968): 	at com.mbridge.msdk.mbnative.e.a.a(Unknown Source:44)
01-30 22:41:52.614 W/System.err(20968): 	at com.mbridge.msdk.mbnative.e.a.a(Unknown Source:3)
01-30 22:41:52.614 W/System.err(20968): 	at com.mbridge.msdk.out.MBNativeHandler.loadMB(Unknown Source:73)
01-30 22:41:52.614 W/System.err(20968): 	at com.mbridge.msdk.out.MBNativeHandler.load(Unknown Source:12)
01-30 22:41:52.614 W/System.err(20968): 	at com.anythink.network.mintegral.MintegralATAdapter.a(Unknown Source:343)
01-30 22:41:52.614 W/System.err(20968): 	at com.anythink.network.mintegral.MintegralATAdapter$1.onSuccess(Unknown Source:16)
01-30 22:41:52.615 W/System.err(20968): 	at com.anythink.network.mintegral.MintegralATInitManager$1.run(Unknown Source:85)
01-30 22:41:52.615 W/System.err(20968): 	at android.os.Handler.handleCallback(Handler.java:942)
01-30 22:41:52.615 W/System.err(20968): 	at android.os.Handler.dispatchMessage(Handler.java:99)
01-30 22:41:52.615 W/System.err(20968): 	at android.os.Looper.loopOnce(Looper.java:201)
01-30 22:41:52.615 W/System.err(20968): 	at android.os.Looper.loop(Looper.java:288)
01-30 22:41:52.615 W/System.err(20968): 	at android.app.ActivityThread.main(ActivityThread.java:7872)
01-30 22:41:52.615 W/System.err(20968): 	at java.lang.reflect.Method.invoke(Native Method)
01-30 22:41:52.615 W/System.err(20968): 	at com.android.internal.os.RuntimeInit$MethodAndArgsCaller.run(RuntimeInit.java:548)
01-30 22:41:52.615 W/System.err(20968): 	at com.android.internal.os.ZygoteInit.main(ZygoteInit.java:946)
01-30 22:41:52.615 W/System.err(20968): Caused by: java.lang.ClassNotFoundException: Didn't find class "com.tencent.mm.opensdk.constants.Build" on path: DexPathList[[zip file "/data/app/~~JXNJJuCGK9TFv___wKa9gw==/com.apkpure.aegon-5z2QQOSxRCTVYH_W1_WdKg==/base.apk"],nativeLibraryDirectories=[/data/app/~~JXNJJuCGK9TFv___wKa9gw==/com.apkpure.aegon-5z2QQOSxRCTVYH_W1_WdKg==/lib/arm, /data/app/~~JXNJJuCGK9TFv___wKa9gw==/com.apkpure.aegon-5z2QQOSxRCTVYH_W1_WdKg==/base.apk!/lib/armeabi-v7a, /system/lib, /system_ext/lib]]
01-30 22:41:52.615 W/System.err(20968): 	at dalvik.system.BaseDexClassLoader.findClass(BaseDexClassLoader.java:259)
01-30 22:41:52.615 W/System.err(20968): 	at java.lang.ClassLoader.loadClass(ClassLoader.java:379)
01-30 22:41:52.615 W/System.err(20968): 	at java.lang.ClassLoader.loadClass(ClassLoader.java:312)
01-30 22:41:52.615 W/System.err(20968): 	... 30 more
01-30 22:41:52.616 W/System.err(20968): java.lang.ClassNotFoundException: com.tencent.mm.opensdk.openapi.IWXAPI
01-30 22:41:52.616 W/System.err(20968): 	at java.lang.Class.classForName(Native Method)
01-30 22:41:52.616 W/System.err(20968): 	at java.lang.Class.forName(Class.java:454)
01-30 22:41:52.616 W/System.err(20968): 	at java.lang.Class.forName(Class.java:379)
01-30 22:41:52.616 W/System.err(20968): 	at com.mbridge.msdk.foundation.tools.y.e(Unknown Source:7)
01-30 22:41:52.616 W/System.err(20968): 	at com.mbridge.msdk.foundation.tools.q.b(Unknown Source:4)
01-30 22:41:52.616 W/System.err(20968): 	at com.mbridge.msdk.foundation.same.net.g.e.a(Unknown Source:100)
01-30 22:41:52.616 W/System.err(20968): 	at com.mbridge.msdk.mbnative.e.a.a.a(Unknown Source:252)
01-30 22:41:52.616 W/System.err(20968): 	at com.mbridge.msdk.foundation.same.net.g.b.b(Unknown Source:22)
01-30 22:41:52.616 W/System.err(20968): 	at com.mbridge.msdk.foundation.same.net.g.b.a(Unknown Source:0)
01-30 22:41:52.616 W/System.err(20968): 	at com.mbridge.msdk.foundation.same.net.g.b.a(Unknown Source:118)
01-30 22:41:52.616 W/System.err(20968): 	at com.mbridge.msdk.foundation.same.net.g.b.a(Unknown Source:10)
01-30 22:41:52.616 W/System.err(20968): 	at com.mbridge.msdk.mbnative.controller.NativeController.b(Unknown Source:959)
01-30 22:41:52.616 W/System.err(20968): 	at com.mbridge.msdk.mbnative.controller.NativeController.a(Unknown Source:76)
01-30 22:41:52.616 W/System.err(20968): 	at com.mbridge.msdk.mbnative.controller.NativeController.b(Unknown Source:56)
01-30 22:41:52.616 W/System.err(20968): 	at com.mbridge.msdk.mbnative.controller.NativeController.a(Unknown Source:700)
01-30 22:41:52.616 W/System.err(20968): 	at com.mbridge.msdk.mbnative.e.a.a(Unknown Source:44)
01-30 22:41:52.616 W/System.err(20968): 	at com.mbridge.msdk.mbnative.e.a.a(Unknown Source:3)
01-30 22:41:52.616 W/System.err(20968): 	at com.mbridge.msdk.out.MBNativeHandler.loadMB(Unknown Source:73)
01-30 22:41:52.616 W/System.err(20968): 	at com.mbridge.msdk.out.MBNativeHandler.load(Unknown Source:12)
01-30 22:41:52.616 W/System.err(20968): 	at com.anythink.network.mintegral.MintegralATAdapter.a(Unknown Source:343)
01-30 22:41:52.616 W/System.err(20968): 	at com.anythink.network.mintegral.MintegralATAdapter$1.onSuccess(Unknown Source:16)
01-30 22:41:52.616 W/System.err(20968): 	at com.anythink.network.mintegral.MintegralATInitManager$1.run(Unknown Source:85)
01-30 22:41:52.616 W/System.err(20968): 	at android.os.Handler.handleCallback(Handler.java:942)
01-30 22:41:52.616 W/System.err(20968): 	at android.os.Handler.dispatchMessage(Handler.java:99)
01-30 22:41:52.616 W/System.err(20968): 	at android.os.Looper.loopOnce(Looper.java:201)
01-30 22:41:52.616 W/System.err(20968): 	at android.os.Looper.loop(Looper.java:288)
01-30 22:41:52.616 W/System.err(20968): 	at android.app.ActivityThread.main(ActivityThread.java:7872)
01-30 22:41:52.616 W/System.err(20968): 	at java.lang.reflect.Method.invoke(Native Method)
01-30 22:41:52.616 W/System.err(20968): 	at com.android.internal.os.RuntimeInit$MethodAndArgsCaller.run(RuntimeInit.java:548)
01-30 22:41:52.616 W/System.err(20968): 	at com.android.internal.os.ZygoteInit.main(ZygoteInit.java:946)
01-30 22:41:52.616 W/System.err(20968): Caused by: java.lang.ClassNotFoundException: Didn't find class "com.tencent.mm.opensdk.openapi.IWXAPI" on path: DexPathList[[zip file "/data/app/~~JXNJJuCGK9TFv___wKa9gw==/com.apkpure.aegon-5z2QQOSxRCTVYH_W1_WdKg==/base.apk"],nativeLibraryDirectories=[/data/app/~~JXNJJuCGK9TFv___wKa9gw==/com.apkpure.aegon-5z2QQOSxRCTVYH_W1_WdKg==/lib/arm, /data/app/~~JXNJJuCGK9TFv___wKa9gw==/com.apkpure.aegon-5z2QQOSxRCTVYH_W1_WdKg==/base.apk!/lib/armeabi-v7a, /system/lib, /system_ext/lib]]
01-30 22:41:52.616 W/System.err(20968): 	at dalvik.system.BaseDexClassLoader.findClass(BaseDexClassLoader.java:259)
01-30 22:41:52.617 W/System.err(20968): 	at java.lang.ClassLoader.loadClass(ClassLoader.java:379)
01-30 22:41:52.617 W/System.err(20968): 	at java.lang.ClassLoader.loadClass(ClassLoader.java:312)
01-30 22:41:52.617 W/System.err(20968): 	... 30 more
01-30 22:41:52.623 D/TrafficStats(20968): tagSocket(316) with statsTag=0xffffffff, statsUid=-1
01-30 22:41:52.632 I/kickstart( 1797): STATUS: Received file 'm9kefs2'
01-30 22:41:52.634 I/kickstart( 1797): STATUS: 2097152 bytes transferred in 0.156497 seconds
01-30 22:41:52.634 I/kickstart( 1797): STATUS: Successfully downloaded files from target 
01-30 22:41:52.634 I/kickstart( 1797): STATUS: Wrote to /sys/power/wake_unlock
01-30 22:41:52.639 I/kickstart( 1797): STATUS: Sahara protocol completed
01-30 22:41:52.644 D/TrafficStats(20968): tagSocket(317) with statsTag=0xffffffff, statsUid=-1
01-30 22:41:52.645 D/TrafficStats(20968): tagSocket(323) with statsTag=0xffffffff, statsUid=-1
01-30 22:41:52.769 W/libperfmgr(  723): Failed to write to node: /sys/class/devfreq/soc:qcom,cpu-cpu-llcc-bw/bw_hwmon/hyst_trigger_count with value: 3, fd: -1
01-30 22:41:52.769 W/libperfmgr(  723): Failed to write to node: /sys/class/devfreq/soc:qcom,cpu-cpu-llcc-bw/bw_hwmon/hist_memory with value: 20, fd: -1
01-30 22:41:52.769 W/libperfmgr(  723): Failed to write to node: /sys/class/devfreq/soc:qcom,cpu-cpu-llcc-bw/bw_hwmon/hyst_length with value: 10, fd: -1
01-30 22:41:52.769 W/libperfmgr(  723): Failed to write to node: /sys/class/devfreq/soc:qcom,cpu-cpu-llcc-bw/bw_hwmon/sample_ms with value: 4, fd: -1
01-30 22:41:52.769 W/libperfmgr(  723): Failed to write to node: /sys/class/devfreq/soc:qcom,cpu-cpu-llcc-bw/bw_hwmon/io_percent with value: 34, fd: -1
01-30 22:41:52.769 W/libperfmgr(  723): Failed to write to node: /sys/class/devfreq/soc:qcom,cpu-llcc-ddr-bw/bw_hwmon/sample_ms with value: 4, fd: -1
01-30 22:41:52.769 W/libperfmgr(  723): Failed to write to node: /sys/class/devfreq/soc:qcom,cpu-llcc-ddr-bw/bw_hwmon/hyst_length with value: 10, fd: -1
01-30 22:41:52.769 W/libperfmgr(  723): Failed to write to node: /sys/class/devfreq/soc:qcom,cpu-llcc-ddr-bw/bw_hwmon/hyst_trigger_count with value: 3, fd: -1
01-30 22:41:52.888 D/TrafficStats(20968): tagSocket(315) with statsTag=0xffffffff, statsUid=-1
01-30 22:41:53.270 W/libperfmgr(  723): Failed to write to node: /sys/class/devfreq/soc:qcom,cpu-cpu-llcc-bw/bw_hwmon/hyst_trigger_count with value: 3, fd: -1
01-30 22:41:53.270 W/libperfmgr(  723): Failed to write to node: /sys/class/devfreq/soc:qcom,cpu-cpu-llcc-bw/bw_hwmon/hist_memory with value: 20, fd: -1
01-30 22:41:53.270 W/libperfmgr(  723): Failed to write to node: /sys/class/devfreq/soc:qcom,cpu-cpu-llcc-bw/bw_hwmon/hyst_length with value: 10, fd: -1
01-30 22:41:53.270 W/libperfmgr(  723): Failed to write to node: /sys/class/devfreq/soc:qcom,cpu-cpu-llcc-bw/bw_hwmon/sample_ms with value: 4, fd: -1
01-30 22:41:53.270 W/libperfmgr(  723): Failed to write to node: /sys/class/devfreq/soc:qcom,cpu-cpu-llcc-bw/bw_hwmon/io_percent with value: 34, fd: -1
01-30 22:41:53.270 W/libperfmgr(  723): Failed to write to node: /sys/class/devfreq/soc:qcom,cpu-llcc-ddr-bw/bw_hwmon/sample_ms with value: 4, fd: -1
01-30 22:41:53.271 W/libperfmgr(  723): Failed to write to node: /sys/class/devfreq/soc:qcom,cpu-llcc-ddr-bw/bw_hwmon/hyst_length with value: 10, fd: -1
01-30 22:41:53.271 W/libperfmgr(  723): Failed to write to node: /sys/class/devfreq/soc:qcom,cpu-llcc-ddr-bw/bw_hwmon/hyst_trigger_count with value: 3, fd: -1
01-30 22:41:53.482 W/libperfmgr(  723): Failed to write to node: /sys/class/devfreq/soc:qcom,cpu-cpu-llcc-bw/bw_hwmon/hyst_trigger_count with value: 0, fd: -1
01-30 22:41:53.482 W/libperfmgr(  723): Failed to write to node: /sys/class/devfreq/soc:qcom,cpu-cpu-llcc-bw/bw_hwmon/hist_memory with value: 0, fd: -1
01-30 22:41:53.482 W/libperfmgr(  723): Failed to write to node: /sys/class/devfreq/soc:qcom,cpu-cpu-llcc-bw/bw_hwmon/hyst_length with value: 0, fd: -1
01-30 22:41:53.482 W/libperfmgr(  723): Failed to write to node: /sys/class/devfreq/soc:qcom,cpu-cpu-llcc-bw/bw_hwmon/sample_ms with value: 4, fd: -1
01-30 22:41:53.483 W/libperfmgr(  723): Failed to write to node: /sys/class/devfreq/soc:qcom,cpu-cpu-llcc-bw/bw_hwmon/io_percent with value: 34, fd: -1
01-30 22:41:53.483 W/libperfmgr(  723): Failed to write to node: /sys/class/devfreq/soc:qcom,cpu-llcc-ddr-bw/bw_hwmon/sample_ms with value: 4, fd: -1
01-30 22:41:53.483 W/libperfmgr(  723): Failed to write to node: /sys/class/devfreq/soc:qcom,cpu-llcc-ddr-bw/bw_hwmon/hyst_length with value: 10, fd: -1
01-30 22:41:53.483 W/libperfmgr(  723): Failed to write to node: /sys/class/devfreq/soc:qcom,cpu-llcc-ddr-bw/bw_hwmon/hyst_trigger_count with value: 3, fd: -1
01-30 22:41:53.569 D/DlbDap2Process(  959): process() called [88500] times with input channel mask 0x3 (ProcessingMode=1)
01-30 22:41:53.573 D/CentralSurfaces( 2456): Received new disable state: enaihbcrso.qingr (unchanged)
01-30 22:41:53.595 I/GoogleInputMethodService( 3351): GoogleInputMethodService.onFinishInput():3227 
01-30 22:41:53.596 I/GoogleInputMethodService( 3351): GoogleInputMethodService.updateDeviceLockedStatus():2087 repeatCheckTimes = 0, unlocked = true
01-30 22:41:53.596 I/GoogleInputMethodService( 3351): GoogleInputMethodService.onStartInput():1877 onStartInput(EditorInfo{inputType=0x2c041(ShortMessage) imeOptions=0x52000004 privateImeOptions=null actionName=SEND actionLabel=null actionId=0 initialSelStart=0 initialSelEnd=0 initialCapsMode=0x2000 hintText=non-empty label=null packageName=com.android.systemui fieldId=2131363152 fieldName=null extras=null}, false)
01-30 22:41:53.596 I/GoogleInputMethodService( 3351): GoogleInputMethodService.shouldHideHeaderOnInitialState():4008 ShouldHideHeaderOnInitialState = false
01-30 22:41:53.597 I/GoogleInputMethodService( 3351): GoogleInputMethodService.updateDeviceLockedStatus():2087 repeatCheckTimes = 2, unlocked = true
01-30 22:41:53.598 D/InputMethodManager( 2456): showSoftInput() view=com.android.systemui.statusbar.policy.RemoteInputView$RemoteEditText{1435d64 VFED..CL. .F...... 33,0-761,136 #7f0a0550 app:id/remote_input_text aid=24} flags=0 reason=SHOW_SOFT_INPUT
01-30 22:41:53.601 I/GoogleInputMethodService( 3351): GoogleInputMethodService.onStartInputView():1995 onStartInputView(EditorInfo{inputType=0x2c041(ShortMessage) imeOptions=0x52000004 privateImeOptions=null actionName=SEND actionLabel=null actionId=0 initialSelStart=0 initialSelEnd=0 initialCapsMode=0x2000 hintText=non-empty label=null packageName=com.android.systemui fieldId=2131363152 fieldName=null extras=null}, false)
01-30 22:41:53.603 I/GoogleInputMethodService( 3351): GoogleInputMethodService.updateDeviceLockedStatus():2087 repeatCheckTimes = 2, unlocked = true
01-30 22:41:53.603 W/ModuleManager( 3351): ModuleManager.loadModule():450 Module erj is not available
01-30 22:41:53.604 I/DeviceModeUtil( 3351): DeviceModeUtil.getDeviceMode():122 Get device mode phone by ui mode:1 and smallestScreenWidthDp:393
01-30 22:41:53.604 I/KeyboardViewUtil( 3351): KeyboardViewUtil.getKeyboardHeightRatio():189 systemKeyboardHeightRatio:1.000000; userKeyboardHeightRatio:1.000000.
01-30 22:41:53.604 I/AndroidIME( 3351): AbstractIme.onActivate():86 LatinIme.onActivate() : EditorInfo = inputType=0x2c041(ShortMessage) imeOptions=0x52000004 privateImeOptions=null actionName=SEND actionLabel=null actionId=0 initialSelStart=0 initialSelEnd=0 initialCapsMode=0x2000 hintText=non-empty label=null packageName=com.android.systemui fieldId=2131363152 fieldName=null extras=null, IncognitoMode = false, DeviceLocked = false
01-30 22:41:53.605 I/Delight5Facilitator( 3351): Delight5Facilitator.initializeForIme():777 initializeForIme() : Locale = [vi], layout = qwerty
01-30 22:41:53.605 I/NgaVoiceInputHandler( 3351): NgaVoiceInputHandler.maybeCreateInputManager():146 VoiceInputHandler:activating
01-30 22:41:53.606 I/LatinIme( 3351): LatinIme.updateEnableInlineSuggestionsOnDecoderSideFlags():1003 inline flag updated to:false
01-30 22:41:53.607 I/KeyboardWrapper( 3351): KeyboardWrapper.consumeEvent():275 Skip consuming an event as current keyboard is deactivated (state=0, keyboard existence=true)
01-30 22:41:53.609 I/KeyboardViewUtil( 3351): KeyboardViewUtil.calculateMaxKeyboardBodyHeight():40 leave 344 height for app when screen height:2400, header height:121 and isFullscreenMode:false, so the max keyboard body height is:1935
01-30 22:41:53.609 I/DeviceModeUtil( 3351): DeviceModeUtil.getDeviceMode():122 Get device mode phone by ui mode:1 and smallestScreenWidthDp:393
01-30 22:41:53.609 I/DeviceModeUtil( 3351): DeviceModeUtil.getDeviceMode():122 Get device mode phone by ui mode:1 and smallestScreenWidthDp:393
01-30 22:41:53.609 I/GoogleInputMethodService( 3351): GoogleInputMethodService.setKeyboardViewShown():3483 setKeyboardViewShown() : type = HEADER, shownType = SHOW_OPTIONAL
01-30 22:41:53.609 I/GoogleInputMethodService( 3351): GoogleInputMethodService.setKeyboardViewShown():3530 setKeyboardViewShown() : shouldShow = true
01-30 22:41:53.609 I/GoogleInputMethodService( 3351): GoogleInputMethodService.setKeyboardViewShown():3483 setKeyboardViewShown() : type = BODY, shownType = SHOW_MANDATORY
01-30 22:41:53.609 I/GoogleInputMethodService( 3351): GoogleInputMethodService.setKeyboardViewShown():3530 setKeyboardViewShown() : shouldShow = true
01-30 22:41:53.609 I/GoogleInputMethodService( 3351): GoogleInputMethodService.setKeyboardViewShown():3483 setKeyboardViewShown() : type = FLOATING_CANDIDATES, shownType = HIDE
01-30 22:41:53.609 I/GoogleInputMethodService( 3351): GoogleInputMethodService.setKeyboardViewShown():3530 setKeyboardViewShown() : shouldShow = false
01-30 22:41:53.610 I/KeyboardViewUtil( 3351): KeyboardViewUtil.calculateMaxKeyboardBodyHeight():40 leave 344 height for app when screen height:2400, header height:121 and isFullscreenMode:false, so the max keyboard body height is:1935
01-30 22:41:53.610 I/DeviceModeUtil( 3351): DeviceModeUtil.getDeviceMode():122 Get device mode phone by ui mode:1 and smallestScreenWidthDp:393
01-30 22:41:53.612 I/DeviceModeUtil( 3351): DeviceModeUtil.getDeviceMode():122 Get device mode phone by ui mode:1 and smallestScreenWidthDp:393
01-30 22:41:53.612 I/KeyboardModeManager( 3351): KeyboardModeManager.setInputView():364 setInputView() : supportsOneHandedMode=true
01-30 22:41:53.612 I/NormalModeController( 3351): NormalModeController.getKeyboardBodyViewHolderPaddingBottom():116 currentPrimeKeyboardType:SOFT systemPaddingBottom:-1
01-30 22:41:53.612 I/AndroidIME( 3351): KeyboardViewManager.updateKeyboardBodyViewHolderPaddingBottom():604 Set finalPaddingBottom = 0 while keyboardBottomGapFromScreen = 0; navigationHeight = 0
01-30 22:41:53.612 I/NormalModeController( 3351): NormalModeController.getKeyboardBodyViewHolderPaddingBottom():116 currentPrimeKeyboardType:SOFT systemPaddingBottom:-1
01-30 22:41:53.612 I/AndroidIME( 3351): KeyboardViewManager.updateKeyboardBodyViewHolderPaddingBottom():604 Set finalPaddingBottom = 0 while keyboardBottomGapFromScreen = 0; navigationHeight = 0
01-30 22:41:53.612 I/KeyboardModeManager( 3351): KeyboardModeManager.setInputView():356 setInputView() : entry=hwz{languageTag=vi, variant=qwerty, hasLocalizedResources=true, conditionCacheKey=_device=phone_device_size=default_enable_adaptive_text_editing=true_enable_inline_suggestions_on_client_side=true_enable_large_tablet_batch_1=false_enable_large_tablet_batch_2=false_enable_more_candidates_view_for_multilingual=false_enable_nav_redesign=true_enable_number_row=true_enable_preemptive_decode=true_enable_secondary_symbols=false_expressions=normal_four_or_more_letter_rows=false_keyboard_mode=normal_language=vi_orientation=portrait_physical_keyboard=nokeys_show_secondary_digits=false_show_suggestions=true_split_with_duplicate_keys=true_variant=qwerty, imeDef.stringId=ime_vietnamese, imeDef.className=com.google.android.apps.inputmethod.libs.latin5.LatinIme, imeDef.languageTag=vi}
01-30 22:41:53.613 I/NgaExtension( 3351): NgaExtension.onActivate():326 NgaExtension#onActivate
01-30 22:41:53.613 I/NgaGrpcClient( 3351): NgaGrpcClient.connectInternal():114 Attempting to connect
01-30 22:41:53.613 I/NgaExtension( 3351): NgaExtension.onActivate():347 NgaExtension: interaction type=4
01-30 22:41:53.614 I/VoiceImeExtension( 3351): VoiceImeExtension.shouldStartVoiceInputAutomatically():383 No private IME option set to start voice input.
01-30 22:41:53.615 W/OnBackInvokedCallback( 2456): OnBackInvokedCallback is not enabled for the application.
01-30 22:41:53.615 W/OnBackInvokedCallback( 2456): Set 'android:enableOnBackInvokedCallback="true"' in the application manifest.
01-30 22:41:53.616 D/BoundBrokerSvc( 3435): onBind: Intent { act=com.google.firebase.dynamiclinks.service.START pkg=com.google.android.gms }
01-30 22:41:53.616 D/BoundBrokerSvc( 3435): Loading bound service for intent: Intent { act=com.google.firebase.dynamiclinks.service.START pkg=com.google.android.gms }
01-30 22:41:53.618 I/OnDeviceChannelBuilder( 3351): OnDeviceChannelBuilder$TransportFactory.newClientTransport():337 Creating cross-process transport to AndroidComponentAddress[Intent { act=grpc.io.action.BIND cmp=com.google.android.googlequicksearchbox/com.google.android.apps.search.assistant.surfaces.dictation.service.endpoint.AssistantDictationService }]
01-30 22:41:53.624 E/OpenGLRenderer( 3351): Unable to match the desired swap behavior.
01-30 22:41:53.624 I/A       ( 3922): (REDACTED) Created gRPC endpoint for service %s
01-30 22:41:53.629 I/A       ( 3922): Rejecting binding: dictation is disabled. [SD]
01-30 22:41:53.637 I/NormalModeController( 3351): NormalModeController.getKeyboardBodyViewHolderPaddingBottom():116 currentPrimeKeyboardType:SOFT systemPaddingBottom:-1
01-30 22:41:53.638 I/Delight5Decoder( 3351): Delight5DecoderWrapper.setKeyboardLayout():457 setKeyboardLayout()
01-30 22:41:53.643 E/NgaGrpcClient( 3351): NgaGrpcClient$1.onFailure():156 Handshake failed!
01-30 22:41:53.643 E/NgaGrpcClient( 3351): ofz: UNIMPLEMENTED: onNullBinding: ComponentInfo{com.google.android.googlequicksearchbox/com.google.android.apps.search.assistant.surfaces.dictation.service.endpoint.AssistantDictationService}
01-30 22:41:53.643 E/NgaGrpcClient( 3351): 	at ofx.i(PG:1)
01-30 22:41:53.643 E/NgaGrpcClient( 3351): 	at osi.aO(PG:6)
01-30 22:41:53.643 E/NgaGrpcClient( 3351): 	at oit.a(PG:3)
01-30 22:41:53.643 E/NgaGrpcClient( 3351): 	at ojm.run(PG:2)
01-30 22:41:53.643 E/NgaGrpcClient( 3351): 	at oom.run(PG:2)
01-30 22:41:53.643 E/NgaGrpcClient( 3351): 	at hca.run(PG:7)
01-30 22:41:53.643 E/NgaGrpcClient( 3351): 	at java.util.concurrent.ThreadPoolExecutor.runWorker(ThreadPoolExecutor.java:1137)
01-30 22:41:53.643 E/NgaGrpcClient( 3351): 	at java.util.concurrent.ThreadPoolExecutor$Worker.run(ThreadPoolExecutor.java:637)
01-30 22:41:53.643 E/NgaGrpcClient( 3351): 	at java.lang.Thread.run(Thread.java:1012)
01-30 22:41:53.643 E/NgaGrpcClient( 3351): 	at hbr.run(PG:2)
01-30 22:41:53.643 W/KeyboardActiveSessionStreamManager( 3351): KeyboardActiveSessionStreamManager$AssistantEventObserver.onError():232 Assistant event stream closed with error.
01-30 22:41:53.643 W/KeyboardActiveSessionStreamManager( 3351): ofz: UNIMPLEMENTED: onNullBinding: ComponentInfo{com.google.android.googlequicksearchbox/com.google.android.apps.search.assistant.surfaces.dictation.service.endpoint.AssistantDictationService}
01-30 22:41:53.643 W/KeyboardActiveSessionStreamManager( 3351): 	at ofx.i(PG:1)
01-30 22:41:53.643 W/KeyboardActiveSessionStreamManager( 3351): 	at osf.aO(PG:3)
01-30 22:41:53.643 W/KeyboardActiveSessionStreamManager( 3351): 	at oit.a(PG:3)
01-30 22:41:53.643 W/KeyboardActiveSessionStreamManager( 3351): 	at ojm.run(PG:2)
01-30 22:41:53.643 W/KeyboardActiveSessionStreamManager( 3351): 	at oom.run(PG:2)
01-30 22:41:53.643 W/KeyboardActiveSessionStreamManager( 3351): 	at hca.run(PG:7)
01-30 22:41:53.643 W/KeyboardActiveSessionStreamManager( 3351): 	at java.util.concurrent.ThreadPoolExecutor.runWorker(ThreadPoolExecutor.java:1137)
01-30 22:41:53.643 W/KeyboardActiveSessionStreamManager( 3351): 	at java.util.concurrent.ThreadPoolExecutor$Worker.run(ThreadPoolExecutor.java:637)
01-30 22:41:53.643 W/KeyboardActiveSessionStreamManager( 3351): 	at java.lang.Thread.run(Thread.java:1012)
01-30 22:41:53.643 W/KeyboardActiveSessionStreamManager( 3351): 	at hbr.run(PG:2)
01-30 22:41:53.645 D/InsetsController( 2456): show(ime(), fromIme=true)
01-30 22:41:53.645 I/KeyboardActiveSessionStreamManager( 3351): KeyboardActiveSessionStreamManager.closeStream():115 Closing stream.
01-30 22:41:53.645 I/KeyboardActiveSessionStreamManager( 3351): KeyboardActiveSessionStreamManager.closeStream():115 Closing stream.
01-30 22:41:53.653 D/BoundBrokerSvc( 3435): onBind: Intent { act=com.google.android.gms.common.BIND_SHARED_PREFS pkg=com.google.android.gms }
01-30 22:41:53.653 D/BoundBrokerSvc( 3435): Loading bound service for intent: Intent { act=com.google.android.gms.common.BIND_SHARED_PREFS pkg=com.google.android.gms }
01-30 22:41:53.656 D/BoundBrokerSvc( 3435): onUnbind: Intent { act=com.google.android.gms.common.BIND_SHARED_PREFS pkg=com.google.android.gms }
01-30 22:41:53.659 D/BoundBrokerSvc( 3435): onBind: Intent { act=com.google.android.gms.common.BIND_SHARED_PREFS pkg=com.google.android.gms }
01-30 22:41:53.659 D/BoundBrokerSvc( 3435): Loading bound service for intent: Intent { act=com.google.android.gms.common.BIND_SHARED_PREFS pkg=com.google.android.gms }
01-30 22:41:53.663 D/BoundBrokerSvc( 3435): onUnbind: Intent { act=com.google.android.gms.common.BIND_SHARED_PREFS pkg=com.google.android.gms }
01-30 22:41:53.810 W/System  ( 2456): A resource failed to call release. 
01-30 22:41:53.810 W/System  ( 2456): A resource failed to call release. 
01-30 22:41:53.812 W/System  ( 2456): A resource failed to call release. 
01-30 22:41:53.812 W/System  ( 2456): A resource failed to call release. 
01-30 22:41:53.813 W/System  ( 2456): A resource failed to call release. 
01-30 22:41:53.814 W/System  ( 2456): A resource failed to call release. 
01-30 22:41:53.814 W/System  ( 2456): A resource failed to call HardwareBuffer.close. 
01-30 22:41:53.814 W/System  ( 2456): A resource failed to call CursorWindow.close. 
01-30 22:41:53.814 W/System  ( 2456): A resource failed to call CursorWrapperInner.close. 
01-30 22:41:53.983 W/libperfmgr(  723): Failed to write to node: /sys/class/devfreq/soc:qcom,cpu-cpu-llcc-bw/bw_hwmon/hyst_trigger_count with value: 0, fd: -1
01-30 22:41:53.983 W/libperfmgr(  723): Failed to write to node: /sys/class/devfreq/soc:qcom,cpu-cpu-llcc-bw/bw_hwmon/hist_memory with value: 0, fd: -1
01-30 22:41:53.983 W/libperfmgr(  723): Failed to write to node: /sys/class/devfreq/soc:qcom,cpu-cpu-llcc-bw/bw_hwmon/hyst_length with value: 0, fd: -1
01-30 22:41:53.983 W/libperfmgr(  723): Failed to write to node: /sys/class/devfreq/soc:qcom,cpu-cpu-llcc-bw/bw_hwmon/sample_ms with value: 4, fd: -1
01-30 22:41:53.983 W/libperfmgr(  723): Failed to write to node: /sys/class/devfreq/soc:qcom,cpu-cpu-llcc-bw/bw_hwmon/io_percent with value: 34, fd: -1
01-30 22:41:53.983 W/libperfmgr(  723): Failed to write to node: /sys/class/devfreq/soc:qcom,cpu-llcc-ddr-bw/bw_hwmon/sample_ms with value: 4, fd: -1
01-30 22:41:53.983 W/libperfmgr(  723): Failed to write to node: /sys/class/devfreq/soc:qcom,cpu-llcc-ddr-bw/bw_hwmon/hyst_length with value: 10, fd: -1
01-30 22:41:53.983 W/libperfmgr(  723): Failed to write to node: /sys/class/devfreq/soc:qcom,cpu-llcc-ddr-bw/bw_hwmon/hyst_trigger_count with value: 3, fd: -1
01-30 22:41:54.282 W/libperfmgr(  723): Failed to write to node: /sys/class/devfreq/soc:qcom,cpu-cpu-llcc-bw/bw_hwmon/hyst_trigger_count with value: 3, fd: -1
01-30 22:41:54.282 W/libperfmgr(  723): Failed to write to node: /sys/class/devfreq/soc:qcom,cpu-cpu-llcc-bw/bw_hwmon/hist_memory with value: 20, fd: -1
01-30 22:41:54.282 W/libperfmgr(  723): Failed to write to node: /sys/class/devfreq/soc:qcom,cpu-cpu-llcc-bw/bw_hwmon/hyst_length with value: 10, fd: -1
01-30 22:41:54.282 W/libperfmgr(  723): Failed to write to node: /sys/class/devfreq/soc:qcom,cpu-cpu-llcc-bw/bw_hwmon/sample_ms with value: 4, fd: -1
01-30 22:41:54.282 W/libperfmgr(  723): Failed to write to node: /sys/class/devfreq/soc:qcom,cpu-cpu-llcc-bw/bw_hwmon/io_percent with value: 34, fd: -1
01-30 22:41:54.282 W/libperfmgr(  723): Failed to write to node: /sys/class/devfreq/soc:qcom,cpu-llcc-ddr-bw/bw_hwmon/sample_ms with value: 4, fd: -1
01-30 22:41:54.282 W/libperfmgr(  723): Failed to write to node: /sys/class/devfreq/soc:qcom,cpu-llcc-ddr-bw/bw_hwmon/hyst_length with value: 10, fd: -1
01-30 22:41:54.282 W/libperfmgr(  723): Failed to write to node: /sys/class/devfreq/soc:qcom,cpu-llcc-ddr-bw/bw_hwmon/hyst_trigger_count with value: 3, fd: -1
01-30 22:41:54.381 W/System  (20968): A resource failed to call close. 
01-30 22:41:54.381 W/System  (20968): A resource failed to call close. 
01-30 22:41:54.382 W/System  (20968): A resource failed to call close. 
01-30 22:41:54.382 W/System  (20968): A resource failed to call close. 
01-30 22:41:54.382 W/System  (20968): A resource failed to call close. 
01-30 22:41:54.382 W/System  (20968): A resource failed to call close. 
01-30 22:41:54.382 W/System  (20968): A resource failed to call close. 
01-30 22:41:54.382 W/System  (20968): A resource failed to call close. 
01-30 22:41:54.383 W/System  (20968): A resource failed to call close. 
01-30 22:41:54.383 W/System  (20968): A resource failed to call close. 
01-30 22:41:54.383 W/System  (20968): A resource failed to call close. 
01-30 22:41:54.383 W/System  (20968): A resource failed to call close. 
01-30 22:41:54.383 W/System  (20968): A resource failed to call close. 
01-30 22:41:54.383 W/System  (20968): A resource failed to call close. 
01-30 22:41:54.383 W/System  (20968): A resource failed to call close. 
01-30 22:41:54.383 W/System  (20968): A resource failed to call close. 
01-30 22:41:54.383 W/System  (20968): A resource failed to call close. 
01-30 22:41:54.383 W/System  (20968): A resource failed to call close. 
01-30 22:41:54.384 W/System  (20968): A resource failed to call close. 
01-30 22:41:54.384 W/System  (20968): A resource failed to call end. 
01-30 22:41:54.388 W/System  (20968): A resource failed to call close. 
01-30 22:41:54.513 I/OnDeviceChannelBuilder( 3351): OnDeviceChannelBuilder$TransportFactory.newClientTransport():337 Creating cross-process transport to AndroidComponentAddress[Intent { act=grpc.io.action.BIND cmp=com.google.android.googlequicksearchbox/com.google.android.apps.search.assistant.surfaces.dictation.service.endpoint.AssistantDictationService }]
01-30 22:41:54.527 I/A       ( 3922): (REDACTED) Created gRPC endpoint for service %s
01-30 22:41:54.529 I/A       ( 3922): Rejecting binding: dictation is disabled. [SD]
01-30 22:41:54.566 I/keystore2(  682): keystore2::watchdog: Watchdog thread idle -> terminating. Have a great day.
01-30 22:41:54.662 W/WindowManager( 1697): removeWindowToken: Attempted to remove non-existing token: android.os.Binder@7290cab
01-30 22:41:54.782 W/libperfmgr(  723): Failed to write to node: /sys/class/devfreq/soc:qcom,cpu-cpu-llcc-bw/bw_hwmon/hyst_trigger_count with value: 3, fd: -1
01-30 22:41:54.782 W/libperfmgr(  723): Failed to write to node: /sys/class/devfreq/soc:qcom,cpu-cpu-llcc-bw/bw_hwmon/hist_memory with value: 20, fd: -1
01-30 22:41:54.782 W/libperfmgr(  723): Failed to write to node: /sys/class/devfreq/soc:qcom,cpu-cpu-llcc-bw/bw_hwmon/hyst_length with value: 10, fd: -1
01-30 22:41:54.782 W/libperfmgr(  723): Failed to write to node: /sys/class/devfreq/soc:qcom,cpu-cpu-llcc-bw/bw_hwmon/sample_ms with value: 4, fd: -1
01-30 22:41:54.783 W/libperfmgr(  723): Failed to write to node: /sys/class/devfreq/soc:qcom,cpu-cpu-llcc-bw/bw_hwmon/io_percent with value: 34, fd: -1
01-30 22:41:54.783 W/libperfmgr(  723): Failed to write to node: /sys/class/devfreq/soc:qcom,cpu-llcc-ddr-bw/bw_hwmon/sample_ms with value: 4, fd: -1
